11-22 16:56:03.892 31580 31617 D UE4     : [2021.11.22-21.56.03:892][112]LogBlueprintUserMessages: [Quest2Pawn_C_2147482531] 387364.03125
11-22 16:56:03.892 31580 31617 D UE4     : [2021.11.22-21.56.03:892][112]LogBlueprintUserMessages: [Quest2Pawn_C_2147482531] P=3.687585 Y=-34.216461 R=-2.545223
11-22 16:56:03.892 31580 31617 D UE4     : [2021.11.22-21.56.03:892][112]LogBlueprintUserMessages: [Quest2Pawn_C_2147482531] X=-3.845 Y=-7.321 Z=0.117
11-22 16:56:04.893 31580 31617 D UE4     : [2021.11.22-21.56.04:893][184]LogBlueprintUserMessages: [Quest2Pawn_C_2147482531] Printing Raw Sensor HMD values 
11-22 16:56:04.894 31580 31617 D UE4     : [2021.11.22-21.56.04:894][184]LogBlueprintUserMessages: [Quest2Pawn_C_2147482531] X=0.073 Y=0.058 Z=0.156
11-22 16:56:04.894 31580 31617 D UE4     : [2021.11.22-21.56.04:894][184]LogBlueprintUserMessages: [Quest2Pawn_C_2147482531] X=-0.014 Y=0.010 Z=0.020
11-22 16:56:04.894 31580 31617 D UE4     : [2021.11.22-21.56.04:894][184]LogBlueprintUserMessages: [Quest2Pawn_C_2147482531] X=-0.001 Y=-0.001 Z=-0.001
11-22 16:56:04.894 31580 31617 D UE4     : [2021.11.22-21.56.04:894][184]LogBlueprintUserMessages: [Quest2Pawn_C_2147482531] X=0.000 Y=0.000 Z=0.002
11-22 16:56:04.894 31580 31617 D UE4     : [2021.11.22-21.56.04:894][184]LogBlueprintUserMessages: [Quest2Pawn_C_2147482531] 387365.03125
11-22 16:56:04.894 31580 31617 D UE4     : [2021.11.22-21.56.04:894][184]LogBlueprintUserMessages: [Quest2Pawn_C_2147482531] P=3.676137 Y=-34.213413 R=-2.539732
11-22 16:56:04.894 31580 31617 D UE4     : [2021.11.22-21.56.04:894][184]LogBlueprintUserMessages: [Quest2Pawn_C_2147482531] X=-3.833 Y=-7.307 Z=0.131
11-22 16:56:04.945 31580 31603 V UE4     : [NetworkChangedManager] Network Capabilities changed, has Internet: true
11-22 16:56:04.953 31580  4804 V UE4     : [NetworkChangedManager] Verifying internet connection with host: https://google.com/
11-22 16:56:05.454 31580  4804 V UE4     : [NetworkChangedManager] Connectivity hasn't changed. Current state: CONNECTION_AVAILABLE
11-22 16:56:05.454 31580  4804 V UE4     : [NetworkChangedManager] Full network check complete. State: CONNECTION_AVAILABLE
11-22 16:56:05.882 31580 31617 D UE4     : [2021.11.22-21.56.05:882][255]LogBlueprintUserMessages: [Quest2Pawn_C_2147482531] Printing Raw Sensor HMD values 
11-22 16:56:05.882 31580 31617 D UE4     : [2021.11.22-21.56.05:882][255]LogBlueprintUserMessages: [Quest2Pawn_C_2147482531] X=-0.233 Y=-0.122 Z=0.010
11-22 16:56:05.882 31580 31617 D UE4     : [2021.11.22-21.56.05:882][255]LogBlueprintUserMessages: [Quest2Pawn_C_2147482531] X=0.013 Y=0.021 Z=0.031
11-22 16:56:05.882 31580 31617 D UE4     : [2021.11.22-21.56.05:882][255]LogBlueprintUserMessages: [Quest2Pawn_C_2147482531] X=-0.001 Y=0.001 Z=-0.001
11-22 16:56:05.883 31580 31617 D UE4     : [2021.11.22-21.56.05:882][255]LogBlueprintUserMessages: [Quest2Pawn_C_2147482531] X=-0.000 Y=-0.000 Z=0.002
11-22 16:56:05.883 31580 31617 D UE4     : [2021.11.22-21.56.05:883][255]LogBlueprintUserMessages: [Quest2Pawn_C_2147482531] 387366.03125
11-22 16:56:05.883 31580 31617 D UE4     : [2021.11.22-21.56.05:883][255]LogBlueprintUserMessages: [Quest2Pawn_C_2147482531] P=3.688616 Y=-34.212719 R=-2.546656
11-22 16:56:05.883 31580 31617 D UE4     : [2021.11.22-21.56.05:883][255]LogBlueprintUserMessages: [Quest2Pawn_C_2147482531] X=-3.839 Y=-7.322 Z=0.129
11-22 16:56:06.885 31580 31617 D UE4     : [2021.11.22-21.56.06:885][327]LogBlueprintUserMessages: [Quest2Pawn_C_2147482531] Printing Raw Sensor HMD values 
11-22 16:56:06.885 31580 31617 D UE4     : [2021.11.22-21.56.06:885][327]LogBlueprintUserMessages: [Quest2Pawn_C_2147482531] X=0.122 Y=-0.222 Z=0.231
11-22 16:56:06.886 31580 31617 D UE4     : [2021.11.22-21.56.06:886][327]LogBlueprintUserMessages: [Quest2Pawn_C_2147482531] X=0.018 Y=0.031 Z=0.049
11-22 16:56:06.886 31580 31617 D UE4     : [2021.11.22-21.56.06:886][327]LogBlueprintUserMessages: [Quest2Pawn_C_2147482531] X=-0.002 Y=-0.000 Z=-0.000
11-22 16:56:06.886 31580 31617 D UE4     : [2021.11.22-21.56.06:886][327]LogBlueprintUserMessages: [Quest2Pawn_C_2147482531] X=0.001 Y=0.000 Z=0.002
11-22 16:56:06.886 31580 31617 D UE4     : [2021.11.22-21.56.06:886][327]LogBlueprintUserMessages: [Quest2Pawn_C_2147482531] 387367.03125
11-22 16:56:06.886 31580 31617 D UE4     : [2021.11.22-21.56.06:886][327]LogBlueprintUserMessages: [Quest2Pawn_C_2147482531] P=3.679265 Y=-34.216293 R=-2.545441
11-22 16:56:06.886 31580 31617 D UE4     : [2021.11.22-21.56.06:886][327]LogBlueprintUserMessages: [Quest2Pawn_C_2147482531] X=-3.829 Y=-7.306 Z=0.129
11-22 16:56:07.888 31580 31617 D UE4     : [2021.11.22-21.56.07:888][399]LogBlueprintUserMessages: [Quest2Pawn_C_2147482531] Printing Raw Sensor HMD values 
11-22 16:56:07.888 31580 31617 D UE4     : [2021.11.22-21.56.07:888][399]LogBlueprintUserMessages: [Quest2Pawn_C_2147482531] X=0.013 Y=-0.001 Z=-0.014
11-22 16:56:07.888 31580 31617 D UE4     : [2021.11.22-21.56.07:888][399]LogBlueprintUserMessages: [Quest2Pawn_C_2147482531] X=0.010 Y=-0.007 Z=0.035
11-22 16:56:07.888 31580 31617 D UE4     : [2021.11.22-21.56.07:888][399]LogBlueprintUserMessages: [Quest2Pawn_C_2147482531] X=-0.001 Y=-0.001 Z=-0.001
11-22 16:56:07.888 31580 31617 D UE4     : [2021.11.22-21.56.07:888][399]LogBlueprintUserMessages: [Quest2Pawn_C_2147482531] X=0.001 Y=-0.001 Z=0.002
11-22 16:56:07.888 31580 31617 D UE4     : [2021.11.22-21.56.07:888][399]LogBlueprintUserMessages: [Quest2Pawn_C_2147482531] 387368.03125
11-22 16:56:07.888 31580 31617 D UE4     : [2021.11.22-21.56.07:888][399]LogBlueprintUserMessages: [Quest2Pawn_C_2147482531] P=3.681192 Y=-34.205589 R=-2.534705
11-22 16:56:07.888 31580 31617 D UE4     : [2021.11.22-21.56.07:888][399]LogBlueprintUserMessages: [Quest2Pawn_C_2147482531] X=-3.819 Y=-7.324 Z=0.133
11-22 16:56:07.996 31580 31603 V UE4     : [NetworkChangedManager] Network Capabilities changed, has Internet: true
11-22 16:56:07.998 31580  4837 V UE4     : [NetworkChangedManager] Verifying internet connection with host: https://google.com/
11-22 16:56:08.488 31580  4837 V UE4     : [NetworkChangedManager] Connectivity hasn't changed. Current state: CONNECTION_AVAILABLE
11-22 16:56:08.488 31580  4837 V UE4     : [NetworkChangedManager] Full network check complete. State: CONNECTION_AVAILABLE
11-22 16:56:08.892 31580 31617 D UE4     : [2021.11.22-21.56.08:892][469]LogBlueprintUserMessages: [Quest2Pawn_C_2147482531] Printing Raw Sensor HMD values 
11-22 16:56:08.892 31580 31617 D UE4     : [2021.11.22-21.56.08:892][469]LogBlueprintUserMessages: [Quest2Pawn_C_2147482531] X=0.041 Y=-0.239 Z=0.147
11-22 16:56:08.892 31580 31617 D UE4     : [2021.11.22-21.56.08:892][469]LogBlueprintUserMessages: [Quest2Pawn_C_2147482531] X=-0.026 Y=0.029 Z=0.043
11-22 16:56:08.892 31580 31617 D UE4     : [2021.11.22-21.56.08:892][469]LogBlueprintUserMessages: [Quest2Pawn_C_2147482531] X=0.002 Y=0.001 Z=0.000
11-22 16:56:08.892 31580 31617 D UE4     : [2021.11.22-21.56.08:892][469]LogBlueprintUserMessages: [Quest2Pawn_C_2147482531] X=-0.000 Y=-0.000 Z=0.002
11-22 16:56:08.892 31580 31617 D UE4     : [2021.11.22-21.56.08:892][469]LogBlueprintUserMessages: [Quest2Pawn_C_2147482531] 387369.03125
11-22 16:56:08.893 31580 31617 D UE4     : [2021.11.22-21.56.08:893][469]LogBlueprintUserMessages: [Quest2Pawn_C_2147482531] P=3.695685 Y=-34.210739 R=-2.526250
11-22 16:56:08.893 31580 31617 D UE4     : [2021.11.22-21.56.08:893][469]LogBlueprintUserMessages: [Quest2Pawn_C_2147482531] X=-3.843 Y=-7.316 Z=0.125
11-22 16:56:09.893 31580 31617 D UE4     : [2021.11.22-21.56.09:893][541]LogBlueprintUserMessages: [Quest2Pawn_C_2147482531] Printing Raw Sensor HMD values 
11-22 16:56:09.893 31580 31617 D UE4     : [2021.11.22-21.56.09:893][541]LogBlueprintUserMessages: [Quest2Pawn_C_2147482531] X=-0.009 Y=0.178 Z=0.005
11-22 16:56:09.893 31580 31617 D UE4     : [2021.11.22-21.56.09:893][541]LogBlueprintUserMessages: [Quest2Pawn_C_2147482531] X=-0.004 Y=-0.015 Z=0.032
11-22 16:56:09.893 31580 31617 D UE4     : [2021.11.22-21.56.09:893][541]LogBlueprintUserMessages: [Quest2Pawn_C_2147482531] X=0.001 Y=-0.001 Z=-0.000
11-22 16:56:09.893 31580 31617 D UE4     : [2021.11.22-21.56.09:893][541]LogBlueprintUserMessages: [Quest2Pawn_C_2147482531] X=0.000 Y=-0.000 Z=0.001
11-22 16:56:09.893 31580 31617 D UE4     : [2021.11.22-21.56.09:893][541]LogBlueprintUserMessages: [Quest2Pawn_C_2147482531] 387370.03125
11-22 16:56:09.893 31580 31617 D UE4     : [2021.11.22-21.56.09:893][541]LogBlueprintUserMessages: [Quest2Pawn_C_2147482531] P=3.689443 Y=-34.205166 R=-2.523621
11-22 16:56:09.894 31580 31617 D UE4     : [2021.11.22-21.56.09:894][541]LogBlueprintUserMessages: [Quest2Pawn_C_2147482531] X=-3.836 Y=-7.318 Z=0.118
11-22 16:56:10.881 31580 31617 D UE4     : [2021.11.22-21.56.10:881][612]LogBlueprintUserMessages: [Quest2Pawn_C_2147482531] Printing Raw Sensor HMD values 
11-22 16:56:10.881 31580 31617 D UE4     : [2021.11.22-21.56.10:881][612]LogBlueprintUserMessages: [Quest2Pawn_C_2147482531] X=-0.252 Y=0.007 Z=-0.077
11-22 16:56:10.881 31580 31617 D UE4     : [2021.11.22-21.56.10:881][612]LogBlueprintUserMessages: [Quest2Pawn_C_2147482531] X=-0.003 Y=-0.008 Z=0.008
11-22 16:56:10.881 31580 31617 D UE4     : [2021.11.22-21.56.10:881][612]LogBlueprintUserMessages: [Quest2Pawn_C_2147482531] X=-0.000 Y=0.000 Z=-0.001
11-22 16:56:10.881 31580 31617 D UE4     : [2021.11.22-21.56.10:881][612]LogBlueprintUserMessages: [Quest2Pawn_C_2147482531] X=0.000 Y=-0.000 Z=0.002
11-22 16:56:10.881 31580 31617 D UE4     : [2021.11.22-21.56.10:881][612]LogBlueprintUserMessages: [Quest2Pawn_C_2147482531] 387371.03125
11-22 16:56:10.881 31580 31617 D UE4     : [2021.11.22-21.56.10:881][612]LogBlueprintUserMessages: [Quest2Pawn_C_2147482531] P=3.692591 Y=-34.197594 R=-2.515345
11-22 16:56:10.882 31580 31617 D UE4     : [2021.11.22-21.56.10:882][612]LogBlueprintUserMessages: [Quest2Pawn_C_2147482531] X=-3.834 Y=-7.324 Z=0.130
11-22 16:56:11.883 31580 31617 D UE4     : [2021.11.22-21.56.11:883][684]LogBlueprintUserMessages: [Quest2Pawn_C_2147482531] Printing Raw Sensor HMD values 
11-22 16:56:11.883 31580 31617 D UE4     : [2021.11.22-21.56.11:883][684]LogBlueprintUserMessages: [Quest2Pawn_C_2147482531] X=0.252 Y=-0.153 Z=0.072
11-22 16:56:11.883 31580 31617 D UE4     : [2021.11.22-21.56.11:883][684]LogBlueprintUserMessages: [Quest2Pawn_C_2147482531] X=0.003 Y=-0.028 Z=0.064
11-22 16:56:11.883 31580 31617 D UE4     : [2021.11.22-21.56.11:883][684]LogBlueprintUserMessages: [Quest2Pawn_C_2147482531] X=-0.001 Y=0.001 Z=0.001
11-22 16:56:11.884 31580 31617 D UE4     : [2021.11.22-21.56.11:883][684]LogBlueprintUserMessages: [Quest2Pawn_C_2147482531] X=-0.000 Y=0.000 Z=0.002
11-22 16:56:11.884 31580 31617 D UE4     : [2021.11.22-21.56.11:884][684]LogBlueprintUserMessages: [Quest2Pawn_C_2147482531] 387372.03125
11-22 16:56:11.884 31580 31617 D UE4     : [2021.11.22-21.56.11:884][684]LogBlueprintUserMessages: [Quest2Pawn_C_2147482531] P=3.688022 Y=-34.213028 R=-2.540579
11-22 16:56:11.884 31580 31617 D UE4     : [2021.11.22-21.56.11:884][684]LogBlueprintUserMessages: [Quest2Pawn_C_2147482531] X=-3.831 Y=-7.315 Z=0.131
11-22 16:56:12.281 31580 31620 D UE4     : [GameActivity] Used memory: 452600 (VmRSS:	  198532 kB)
11-22 16:56:12.885 31580 31617 D UE4     : [2021.11.22-21.56.12:885][755]LogBlueprintUserMessages: [Quest2Pawn_C_2147482531] Printing Raw Sensor HMD values 
11-22 16:56:12.886 31580 31617 D UE4     : [2021.11.22-21.56.12:886][755]LogBlueprintUserMessages: [Quest2Pawn_C_2147482531] X=0.335 Y=-0.055 Z=-0.406
11-22 16:56:12.886 31580 31617 D UE4     : [2021.11.22-21.56.12:886][755]LogBlueprintUserMessages: [Quest2Pawn_C_2147482531] X=-0.002 Y=-0.066 Z=0.058
11-22 16:56:12.886 31580 31617 D UE4     : [2021.11.22-21.56.12:886][755]LogBlueprintUserMessages: [Quest2Pawn_C_2147482531] X=-0.000 Y=0.000 Z=-0.000
11-22 16:56:12.886 31580 31617 D UE4     : [2021.11.22-21.56.12:886][755]LogBlueprintUserMessages: [Quest2Pawn_C_2147482531] X=0.000 Y=-0.000 Z=0.002
11-22 16:56:12.886 31580 31617 D UE4     : [2021.11.22-21.56.12:886][755]LogBlueprintUserMessages: [Quest2Pawn_C_2147482531] 387373.03125
11-22 16:56:12.886 31580 31617 D UE4     : [2021.11.22-21.56.12:886][755]LogBlueprintUserMessages: [Quest2Pawn_C_2147482531] P=3.690535 Y=-34.211231 R=-2.534033
11-22 16:56:12.886 31580 31617 D UE4     : [2021.11.22-21.56.12:886][755]LogBlueprintUserMessages: [Quest2Pawn_C_2147482531] X=-3.831 Y=-7.319 Z=0.127
11-22 16:56:13.889 31580 31617 D UE4     : [2021.11.22-21.56.13:888][826]LogBlueprintUserMessages: [Quest2Pawn_C_2147482531] Printing Raw Sensor HMD values 
11-22 16:56:13.889 31580 31617 D UE4     : [2021.11.22-21.56.13:889][826]LogBlueprintUserMessages: [Quest2Pawn_C_2147482531] X=0.357 Y=0.084 Z=-0.280
11-22 16:56:13.889 31580 31617 D UE4     : [2021.11.22-21.56.13:889][826]LogBlueprintUserMessages: [Quest2Pawn_C_2147482531] X=-0.030 Y=-0.024 Z=0.043
11-22 16:56:13.889 31580 31617 D UE4     : [2021.11.22-21.56.13:889][826]LogBlueprintUserMessages: [Quest2Pawn_C_2147482531] X=0.001 Y=-0.001 Z=0.001
11-22 16:56:13.889 31580 31617 D UE4     : [2021.11.22-21.56.13:889][826]LogBlueprintUserMessages: [Quest2Pawn_C_2147482531] X=0.000 Y=-0.000 Z=0.002
11-22 16:56:13.889 31580 31617 D UE4     : [2021.11.22-21.56.13:889][826]LogBlueprintUserMessages: [Quest2Pawn_C_2147482531] 387374.03125
11-22 16:56:13.889 31580 31617 D UE4     : [2021.11.22-21.56.13:889][826]LogBlueprintUserMessages: [Quest2Pawn_C_2147482531] P=3.681226 Y=-34.212891 R=-2.530369
11-22 16:56:13.889 31580 31617 D UE4     : [2021.11.22-21.56.13:889][826]LogBlueprintUserMessages: [Quest2Pawn_C_2147482531] X=-3.833 Y=-7.329 Z=0.132
11-22 16:56:14.891 31580 31617 D UE4     : [2021.11.22-21.56.14:890][898]LogBlueprintUserMessages: [Quest2Pawn_C_2147482531] Printing Raw Sensor HMD values 
11-22 16:56:14.891 31580 31617 D UE4     : [2021.11.22-21.56.14:891][898]LogBlueprintUserMessages: [Quest2Pawn_C_2147482531] X=0.005 Y=-0.078 Z=0.129
11-22 16:56:14.891 31580 31617 D UE4     : [2021.11.22-21.56.14:891][898]LogBlueprintUserMessages: [Quest2Pawn_C_2147482531] X=-0.005 Y=-0.005 Z=0.028
11-22 16:56:14.891 31580 31617 D UE4     : [2021.11.22-21.56.14:891][898]LogBlueprintUserMessages: [Quest2Pawn_C_2147482531] X=0.001 Y=0.000 Z=-0.000
11-22 16:56:14.891 31580 31617 D UE4     : [2021.11.22-21.56.14:891][898]LogBlueprintUserMessages: [Quest2Pawn_C_2147482531] X=-0.000 Y=0.000 Z=0.002
11-22 16:56:14.891 31580 31617 D UE4     : [2021.11.22-21.56.14:891][898]LogBlueprintUserMessages: [Quest2Pawn_C_2147482531] 387375.03125
11-22 16:56:14.891 31580 31617 D UE4     : [2021.11.22-21.56.14:891][898]LogBlueprintUserMessages: [Quest2Pawn_C_2147482531] P=3.691177 Y=-34.210411 R=-2.527035
11-22 16:56:14.891 31580 31617 D UE4     : [2021.11.22-21.56.14:891][898]LogBlueprintUserMessages: [Quest2Pawn_C_2147482531] X=-3.840 Y=-7.312 Z=0.126
11-22 16:56:15.893 31580 31617 D UE4     : [2021.11.22-21.56.15:893][970]LogBlueprintUserMessages: [Quest2Pawn_C_2147482531] Printing Raw Sensor HMD values 
11-22 16:56:15.893 31580 31617 D UE4     : [2021.11.22-21.56.15:893][970]LogBlueprintUserMessages: [Quest2Pawn_C_2147482531] X=0.006 Y=-0.205 Z=0.147
11-22 16:56:15.893 31580 31617 D UE4     : [2021.11.22-21.56.15:893][970]LogBlueprintUserMessages: [Quest2Pawn_C_2147482531] X=-0.017 Y=0.012 Z=0.005
11-22 16:56:15.893 31580 31617 D UE4     : [2021.11.22-21.56.15:893][970]LogBlueprintUserMessages: [Quest2Pawn_C_2147482531] X=0.000 Y=0.000 Z=-0.002
11-22 16:56:15.894 31580 31617 D UE4     : [2021.11.22-21.56.15:894][970]LogBlueprintUserMessages: [Quest2Pawn_C_2147482531] X=-0.000 Y=-0.000 Z=0.002
11-22 16:56:15.894 31580 31617 D UE4     : [2021.11.22-21.56.15:894][970]LogBlueprintUserMessages: [Quest2Pawn_C_2147482531] 387376.03125
11-22 16:56:15.894 31580 31617 D UE4     : [2021.11.22-21.56.15:894][970]LogBlueprintUserMessages: [Quest2Pawn_C_2147482531] P=3.683295 Y=-34.208347 R=-2.541054
11-22 16:56:15.894 31580 31617 D UE4     : [2021.11.22-21.56.15:894][970]LogBlueprintUserMessages: [Quest2Pawn_C_2147482531] X=-3.835 Y=-7.314 Z=0.130
11-22 16:56:16.882 31580 31617 D UE4     : [2021.11.22-21.56.16:882][ 38]LogBlueprintUserMessages: [Quest2Pawn_C_2147482531] Printing Raw Sensor HMD values 
11-22 16:56:16.882 31580 31617 D UE4     : [2021.11.22-21.56.16:882][ 38]LogBlueprintUserMessages: [Quest2Pawn_C_2147482531] X=0.078 Y=-0.351 Z=0.253
11-22 16:56:16.883 31580 31617 D UE4     : [2021.11.22-21.56.16:883][ 38]LogBlueprintUserMessages: [Quest2Pawn_C_2147482531] X=0.026 Y=-0.002 Z=0.065
11-22 16:56:16.883 31580 31617 D UE4     : [2021.11.22-21.56.16:883][ 38]LogBlueprintUserMessages: [Quest2Pawn_C_2147482531] X=-0.001 Y=-0.001 Z=0.001
11-22 16:56:16.883 31580 31617 D UE4     : [2021.11.22-21.56.16:883][ 38]LogBlueprintUserMessages: [Quest2Pawn_C_2147482531] X=0.001 Y=0.000 Z=0.002
11-22 16:56:16.883 31580 31617 D UE4     : [2021.11.22-21.56.16:883][ 38]LogBlueprintUserMessages: [Quest2Pawn_C_2147482531] 387377.03125
11-22 16:56:16.883 31580 31617 D UE4     : [2021.11.22-21.56.16:883][ 38]LogBlueprintUserMessages: [Quest2Pawn_C_2147482531] P=3.679389 Y=-34.222027 R=-2.538636
11-22 16:56:16.883 31580 31617 D UE4     : [2021.11.22-21.56.16:883][ 38]LogBlueprintUserMessages: [Quest2Pawn_C_2147482531] X=-3.827 Y=-7.308 Z=0.133
11-22 16:56:17.048 31580 31603 V UE4     : [NetworkChangedManager] Network Capabilities changed, has Internet: true
11-22 16:56:17.050 31580  5066 V UE4     : [NetworkChangedManager] Verifying internet connection with host: https://google.com/
11-22 16:56:17.531 31580  5066 V UE4     : [NetworkChangedManager] Connectivity hasn't changed. Current state: CONNECTION_AVAILABLE
11-22 16:56:17.531 31580  5066 V UE4     : [NetworkChangedManager] Full network check complete. State: CONNECTION_AVAILABLE
11-22 16:56:17.602 31580 31580 D UE4     : [GameActivity] Battery: status = 4, rawlevel = 90, scale = 100
11-22 16:56:17.602 31580 31580 D UE4     : nativeBatteryEvent(stat = 4, lvl = 90  temp = 37.50 C)
11-22 16:56:17.884 31580 31617 D UE4     : [2021.11.22-21.56.17:884][110]LogBlueprintUserMessages: [Quest2Pawn_C_2147482531] Printing Raw Sensor HMD values 
11-22 16:56:17.884 31580 31617 D UE4     : [2021.11.22-21.56.17:884][110]LogBlueprintUserMessages: [Quest2Pawn_C_2147482531] X=-0.129 Y=-0.195 Z=-0.374
11-22 16:56:17.884 31580 31617 D UE4     : [2021.11.22-21.56.17:884][110]LogBlueprintUserMessages: [Quest2Pawn_C_2147482531] X=-0.038 Y=-0.006 Z=0.080
11-22 16:56:17.885 31580 31617 D UE4     : [2021.11.22-21.56.17:884][110]LogBlueprintUserMessages: [Quest2Pawn_C_2147482531] X=0.002 Y=-0.001 Z=-0.000
11-22 16:56:17.885 31580 31617 D UE4     : [2021.11.22-21.56.17:885][110]LogBlueprintUserMessages: [Quest2Pawn_C_2147482531] X=0.000 Y=-0.000 Z=0.001
11-22 16:56:17.885 31580 31617 D UE4     : [2021.11.22-21.56.17:885][110]LogBlueprintUserMessages: [Quest2Pawn_C_2147482531] 387378.03125
11-22 16:56:17.885 31580 31617 D UE4     : [2021.11.22-21.56.17:885][110]LogBlueprintUserMessages: [Quest2Pawn_C_2147482531] P=3.680468 Y=-34.212379 R=-2.508820
11-22 16:56:17.885 31580 31617 D UE4     : [2021.11.22-21.56.17:885][110]LogBlueprintUserMessages: [Quest2Pawn_C_2147482531] X=-3.830 Y=-7.300 Z=0.140
11-22 16:56:18.887 31580 31617 D UE4     : [2021.11.22-21.56.18:887][182]LogBlueprintUserMessages: [Quest2Pawn_C_2147482531] Printing Raw Sensor HMD values 
11-22 16:56:18.887 31580 31617 D UE4     : [2021.11.22-21.56.18:887][182]LogBlueprintUserMessages: [Quest2Pawn_C_2147482531] X=3.371 Y=0.235 Z=-0.348
11-22 16:56:18.887 31580 31617 D UE4     : [2021.11.22-21.56.18:887][182]LogBlueprintUserMessages: [Quest2Pawn_C_2147482531] X=-0.063 Y=0.136 Z=-0.088
11-22 16:56:18.887 31580 31617 D UE4     : [2021.11.22-21.56.18:887][182]LogBlueprintUserMessages: [Quest2Pawn_C_2147482531] X=0.020 Y=0.026 Z=-0.019
11-22 16:56:18.887 31580 31617 D UE4     : [2021.11.22-21.56.18:887][182]LogBlueprintUserMessages: [Quest2Pawn_C_2147482531] X=-0.001 Y=0.000 Z=0.001
11-22 16:56:18.888 31580 31617 D UE4     : [2021.11.22-21.56.18:887][182]LogBlueprintUserMessages: [Quest2Pawn_C_2147482531] 387379.03125
11-22 16:56:18.888 31580 31617 D UE4     : [2021.11.22-21.56.18:888][182]LogBlueprintUserMessages: [Quest2Pawn_C_2147482531] P=3.135063 Y=-34.055500 R=-2.835563
11-22 16:56:18.888 31580 31617 D UE4     : [2021.11.22-21.56.18:888][182]LogBlueprintUserMessages: [Quest2Pawn_C_2147482531] X=-3.805 Y=-7.381 Z=0.174
11-22 16:56:19.889 31580 31617 D UE4     : [2021.11.22-21.56.19:889][254]LogBlueprintUserMessages: [Quest2Pawn_C_2147482531] Printing Raw Sensor HMD values 
11-22 16:56:19.889 31580 31617 D UE4     : [2021.11.22-21.56.19:889][254]LogBlueprintUserMessages: [Quest2Pawn_C_2147482531] X=6.722 Y=-2.833 Z=-0.236
11-22 16:56:19.889 31580 31617 D UE4     : [2021.11.22-21.56.19:889][254]LogBlueprintUserMessages: [Quest2Pawn_C_2147482531] X=0.085 Y=-0.228 Z=0.238
11-22 16:56:19.889 31580 31617 D UE4     : [2021.11.22-21.56.19:889][254]LogBlueprintUserMessages: [Quest2Pawn_C_2147482531] X=0.369 Y=-0.079 Z=-0.121
11-22 16:56:19.889 31580 31617 D UE4     : [2021.11.22-21.56.19:889][254]LogBlueprintUserMessages: [Quest2Pawn_C_2147482531] X=0.005 Y=0.002 Z=0.015
11-22 16:56:19.890 31580 31617 D UE4     : [2021.11.22-21.56.19:890][254]LogBlueprintUserMessages: [Quest2Pawn_C_2147482531] 387380.03125
11-22 16:56:19.890 31580 31617 D UE4     : [2021.11.22-21.56.19:890][254]LogBlueprintUserMessages: [Quest2Pawn_C_2147482531] P=1.059943 Y=-33.198143 R=-7.167814
11-22 16:56:19.890 31580 31617 D UE4     : [2021.11.22-21.56.19:890][254]LogBlueprintUserMessages: [Quest2Pawn_C_2147482531] X=-4.396 Y=-7.545 Z=1.064
11-22 16:56:20.068 31580 31603 V UE4     : [NetworkChangedManager] Network Capabilities changed, has Internet: true
11-22 16:56:20.069 31580  5142 V UE4     : [NetworkChangedManager] Verifying internet connection with host: https://google.com/
11-22 16:56:20.549 31580  5142 V UE4     : [NetworkChangedManager] Connectivity hasn't changed. Current state: CONNECTION_AVAILABLE
11-22 16:56:20.549 31580  5142 V UE4     : [NetworkChangedManager] Full network check complete. State: CONNECTION_AVAILABLE
11-22 16:56:20.891 31580 31617 D UE4     : [2021.11.22-21.56.20:891][326]LogBlueprintUserMessages: [Quest2Pawn_C_2147482531] Printing Raw Sensor HMD values 
11-22 16:56:20.891 31580 31617 D UE4     : [2021.11.22-21.56.20:891][326]LogBlueprintUserMessages: [Quest2Pawn_C_2147482531] X=2.294 Y=8.963 Z=0.973
11-22 16:56:20.892 31580 31617 D UE4     : [2021.11.22-21.56.20:892][326]LogBlueprintUserMessages: [Quest2Pawn_C_2147482531] X=0.451 Y=-0.041 Z=-0.778
11-22 16:56:20.892 31580 31617 D UE4     : [2021.11.22-21.56.20:892][326]LogBlueprintUserMessages: [Quest2Pawn_C_2147482531] X=-0.209 Y=0.159 Z=0.072
11-22 16:56:20.892 31580 31617 D UE4     : [2021.11.22-21.56.20:892][326]LogBlueprintUserMessages: [Quest2Pawn_C_2147482531] X=0.007 Y=-0.027 Z=-0.002
11-22 16:56:20.892 31580 31617 D UE4     : [2021.11.22-21.56.20:892][326]LogBlueprintUserMessages: [Quest2Pawn_C_2147482531] 387381.03125
11-22 16:56:20.892 31580 31617 D UE4     : [2021.11.22-21.56.20:892][326]LogBlueprintUserMessages: [Quest2Pawn_C_2147482531] P=0.214372 Y=-30.542572 R=-1.706662
11-22 16:56:20.892 31580 31617 D UE4     : [2021.11.22-21.56.20:892][326]LogBlueprintUserMessages: [Quest2Pawn_C_2147482531] X=-4.849 Y=-8.105 Z=0.392
11-22 16:56:21.895 31580 31617 D UE4     : [2021.11.22-21.56.21:894][398]LogBlueprintUserMessages: [Quest2Pawn_C_2147482531] Printing Raw Sensor HMD values 
11-22 16:56:21.895 31580 31617 D UE4     : [2021.11.22-21.56.21:895][398]LogBlueprintUserMessages: [Quest2Pawn_C_2147482531] X=2.401 Y=-2.726 Z=-0.958
11-22 16:56:21.895 31580 31617 D UE4     : [2021.11.22-21.56.21:895][398]LogBlueprintUserMessages: [Quest2Pawn_C_2147482531] X=-0.549 Y=0.541 Z=-0.037
11-22 16:56:21.895 31580 31617 D UE4     : [2021.11.22-21.56.21:895][398]LogBlueprintUserMessages: [Quest2Pawn_C_2147482531] X=-0.205 Y=0.164 Z=0.104
11-22 16:56:21.895 31580 31617 D UE4     : [2021.11.22-21.56.21:895][398]LogBlueprintUserMessages: [Quest2Pawn_C_2147482531] X=-0.008 Y=-0.004 Z=0.049
11-22 16:56:21.895 31580 31617 D UE4     : [2021.11.22-21.56.21:895][398]LogBlueprintUserMessages: [Quest2Pawn_C_2147482531] 387382.03125
11-22 16:56:21.895 31580 31617 D UE4     : [2021.11.22-21.56.21:895][398]LogBlueprintUserMessages: [Quest2Pawn_C_2147482531] P=-3.033068 Y=-32.702682 R=-22.637390
11-22 16:56:21.895 31580 31617 D UE4     : [2021.11.22-21.56.21:895][398]LogBlueprintUserMessages: [Quest2Pawn_C_2147482531] X=-5.493 Y=-8.596 Z=4.692
11-22 16:56:22.528 31580 31620 D UE4     : [GameActivity] Used memory: 452784 (VmRSS:	  198560 kB)
11-22 16:56:22.883 31580 31617 D UE4     : [2021.11.22-21.56.22:882][469]LogBlueprintUserMessages: [Quest2Pawn_C_2147482531] Printing Raw Sensor HMD values 
11-22 16:56:22.883 31580 31617 D UE4     : [2021.11.22-21.56.22:883][469]LogBlueprintUserMessages: [Quest2Pawn_C_2147482531] X=1.135 Y=3.435 Z=3.102
11-22 16:56:22.883 31580 31617 D UE4     : [2021.11.22-21.56.22:883][469]LogBlueprintUserMessages: [Quest2Pawn_C_2147482531] X=-0.589 Y=-0.799 Z=0.404
11-22 16:56:22.883 31580 31617 D UE4     : [2021.11.22-21.56.22:883][469]LogBlueprintUserMessages: [Quest2Pawn_C_2147482531] X=0.961 Y=-0.234 Z=-0.054
11-22 16:56:22.883 31580 31617 D UE4     : [2021.11.22-21.56.22:883][469]LogBlueprintUserMessages: [Quest2Pawn_C_2147482531] X=-0.007 Y=0.009 Z=0.012
11-22 16:56:22.883 31580 31617 D UE4     : [2021.11.22-21.56.22:883][469]LogBlueprintUserMessages: [Quest2Pawn_C_2147482531] 387383.03125
11-22 16:56:22.883 31580 31617 D UE4     : [2021.11.22-21.56.22:883][469]LogBlueprintUserMessages: [Quest2Pawn_C_2147482531] P=7.821953 Y=-31.260965 R=4.321814
11-22 16:56:22.883 31580 31617 D UE4     : [2021.11.22-21.56.22:883][469]LogBlueprintUserMessages: [Quest2Pawn_C_2147482531] X=-6.031 Y=-10.077 Z=4.427
11-22 16:56:23.092 31580 31603 V UE4     : [NetworkChangedManager] Network Capabilities changed, has Internet: true
11-22 16:56:23.096 31580  5284 V UE4     : [NetworkChangedManager] Verifying internet connection with host: https://google.com/
11-22 16:56:23.582 31580  5284 V UE4     : [NetworkChangedManager] Connectivity hasn't changed. Current state: CONNECTION_AVAILABLE
11-22 16:56:23.582 31580  5284 V UE4     : [NetworkChangedManager] Full network check complete. State: CONNECTION_AVAILABLE
11-22 16:56:23.885 31580 31617 D UE4     : [2021.11.22-21.56.23:885][540]LogBlueprintUserMessages: [Quest2Pawn_C_2147482531] Printing Raw Sensor HMD values 
11-22 16:56:23.885 31580 31617 D UE4     : [2021.11.22-21.56.23:885][540]LogBlueprintUserMessages: [Quest2Pawn_C_2147482531] X=-4.696 Y=2.344 Z=-1.632
11-22 16:56:23.885 31580 31617 D UE4     : [2021.11.22-21.56.23:885][540]LogBlueprintUserMessages: [Quest2Pawn_C_2147482531] X=0.015 Y=0.089 Z=0.111
11-22 16:56:23.885 31580 31617 D UE4     : [2021.11.22-21.56.23:885][540]LogBlueprintUserMessages: [Quest2Pawn_C_2147482531] X=-0.521 Y=0.128 Z=0.035
11-22 16:56:23.885 31580 31617 D UE4     : [2021.11.22-21.56.23:885][540]LogBlueprintUserMessages: [Quest2Pawn_C_2147482531] X=0.000 Y=0.013 Z=0.005
11-22 16:56:23.885 31580 31617 D UE4     : [2021.11.22-21.56.23:885][540]LogBlueprintUserMessages: [Quest2Pawn_C_2147482531] 387384.03125
11-22 16:56:23.885 31580 31617 D UE4     : [2021.11.22-21.56.23:885][540]LogBlueprintUserMessages: [Quest2Pawn_C_2147482531] P=7.874593 Y=-32.474861 R=3.671630
11-22 16:56:23.886 31580 31617 D UE4     : [2021.11.22-21.56.23:885][540]LogBlueprintUserMessages: [Quest2Pawn_C_2147482531] X=-6.149 Y=-9.640 Z=3.715
11-22 16:56:24.888 31580 31617 D UE4     : [2021.11.22-21.56.24:888][612]LogBlueprintUserMessages: [Quest2Pawn_C_2147482531] Printing Raw Sensor HMD values 
11-22 16:56:24.888 31580 31617 D UE4     : [2021.11.22-21.56.24:888][612]LogBlueprintUserMessages: [Quest2Pawn_C_2147482531] X=-3.977 Y=0.657 Z=1.265
11-22 16:56:24.888 31580 31617 D UE4     : [2021.11.22-21.56.24:888][612]LogBlueprintUserMessages: [Quest2Pawn_C_2147482531] X=0.141 Y=-0.073 Z=0.137
11-22 16:56:24.888 31580 31617 D UE4     : [2021.11.22-21.56.24:888][612]LogBlueprintUserMessages: [Quest2Pawn_C_2147482531] X=0.590 Y=-0.303 Z=-0.102
11-22 16:56:24.888 31580 31617 D UE4     : [2021.11.22-21.56.24:888][612]LogBlueprintUserMessages: [Quest2Pawn_C_2147482531] X=-0.001 Y=0.020 Z=-0.039
11-22 16:56:24.888 31580 31617 D UE4     : [2021.11.22-21.56.24:888][612]LogBlueprintUserMessages: [Quest2Pawn_C_2147482531] 387385.03125
11-22 16:56:24.888 31580 31617 D UE4     : [2021.11.22-21.56.24:888][612]LogBlueprintUserMessages: [Quest2Pawn_C_2147482531] P=5.096004 Y=-30.955116 R=3.666812
11-22 16:56:24.888 31580 31617 D UE4     : [2021.11.22-21.56.24:888][612]LogBlueprintUserMessages: [Quest2Pawn_C_2147482531] X=-6.527 Y=-8.775 Z=2.929
11-22 16:56:25.748 31580 31580 D UE4     : [GameActivity] Battery: status = 4, rawlevel = 90, scale = 100
11-22 16:56:25.748 31580 31580 D UE4     : nativeBatteryEvent(stat = 4, lvl = 90  temp = 37.20 C)
11-22 16:56:25.891 31580 31617 D UE4     : [2021.11.22-21.56.25:891][684]LogBlueprintUserMessages: [Quest2Pawn_C_2147482531] Printing Raw Sensor HMD values 
11-22 16:56:25.891 31580 31617 D UE4     : [2021.11.22-21.56.25:891][684]LogBlueprintUserMessages: [Quest2Pawn_C_2147482531] X=-2.049 Y=0.710 Z=0.309
11-22 16:56:25.891 31580 31617 D UE4     : [2021.11.22-21.56.25:891][684]LogBlueprintUserMessages: [Quest2Pawn_C_2147482531] X=-0.078 Y=-0.015 Z=0.086
11-22 16:56:25.891 31580 31617 D UE4     : [2021.11.22-21.56.25:891][684]LogBlueprintUserMessages: [Quest2Pawn_C_2147482531] X=0.753 Y=-0.223 Z=-0.096
11-22 16:56:25.891 31580 31617 D UE4     : [2021.11.22-21.56.25:891][684]LogBlueprintUserMessages: [Quest2Pawn_C_2147482531] X=-0.003 Y=0.028 Z=-0.031
11-22 16:56:25.891 31580 31617 D UE4     : [2021.11.22-21.56.25:891][684]LogBlueprintUserMessages: [Quest2Pawn_C_2147482531] 387386.03125
11-22 16:56:25.891 31580 31617 D UE4     : [2021.11.22-21.56.25:891][684]LogBlueprintUserMessages: [Quest2Pawn_C_2147482531] P=3.950281 Y=-32.083267 R=-0.925394
11-22 16:56:25.892 31580 31617 D UE4     : [2021.11.22-21.56.25:892][684]LogBlueprintUserMessages: [Quest2Pawn_C_2147482531] X=-6.313 Y=-8.951 Z=2.847
11-22 16:56:26.893 31580 31617 D UE4     : [2021.11.22-21.56.26:893][756]LogBlueprintUserMessages: [Quest2Pawn_C_2147482531] Printing Raw Sensor HMD values 
11-22 16:56:26.893 31580 31617 D UE4     : [2021.11.22-21.56.26:893][756]LogBlueprintUserMessages: [Quest2Pawn_C_2147482531] X=6.126 Y=-1.094 Z=-1.321
11-22 16:56:26.893 31580 31617 D UE4     : [2021.11.22-21.56.26:893][756]LogBlueprintUserMessages: [Quest2Pawn_C_2147482531] X=-0.014 Y=0.279 Z=-0.068
11-22 16:56:26.893 31580 31617 D UE4     : [2021.11.22-21.56.26:893][756]LogBlueprintUserMessages: [Quest2Pawn_C_2147482531] X=0.941 Y=-0.287 Z=-0.158
11-22 16:56:26.893 31580 31617 D UE4     : [2021.11.22-21.56.26:893][756]LogBlueprintUserMessages: [Quest2Pawn_C_2147482531] X=0.003 Y=0.034 Z=-0.032
11-22 16:56:26.893 31580 31617 D UE4     : [2021.11.22-21.56.26:893][756]LogBlueprintUserMessages: [Quest2Pawn_C_2147482531] 387387.03125
11-22 16:56:26.894 31580 31617 D UE4     : [2021.11.22-21.56.26:894][756]LogBlueprintUserMessages: [Quest2Pawn_C_2147482531] P=2.758331 Y=-33.291931 R=-6.417068
11-22 16:56:26.894 31580 31617 D UE4     : [2021.11.22-21.56.26:894][756]LogBlueprintUserMessages: [Quest2Pawn_C_2147482531] X=-6.232 Y=-9.168 Z=3.194
11-22 16:56:27.881 31580 31617 D UE4     : [2021.11.22-21.56.27:881][826]LogBlueprintUserMessages: [Quest2Pawn_C_2147482531] Printing Raw Sensor HMD values 
11-22 16:56:27.881 31580 31617 D UE4     : [2021.11.22-21.56.27:881][826]LogBlueprintUserMessages: [Quest2Pawn_C_2147482531] X=3.100 Y=-0.895 Z=-0.376
11-22 16:56:27.881 31580 31617 D UE4     : [2021.11.22-21.56.27:881][826]LogBlueprintUserMessages: [Quest2Pawn_C_2147482531] X=0.028 Y=0.309 Z=0.111
11-22 16:56:27.881 31580 31617 D UE4     : [2021.11.22-21.56.27:881][826]LogBlueprintUserMessages: [Quest2Pawn_C_2147482531] X=0.861 Y=-0.274 Z=-0.093
11-22 16:56:27.881 31580 31617 D UE4     : [2021.11.22-21.56.27:881][826]LogBlueprintUserMessages: [Quest2Pawn_C_2147482531] X=-0.006 Y=0.027 Z=-0.035
11-22 16:56:27.882 31580 31617 D UE4     : [2021.11.22-21.56.27:882][826]LogBlueprintUserMessages: [Quest2Pawn_C_2147482531] 387388.03125
11-22 16:56:27.882 31580 31617 D UE4     : [2021.11.22-21.56.27:882][826]LogBlueprintUserMessages: [Quest2Pawn_C_2147482531] P=2.682960 Y=-33.966656 R=-7.948321
11-22 16:56:27.882 31580 31617 D UE4     : [2021.11.22-21.56.27:882][826]LogBlueprintUserMessages: [Quest2Pawn_C_2147482531] X=-6.372 Y=-9.199 Z=3.256
11-22 16:56:28.883 31580 31617 D UE4     : [2021.11.22-21.56.28:883][898]LogBlueprintUserMessages: [Quest2Pawn_C_2147482531] Printing Raw Sensor HMD values 
11-22 16:56:28.884 31580 31617 D UE4     : [2021.11.22-21.56.28:884][898]LogBlueprintUserMessages: [Quest2Pawn_C_2147482531] X=6.484 Y=0.162 Z=1.263
11-22 16:56:28.884 31580 31617 D UE4     : [2021.11.22-21.56.28:884][898]LogBlueprintUserMessages: [Quest2Pawn_C_2147482531] X=-0.114 Y=0.446 Z=-0.070
11-22 16:56:28.884 31580 31617 D UE4     : [2021.11.22-21.56.28:884][898]LogBlueprintUserMessages: [Quest2Pawn_C_2147482531] X=-0.485 Y=0.274 Z=0.121
11-22 16:56:28.884 31580 31617 D UE4     : [2021.11.22-21.56.28:884][898]LogBlueprintUserMessages: [Quest2Pawn_C_2147482531] X=-0.001 Y=-0.018 Z=0.035
11-22 16:56:28.884 31580 31617 D UE4     : [2021.11.22-21.56.28:884][898]LogBlueprintUserMessages: [Quest2Pawn_C_2147482531] 387389.03125
11-22 16:56:28.884 31580 31617 D UE4     : [2021.11.22-21.56.28:884][898]LogBlueprintUserMessages: [Quest2Pawn_C_2147482531] P=-0.007226 Y=-34.981663 R=-14.400125
11-22 16:56:28.884 31580 31617 D UE4     : [2021.11.22-21.56.28:884][898]LogBlueprintUserMessages: [Quest2Pawn_C_2147482531] X=-6.022 Y=-9.527 Z=3.106
11-22 16:56:29.886 31580 31617 D UE4     : [2021.11.22-21.56.29:886][970]LogBlueprintUserMessages: [Quest2Pawn_C_2147482531] Printing Raw Sensor HMD values 
11-22 16:56:29.886 31580 31617 D UE4     : [2021.11.22-21.56.29:886][970]LogBlueprintUserMessages: [Quest2Pawn_C_2147482531] X=6.542 Y=-2.663 Z=-1.916
11-22 16:56:29.886 31580 31617 D UE4     : [2021.11.22-21.56.29:886][970]LogBlueprintUserMessages: [Quest2Pawn_C_2147482531] X=-0.008 Y=0.020 Z=-0.273
11-22 16:56:29.887 31580 31617 D UE4     : [2021.11.22-21.56.29:887][970]LogBlueprintUserMessages: [Quest2Pawn_C_2147482531] X=0.227 Y=-0.111 Z=-0.085
11-22 16:56:29.887 31580 31617 D UE4     : [2021.11.22-21.56.29:887][970]LogBlueprintUserMessages: [Quest2Pawn_C_2147482531] X=-0.002 Y=0.010 Z=0.001
11-22 16:56:29.887 31580 31617 D UE4     : [2021.11.22-21.56.29:887][970]LogBlueprintUserMessages: [Quest2Pawn_C_2147482531] 387390.03125
11-22 16:56:29.887 31580 31617 D UE4     : [2021.11.22-21.56.29:887][970]LogBlueprintUserMessages: [Quest2Pawn_C_2147482531] P=-1.235219 Y=-34.404423 R=-13.190488
11-22 16:56:29.887 31580 31617 D UE4     : [2021.11.22-21.56.29:887][970]LogBlueprintUserMessages: [Quest2Pawn_C_2147482531] X=-6.351 Y=-9.261 Z=2.684
11-22 16:56:30.890 31580 31617 D UE4     : [2021.11.22-21.56.30:890][ 41]LogBlueprintUserMessages: [Quest2Pawn_C_2147482531] Printing Raw Sensor HMD values 
11-22 16:56:30.890 31580 31617 D UE4     : [2021.11.22-21.56.30:890][ 41]LogBlueprintUserMessages: [Quest2Pawn_C_2147482531] X=-5.985 Y=2.976 Z=1.544
11-22 16:56:30.890 31580 31617 D UE4     : [2021.11.22-21.56.30:890][ 41]LogBlueprintUserMessages: [Quest2Pawn_C_2147482531] X=-0.027 Y=-0.175 Z=0.042
11-22 16:56:30.891 31580 31617 D UE4     : [2021.11.22-21.56.30:891][ 41]LogBlueprintUserMessages: [Quest2Pawn_C_2147482531] X=-0.746 Y=0.090 Z=0.073
11-22 16:56:30.891 31580 31617 D UE4     : [2021.11.22-21.56.30:891][ 41]LogBlueprintUserMessages: [Quest2Pawn_C_2147482531] X=0.014 Y=-0.012 Z=-0.003
11-22 16:56:30.891 31580 31617 D UE4     : [2021.11.22-21.56.30:891][ 41]LogBlueprintUserMessages: [Quest2Pawn_C_2147482531] 387391.03125
11-22 16:56:30.891 31580 31617 D UE4     : [2021.11.22-21.56.30:891][ 41]LogBlueprintUserMessages: [Quest2Pawn_C_2147482531] P=4.179297 Y=-32.462467 R=0.101061
11-22 16:56:30.891 31580 31617 D UE4     : [2021.11.22-21.56.30:891][ 41]LogBlueprintUserMessages: [Quest2Pawn_C_2147482531] X=-6.264 Y=-8.579 Z=2.204
11-22 16:56:31.891 31580 31617 D UE4     : [2021.11.22-21.56.31:891][113]LogBlueprintUserMessages: [Quest2Pawn_C_2147482531] Printing Raw Sensor HMD values 
11-22 16:56:31.891 31580 31617 D UE4     : [2021.11.22-21.56.31:891][113]LogBlueprintUserMessages: [Quest2Pawn_C_2147482531] X=-1.429 Y=0.036 Z=-0.062
11-22 16:56:31.891 31580 31617 D UE4     : [2021.11.22-21.56.31:891][113]LogBlueprintUserMessages: [Quest2Pawn_C_2147482531] X=0.006 Y=0.003 Z=0.154
11-22 16:56:31.892 31580 31617 D UE4     : [2021.11.22-21.56.31:891][113]LogBlueprintUserMessages: [Quest2Pawn_C_2147482531] X=0.318 Y=-0.041 Z=-0.041
11-22 16:56:31.892 31580 31617 D UE4     : [2021.11.22-21.56.31:892][113]LogBlueprintUserMessages: [Quest2Pawn_C_2147482531] X=-0.005 Y=0.012 Z=-0.002
11-22 16:56:31.892 31580 31617 D UE4     : [2021.11.22-21.56.31:892][113]LogBlueprintUserMessages: [Quest2Pawn_C_2147482531] 387392.03125
11-22 16:56:31.892 31580 31617 D UE4     : [2021.11.22-21.56.31:892][113]LogBlueprintUserMessages: [Quest2Pawn_C_2147482531] P=4.066653 Y=-32.663349 R=1.206703
11-22 16:56:31.892 31580 31617 D UE4     : [2021.11.22-21.56.31:892][113]LogBlueprintUserMessages: [Quest2Pawn_C_2147482531] X=-6.359 Y=-8.548 Z=1.741
11-22 16:56:32.894 31580 31617 D UE4     : [2021.11.22-21.56.32:894][185]LogBlueprintUserMessages: [Quest2Pawn_C_2147482531] Printing Raw Sensor HMD values 
11-22 16:56:32.894 31580 31617 D UE4     : [2021.11.22-21.56.32:894][185]LogBlueprintUserMessages: [Quest2Pawn_C_2147482531] X=1.513 Y=-1.034 Z=-0.548
11-22 16:56:32.894 31580 31617 D UE4     : [2021.11.22-21.56.32:894][185]LogBlueprintUserMessages: [Quest2Pawn_C_2147482531] X=0.046 Y=0.127 Z=-0.056
11-22 16:56:32.894 31580 31617 D UE4     : [2021.11.22-21.56.32:894][185]LogBlueprintUserMessages: [Quest2Pawn_C_2147482531] X=0.040 Y=0.031 Z=0.020
11-22 16:56:32.894 31580 31617 D UE4     : [2021.11.22-21.56.32:894][185]LogBlueprintUserMessages: [Quest2Pawn_C_2147482531] X=0.000 Y=0.002 Z=-0.003
11-22 16:56:32.894 31580 31617 D UE4     : [2021.11.22-21.56.32:894][185]LogBlueprintUserMessages: [Quest2Pawn_C_2147482531] 387393.03125
11-22 16:56:32.895 31580 31617 D UE4     : [2021.11.22-21.56.32:895][185]LogBlueprintUserMessages: [Quest2Pawn_C_2147482531] P=-0.907759 Y=-35.712055 R=-13.790445
11-22 16:56:32.895 31580 31617 D UE4     : [2021.11.22-21.56.32:895][185]LogBlueprintUserMessages: [Quest2Pawn_C_2147482531] X=-6.234 Y=-9.494 Z=2.412
11-22 16:56:33.238 31580 31620 D UE4     : [GameActivity] Used memory: 452288 (VmRSS:	  198560 kB)
11-22 16:56:33.882 31580 31617 D UE4     : [2021.11.22-21.56.33:882][256]LogBlueprintUserMessages: [Quest2Pawn_C_2147482531] Printing Raw Sensor HMD values 
11-22 16:56:33.882 31580 31617 D UE4     : [2021.11.22-21.56.33:882][256]LogBlueprintUserMessages: [Quest2Pawn_C_2147482531] X=5.505 Y=-0.467 Z=-0.063
11-22 16:56:33.882 31580 31617 D UE4     : [2021.11.22-21.56.33:882][256]LogBlueprintUserMessages: [Quest2Pawn_C_2147482531] X=-0.054 Y=0.265 Z=-0.291
11-22 16:56:33.882 31580 31617 D UE4     : [2021.11.22-21.56.33:882][256]LogBlueprintUserMessages: [Quest2Pawn_C_2147482531] X=0.300 Y=0.166 Z=0.039
11-22 16:56:33.882 31580 31617 D UE4     : [2021.11.22-21.56.33:882][256]LogBlueprintUserMessages: [Quest2Pawn_C_2147482531] X=-0.002 Y=0.013 Z=0.015
11-22 16:56:33.883 31580 31617 D UE4     : [2021.11.22-21.56.33:883][256]LogBlueprintUserMessages: [Quest2Pawn_C_2147482531] 387394.03125
11-22 16:56:33.883 31580 31617 D UE4     : [2021.11.22-21.56.33:883][256]LogBlueprintUserMessages: [Quest2Pawn_C_2147482531] P=1.149596 Y=-34.893906 R=-9.048154
11-22 16:56:33.883 31580 31617 D UE4     : [2021.11.22-21.56.33:883][256]LogBlueprintUserMessages: [Quest2Pawn_C_2147482531] X=-6.331 Y=-9.123 Z=2.052
11-22 16:56:34.884 31580 31617 D UE4     : [2021.11.22-21.56.34:884][328]LogBlueprintUserMessages: [Quest2Pawn_C_2147482531] Printing Raw Sensor HMD values 
11-22 16:56:34.885 31580 31617 D UE4     : [2021.11.22-21.56.34:885][328]LogBlueprintUserMessages: [Quest2Pawn_C_2147482531] X=-4.627 Y=0.750 Z=0.998
11-22 16:56:34.885 31580 31617 D UE4     : [2021.11.22-21.56.34:885][328]LogBlueprintUserMessages: [Quest2Pawn_C_2147482531] X=0.000 Y=-0.146 Z=-0.370
11-22 16:56:34.885 31580 31617 D UE4     : [2021.11.22-21.56.34:885][328]LogBlueprintUserMessages: [Quest2Pawn_C_2147482531] X=0.063 Y=0.111 Z=0.014
11-22 16:56:34.885 31580 31617 D UE4     : [2021.11.22-21.56.34:885][328]LogBlueprintUserMessages: [Quest2Pawn_C_2147482531] X=-0.002 Y=0.007 Z=0.014
11-22 16:56:34.885 31580 31617 D UE4     : [2021.11.22-21.56.34:885][328]LogBlueprintUserMessages: [Quest2Pawn_C_2147482531] 387395.03125
11-22 16:56:34.885 31580 31617 D UE4     : [2021.11.22-21.56.34:885][328]LogBlueprintUserMessages: [Quest2Pawn_C_2147482531] P=4.652417 Y=-33.668919 R=-3.287717
11-22 16:56:34.885 31580 31617 D UE4     : [2021.11.22-21.56.34:885][328]LogBlueprintUserMessages: [Quest2Pawn_C_2147482531] X=-6.114 Y=-8.899 Z=2.077
11-22 16:56:35.887 31580 31617 D UE4     : [2021.11.22-21.56.35:887][400]LogBlueprintUserMessages: [Quest2Pawn_C_2147482531] Printing Raw Sensor HMD values 
11-22 16:56:35.888 31580 31617 D UE4     : [2021.11.22-21.56.35:888][400]LogBlueprintUserMessages: [Quest2Pawn_C_2147482531] X=-3.067 Y=5.211 Z=3.045
11-22 16:56:35.888 31580 31617 D UE4     : [2021.11.22-21.56.35:888][400]LogBlueprintUserMessages: [Quest2Pawn_C_2147482531] X=0.401 Y=0.110 Z=0.540
11-22 16:56:35.888 31580 31617 D UE4     : [2021.11.22-21.56.35:888][400]LogBlueprintUserMessages: [Quest2Pawn_C_2147482531] X=0.028 Y=-0.172 Z=0.187
11-22 16:56:35.888 31580 31617 D UE4     : [2021.11.22-21.56.35:888][400]LogBlueprintUserMessages: [Quest2Pawn_C_2147482531] X=-0.021 Y=-0.007 Z=-0.021
11-22 16:56:35.888 31580 31617 D UE4     : [2021.11.22-21.56.35:888][400]LogBlueprintUserMessages: [Quest2Pawn_C_2147482531] 387396.03125
11-22 16:56:35.888 31580 31617 D UE4     : [2021.11.22-21.56.35:888][400]LogBlueprintUserMessages: [Quest2Pawn_C_2147482531] P=6.719936 Y=-38.280853 R=-3.697032
11-22 16:56:35.888 31580 31617 D UE4     : [2021.11.22-21.56.35:888][400]LogBlueprintUserMessages: [Quest2Pawn_C_2147482531] X=-5.817 Y=-9.091 Z=1.130
11-22 16:56:36.891 31580 31617 D UE4     : [2021.11.22-21.56.36:891][472]LogBlueprintUserMessages: [Quest2Pawn_C_2147482531] Printing Raw Sensor HMD values 
11-22 16:56:36.891 31580 31617 D UE4     : [2021.11.22-21.56.36:891][472]LogBlueprintUserMessages: [Quest2Pawn_C_2147482531] X=-3.417 Y=1.264 Z=0.180
11-22 16:56:36.891 31580 31617 D UE4     : [2021.11.22-21.56.36:891][472]LogBlueprintUserMessages: [Quest2Pawn_C_2147482531] X=0.102 Y=-0.138 Z=0.327
11-22 16:56:36.891 31580 31617 D UE4     : [2021.11.22-21.56.36:891][472]LogBlueprintUserMessages: [Quest2Pawn_C_2147482531] X=0.535 Y=0.188 Z=0.020
11-22 16:56:36.891 31580 31617 D UE4     : [2021.11.22-21.56.36:891][472]LogBlueprintUserMessages: [Quest2Pawn_C_2147482531] X=0.009 Y=0.019 Z=0.035
11-22 16:56:36.891 31580 31617 D UE4     : [2021.11.22-21.56.36:891][472]LogBlueprintUserMessages: [Quest2Pawn_C_2147482531] 387397.03125
11-22 16:56:36.892 31580 31617 D UE4     : [2021.11.22-21.56.36:891][472]LogBlueprintUserMessages: [Quest2Pawn_C_2147482531] P=5.813208 Y=-36.278225 R=-7.954051
11-22 16:56:36.892 31580 31617 D UE4     : [2021.11.22-21.56.36:892][472]LogBlueprintUserMessages: [Quest2Pawn_C_2147482531] X=-5.479 Y=-9.432 Z=2.505
11-22 16:56:37.892 31580 31617 D UE4     : [2021.11.22-21.56.37:892][544]LogBlueprintUserMessages: [Quest2Pawn_C_2147482531] Printing Raw Sensor HMD values 
11-22 16:56:37.893 31580 31617 D UE4     : [2021.11.22-21.56.37:893][544]LogBlueprintUserMessages: [Quest2Pawn_C_2147482531] X=2.175 Y=-1.436 Z=-0.449
11-22 16:56:37.893 31580 31617 D UE4     : [2021.11.22-21.56.37:893][544]LogBlueprintUserMessages: [Quest2Pawn_C_2147482531] X=-0.007 Y=0.027 Z=-0.004
11-22 16:56:37.893 31580 31617 D UE4     : [2021.11.22-21.56.37:893][544]LogBlueprintUserMessages: [Quest2Pawn_C_2147482531] X=0.695 Y=0.372 Z=0.155
11-22 16:56:37.893 31580 31617 D UE4     : [2021.11.22-21.56.37:893][544]LogBlueprintUserMessages: [Quest2Pawn_C_2147482531] X=0.021 Y=0.024 Z=0.021
11-22 16:56:37.893 31580 31617 D UE4     : [2021.11.22-21.56.37:893][544]LogBlueprintUserMessages: [Quest2Pawn_C_2147482531] 387398.03125
11-22 16:56:37.893 31580 31617 D UE4     : [2021.11.22-21.56.37:893][544]LogBlueprintUserMessages: [Quest2Pawn_C_2147482531] P=3.331698 Y=-35.404198 R=-12.656192
11-22 16:56:37.893 31580 31617 D UE4     : [2021.11.22-21.56.37:893][544]LogBlueprintUserMessages: [Quest2Pawn_C_2147482531] X=-5.616 Y=-9.987 Z=3.622
11-22 16:56:38.880 31580 31617 D UE4     : [2021.11.22-21.56.38:880][615]LogBlueprintUserMessages: [Quest2Pawn_C_2147482531] Printing Raw Sensor HMD values 
11-22 16:56:38.881 31580 31617 D UE4     : [2021.11.22-21.56.38:881][615]LogBlueprintUserMessages: [Quest2Pawn_C_2147482531] X=1.681 Y=2.013 Z=-0.504
11-22 16:56:38.881 31580 31617 D UE4     : [2021.11.22-21.56.38:881][615]LogBlueprintUserMessages: [Quest2Pawn_C_2147482531] X=0.122 Y=-0.086 Z=0.181
11-22 16:56:38.881 31580 31617 D UE4     : [2021.11.22-21.56.38:881][615]LogBlueprintUserMessages: [Quest2Pawn_C_2147482531] X=-0.860 Y=0.043 Z=-0.043
11-22 16:56:38.881 31580 31617 D UE4     : [2021.11.22-21.56.38:881][615]LogBlueprintUserMessages: [Quest2Pawn_C_2147482531] X=0.013 Y=-0.032 Z=0.023
11-22 16:56:38.881 31580 31617 D UE4     : [2021.11.22-21.56.38:881][615]LogBlueprintUserMessages: [Quest2Pawn_C_2147482531] 387399.03125
11-22 16:56:38.881 31580 31617 D UE4     : [2021.11.22-21.56.38:881][615]LogBlueprintUserMessages: [Quest2Pawn_C_2147482531] P=-2.629254 Y=-34.736031 R=-13.211798
11-22 16:56:38.881 31580 31617 D UE4     : [2021.11.22-21.56.38:881][615]LogBlueprintUserMessages: [Quest2Pawn_C_2147482531] X=-6.279 Y=-9.767 Z=2.466
11-22 16:56:39.883 31580 31617 D UE4     : [2021.11.22-21.56.39:883][687]LogBlueprintUserMessages: [Quest2Pawn_C_2147482531] Printing Raw Sensor HMD values 
11-22 16:56:39.883 31580 31617 D UE4     : [2021.11.22-21.56.39:883][687]LogBlueprintUserMessages: [Quest2Pawn_C_2147482531] X=-5.255 Y=3.206 Z=0.319
11-22 16:56:39.883 31580 31617 D UE4     : [2021.11.22-21.56.39:883][687]LogBlueprintUserMessages: [Quest2Pawn_C_2147482531] X=-0.014 Y=-0.089 Z=0.268
11-22 16:56:39.883 31580 31617 D UE4     : [2021.11.22-21.56.39:883][687]LogBlueprintUserMessages: [Quest2Pawn_C_2147482531] X=-0.416 Y=-0.347 Z=-0.099
11-22 16:56:39.883 31580 31617 D UE4     : [2021.11.22-21.56.39:883][687]LogBlueprintUserMessages: [Quest2Pawn_C_2147482531] X=-0.025 Y=0.002 Z=-0.038
11-22 16:56:39.884 31580 31617 D UE4     : [2021.11.22-21.56.39:884][687]LogBlueprintUserMessages: [Quest2Pawn_C_2147482531] 387400.03125
11-22 16:56:39.884 31580 31617 D UE4     : [2021.11.22-21.56.39:884][687]LogBlueprintUserMessages: [Quest2Pawn_C_2147482531] P=5.390754 Y=-35.486809 R=-1.509809
11-22 16:56:39.884 31580 31617 D UE4     : [2021.11.22-21.56.39:884][687]LogBlueprintUserMessages: [Quest2Pawn_C_2147482531] X=-6.607 Y=-9.157 Z=2.326
11-22 16:56:40.886 31580 31617 D UE4     : [2021.11.22-21.56.40:886][759]LogBlueprintUserMessages: [Quest2Pawn_C_2147482531] Printing Raw Sensor HMD values 
11-22 16:56:40.886 31580 31617 D UE4     : [2021.11.22-21.56.40:886][759]LogBlueprintUserMessages: [Quest2Pawn_C_2147482531] X=-3.051 Y=-0.876 Z=0.309
11-22 16:56:40.886 31580 31617 D UE4     : [2021.11.22-21.56.40:886][759]LogBlueprintUserMessages: [Quest2Pawn_C_2147482531] X=-0.020 Y=-0.303 Z=-0.261
11-22 16:56:40.886 31580 31617 D UE4     : [2021.11.22-21.56.40:886][759]LogBlueprintUserMessages: [Quest2Pawn_C_2147482531] X=0.631 Y=-0.200 Z=-0.013
11-22 16:56:40.886 31580 31617 D UE4     : [2021.11.22-21.56.40:886][759]LogBlueprintUserMessages: [Quest2Pawn_C_2147482531] X=0.010 Y=0.014 Z=-0.014
11-22 16:56:40.886 31580 31617 D UE4     : [2021.11.22-21.56.40:886][759]LogBlueprintUserMessages: [Quest2Pawn_C_2147482531] 387401.03125
11-22 16:56:40.886 31580 31617 D UE4     : [2021.11.22-21.56.40:886][759]LogBlueprintUserMessages: [Quest2Pawn_C_2147482531] P=14.341538 Y=-36.616795 R=-2.889847
11-22 16:56:40.887 31580 31617 D UE4     : [2021.11.22-21.56.40:887][759]LogBlueprintUserMessages: [Quest2Pawn_C_2147482531] X=-5.905 Y=-9.024 Z=4.081
11-22 16:56:41.888 31580 31617 D UE4     : [2021.11.22-21.56.41:888][831]LogBlueprintUserMessages: [Quest2Pawn_C_2147482531] Printing Raw Sensor HMD values 
11-22 16:56:41.888 31580 31617 D UE4     : [2021.11.22-21.56.41:888][831]LogBlueprintUserMessages: [Quest2Pawn_C_2147482531] X=2.237 Y=-1.236 Z=-0.509
11-22 16:56:41.888 31580 31617 D UE4     : [2021.11.22-21.56.41:888][831]LogBlueprintUserMessages: [Quest2Pawn_C_2147482531] X=-0.069 Y=0.014 Z=-0.113
11-22 16:56:41.889 31580 31617 D UE4     : [2021.11.22-21.56.41:889][831]LogBlueprintUserMessages: [Quest2Pawn_C_2147482531] X=0.730 Y=0.371 Z=0.231
11-22 16:56:41.889 31580 31617 D UE4     : [2021.11.22-21.56.41:889][831]LogBlueprintUserMessages: [Quest2Pawn_C_2147482531] X=0.020 Y=0.015 Z=0.033
11-22 16:56:41.889 31580 31617 D UE4     : [2021.11.22-21.56.41:889][831]LogBlueprintUserMessages: [Quest2Pawn_C_2147482531] 387402.03125
11-22 16:56:41.889 31580 31617 D UE4     : [2021.11.22-21.56.41:889][831]LogBlueprintUserMessages: [Quest2Pawn_C_2147482531] P=4.797217 Y=-37.666634 R=-19.378860
11-22 16:56:41.889 31580 31617 D UE4     : [2021.11.22-21.56.41:889][831]LogBlueprintUserMessages: [Quest2Pawn_C_2147482531] X=-6.664 Y=-9.520 Z=4.971
11-22 16:56:42.891 31580 31617 D UE4     : [2021.11.22-21.56.42:891][903]LogBlueprintUserMessages: [Quest2Pawn_C_2147482531] Printing Raw Sensor HMD values 
11-22 16:56:42.891 31580 31617 D UE4     : [2021.11.22-21.56.42:891][903]LogBlueprintUserMessages: [Quest2Pawn_C_2147482531] X=4.497 Y=0.083 Z=2.448
