11-22 16:53:26.250 31580 31617 D UE4     : [2021.11.22-21.53.26:250][  0]LogImageWrapper: Warning: PNG Warning: iCCP: known incorrect sRGB profile
11-22 16:53:26.251 31580 31648 D UE4     : [2021.11.22-21.53.26:251][  0]LogImageWrapper: Warning: PNG Warning: iCCP: known incorrect sRGB profile
11-22 16:53:26.251 31580 31648 D UE4     : [2021.11.22-21.53.26:251][  0]LogImageWrapper: Warning: PNG Warning: iCCP: known incorrect sRGB profile
11-22 16:53:26.251 31580 31647 D UE4     : [2021.11.22-21.53.26:251][  0]LogImageWrapper: Warning: PNG Warning: iCCP: known incorrect sRGB profile
11-22 16:53:26.251 31580 31647 D UE4     : [2021.11.22-21.53.26:251][  0]LogImageWrapper: Warning: PNG Warning: iCCP: cHRM chunk does not match sRGB
11-22 16:53:26.251 31580 31648 D UE4     : [2021.11.22-21.53.26:251][  0]LogImageWrapper: Warning: PNG Warning: iCCP: known incorrect sRGB profile
11-22 16:53:26.251 31580 31648 D UE4     : [2021.11.22-21.53.26:251][  0]LogImageWrapper: Warning: PNG Warning: iCCP: known incorrect sRGB profile
11-22 16:53:26.251 31580 31617 D UE4     : [2021.11.22-21.53.26:251][  0]LogImageWrapper: Warning: PNG Warning: iCCP: known incorrect sRGB profile
11-22 16:53:26.252 31580 31617 D UE4     : [2021.11.22-21.53.26:252][  0]LogImageWrapper: Warning: PNG Warning: iCCP: known incorrect sRGB profile
11-22 16:53:26.252 31580 31648 D UE4     : [2021.11.22-21.53.26:252][  0]LogImageWrapper: Warning: PNG Warning: iCCP: known incorrect sRGB profile
11-22 16:53:26.252 31580 31648 D UE4     : [2021.11.22-21.53.26:252][  0]LogImageWrapper: Warning: PNG Warning: iCCP: known incorrect sRGB profile
11-22 16:53:26.252 31580 31647 D UE4     : [2021.11.22-21.53.26:252][  0]LogImageWrapper: Warning: PNG Warning: iCCP: known incorrect sRGB profile
11-22 16:53:26.253 31580 31647 D UE4     : [2021.11.22-21.53.26:253][  0]LogImageWrapper: Warning: PNG Warning: iCCP: known incorrect sRGB profile
11-22 16:53:26.253 31580 31648 D UE4     : [2021.11.22-21.53.26:253][  0]LogImageWrapper: Warning: PNG Warning: iCCP: known incorrect sRGB profile
11-22 16:53:26.253 31580 31648 D UE4     : [2021.11.22-21.53.26:253][  0]LogImageWrapper: Warning: PNG Warning: iCCP: known incorrect sRGB profile
11-22 16:53:26.253 31580 31647 D UE4     : [2021.11.22-21.53.26:253][  0]LogImageWrapper: Warning: PNG Warning: iCCP: known incorrect sRGB profile
11-22 16:53:26.253 31580 31647 D UE4     : [2021.11.22-21.53.26:253][  0]LogImageWrapper: Warning: PNG Warning: iCCP: known incorrect sRGB profile
11-22 16:53:26.254 31580 31648 D UE4     : [2021.11.22-21.53.26:254][  0]LogImageWrapper: Warning: PNG Warning: iCCP: known incorrect sRGB profile
11-22 16:53:26.254 31580 31648 D UE4     : [2021.11.22-21.53.26:254][  0]LogImageWrapper: Warning: PNG Warning: iCCP: known incorrect sRGB profile
11-22 16:53:26.254 31580 31647 D UE4     : [2021.11.22-21.53.26:254][  0]LogImageWrapper: Warning: PNG Warning: iCCP: known incorrect sRGB profile
11-22 16:53:26.254 31580 31647 D UE4     : [2021.11.22-21.53.26:254][  0]LogImageWrapper: Warning: PNG Warning: iCCP: known incorrect sRGB profile
11-22 16:53:26.255 31580 31648 D UE4     : [2021.11.22-21.53.26:255][  0]LogImageWrapper: Warning: PNG Warning: iCCP: known incorrect sRGB profile
11-22 16:53:26.255 31580 31648 D UE4     : [2021.11.22-21.53.26:255][  0]LogImageWrapper: Warning: PNG Warning: iCCP: known incorrect sRGB profile
11-22 16:53:26.255 31580 31647 D UE4     : [2021.11.22-21.53.26:255][  0]LogImageWrapper: Warning: PNG Warning: iCCP: known incorrect sRGB profile
11-22 16:53:26.255 31580 31647 D UE4     : [2021.11.22-21.53.26:255][  0]LogImageWrapper: Warning: PNG Warning: iCCP: known incorrect sRGB profile
11-22 16:53:26.255 31580 31617 D UE4     : [2021.11.22-21.53.26:255][  0]LogImageWrapper: Warning: PNG Warning: iCCP: known incorrect sRGB profile
11-22 16:53:26.256 31580 31617 D UE4     : [2021.11.22-21.53.26:256][  0]LogImageWrapper: Warning: PNG Warning: iCCP: known incorrect sRGB profile
11-22 16:53:26.256 31580 31647 D UE4     : [2021.11.22-21.53.26:256][  0]LogImageWrapper: Warning: PNG Warning: iCCP: known incorrect sRGB profile
11-22 16:53:26.256 31580 31647 D UE4     : [2021.11.22-21.53.26:256][  0]LogImageWrapper: Warning: PNG Warning: iCCP: known incorrect sRGB profile
11-22 16:53:26.257 31580 31617 D UE4     : [2021.11.22-21.53.26:257][  0]LogImageWrapper: Warning: PNG Warning: iCCP: known incorrect sRGB profile
11-22 16:53:26.257 31580 31617 D UE4     : [2021.11.22-21.53.26:257][  0]LogImageWrapper: Warning: PNG Warning: iCCP: known incorrect sRGB profile
11-22 16:53:26.257 31580 31648 D UE4     : [2021.11.22-21.53.26:257][  0]LogImageWrapper: Warning: PNG Warning: iCCP: known incorrect sRGB profile
11-22 16:53:26.257 31580 31648 D UE4     : [2021.11.22-21.53.26:257][  0]LogImageWrapper: Warning: PNG Warning: iCCP: known incorrect sRGB profile
11-22 16:53:26.258 31580 31617 D UE4     : [2021.11.22-21.53.26:258][  0]LogImageWrapper: Warning: PNG Warning: iCCP: known incorrect sRGB profile
11-22 16:53:26.258 31580 31617 D UE4     : [2021.11.22-21.53.26:258][  0]LogImageWrapper: Warning: PNG Warning: iCCP: cHRM chunk does not match sRGB
11-22 16:53:26.258 31580 31617 D UE4     : [2021.11.22-21.53.26:258][  0]LogImageWrapper: Warning: PNG Warning: iCCP: known incorrect sRGB profile
11-22 16:53:26.258 31580 31617 D UE4     : [2021.11.22-21.53.26:258][  0]LogImageWrapper: Warning: PNG Warning: iCCP: cHRM chunk does not match sRGB
11-22 16:53:26.258 31580 31648 D UE4     : [2021.11.22-21.53.26:258][  0]LogImageWrapper: Warning: PNG Warning: iCCP: known incorrect sRGB profile
11-22 16:53:26.258 31580 31648 D UE4     : [2021.11.22-21.53.26:258][  0]LogImageWrapper: Warning: PNG Warning: iCCP: cHRM chunk does not match sRGB
11-22 16:53:26.258 31580 31648 D UE4     : [2021.11.22-21.53.26:258][  0]LogImageWrapper: Warning: PNG Warning: iCCP: known incorrect sRGB profile
11-22 16:53:26.258 31580 31648 D UE4     : [2021.11.22-21.53.26:258][  0]LogImageWrapper: Warning: PNG Warning: iCCP: cHRM chunk does not match sRGB
11-22 16:53:26.258 31580 31617 D UE4     : [2021.11.22-21.53.26:258][  0]LogImageWrapper: Warning: PNG Warning: iCCP: known incorrect sRGB profile
11-22 16:53:26.259 31580 31617 D UE4     : [2021.11.22-21.53.26:259][  0]LogImageWrapper: Warning: PNG Warning: iCCP: known incorrect sRGB profile
11-22 16:53:26.259 31580 31648 D UE4     : [2021.11.22-21.53.26:259][  0]LogImageWrapper: Warning: PNG Warning: iCCP: known incorrect sRGB profile
11-22 16:53:26.259 31580 31648 D UE4     : [2021.11.22-21.53.26:259][  0]LogImageWrapper: Warning: PNG Warning: iCCP: known incorrect sRGB profile
11-22 16:53:26.259 31580 31617 D UE4     : [2021.11.22-21.53.26:259][  0]LogImageWrapper: Warning: PNG Warning: iCCP: known incorrect sRGB profile
11-22 16:53:26.260 31580 31617 D UE4     : [2021.11.22-21.53.26:259][  0]LogImageWrapper: Warning: PNG Warning: iCCP: cHRM chunk does not match sRGB
11-22 16:53:26.260 31580 31617 D UE4     : [2021.11.22-21.53.26:260][  0]LogImageWrapper: Warning: PNG Warning: iCCP: known incorrect sRGB profile
11-22 16:53:26.260 31580 31617 D UE4     : [2021.11.22-21.53.26:260][  0]LogImageWrapper: Warning: PNG Warning: iCCP: cHRM chunk does not match sRGB
11-22 16:53:26.260 31580 31648 D UE4     : [2021.11.22-21.53.26:260][  0]LogImageWrapper: Warning: PNG Warning: iCCP: known incorrect sRGB profile
11-22 16:53:26.260 31580 31648 D UE4     : [2021.11.22-21.53.26:260][  0]LogImageWrapper: Warning: PNG Warning: iCCP: known incorrect sRGB profile
11-22 16:53:26.260 31580 31617 D UE4     : [2021.11.22-21.53.26:260][  0]LogImageWrapper: Warning: PNG Warning: iCCP: known incorrect sRGB profile
11-22 16:53:26.261 31580 31617 D UE4     : [2021.11.22-21.53.26:261][  0]LogImageWrapper: Warning: PNG Warning: iCCP: known incorrect sRGB profile
11-22 16:53:26.261 31580 31648 D UE4     : [2021.11.22-21.53.26:261][  0]LogImageWrapper: Warning: PNG Warning: iCCP: known incorrect sRGB profile
11-22 16:53:26.261 31580 31648 D UE4     : [2021.11.22-21.53.26:261][  0]LogImageWrapper: Warning: PNG Warning: iCCP: known incorrect sRGB profile
11-22 16:53:26.261 31580 31647 D UE4     : [2021.11.22-21.53.26:261][  0]LogImageWrapper: Warning: PNG Warning: iCCP: known incorrect sRGB profile
11-22 16:53:26.262 31580 31647 D UE4     : [2021.11.22-21.53.26:261][  0]LogImageWrapper: Warning: PNG Warning: iCCP: known incorrect sRGB profile
11-22 16:53:26.262 31580 31648 D UE4     : [2021.11.22-21.53.26:262][  0]LogImageWrapper: Warning: PNG Warning: iCCP: known incorrect sRGB profile
11-22 16:53:26.262 31580 31648 D UE4     : [2021.11.22-21.53.26:262][  0]LogImageWrapper: Warning: PNG Warning: iCCP: known incorrect sRGB profile
11-22 16:53:26.262 31580 31617 D UE4     : [2021.11.22-21.53.26:262][  0]LogImageWrapper: Warning: PNG Warning: iCCP: known incorrect sRGB profile
11-22 16:53:26.262 31580 31617 D UE4     : [2021.11.22-21.53.26:262][  0]LogImageWrapper: Warning: PNG Warning: iCCP: known incorrect sRGB profile
11-22 16:53:26.263 31580 31648 D UE4     : [2021.11.22-21.53.26:263][  0]LogImageWrapper: Warning: PNG Warning: iCCP: known incorrect sRGB profile
11-22 16:53:26.263 31580 31648 D UE4     : [2021.11.22-21.53.26:263][  0]LogImageWrapper: Warning: PNG Warning: iCCP: known incorrect sRGB profile
11-22 16:53:26.263 31580 31647 D UE4     : [2021.11.22-21.53.26:263][  0]LogImageWrapper: Warning: PNG Warning: iCCP: known incorrect sRGB profile
11-22 16:53:26.263 31580 31647 D UE4     : [2021.11.22-21.53.26:263][  0]LogImageWrapper: Warning: PNG Warning: iCCP: known incorrect sRGB profile
11-22 16:53:26.264 31580 31648 D UE4     : [2021.11.22-21.53.26:264][  0]LogImageWrapper: Warning: PNG Warning: iCCP: known incorrect sRGB profile
11-22 16:53:26.264 31580 31648 D UE4     : [2021.11.22-21.53.26:264][  0]LogImageWrapper: Warning: PNG Warning: iCCP: known incorrect sRGB profile
11-22 16:53:26.264 31580 31617 D UE4     : [2021.11.22-21.53.26:264][  0]LogImageWrapper: Warning: PNG Warning: iCCP: known incorrect sRGB profile
11-22 16:53:26.264 31580 31617 D UE4     : [2021.11.22-21.53.26:264][  0]LogImageWrapper: Warning: PNG Warning: iCCP: known incorrect sRGB profile
11-22 16:53:26.264 31580 31648 D UE4     : [2021.11.22-21.53.26:264][  0]LogImageWrapper: Warning: PNG Warning: iCCP: known incorrect sRGB profile
11-22 16:53:26.265 31580 31648 D UE4     : [2021.11.22-21.53.26:265][  0]LogImageWrapper: Warning: PNG Warning: iCCP: known incorrect sRGB profile
11-22 16:53:26.265 31580 31617 D UE4     : [2021.11.22-21.53.26:265][  0]LogImageWrapper: Warning: PNG Warning: iCCP: known incorrect sRGB profile
11-22 16:53:26.265 31580 31617 D UE4     : [2021.11.22-21.53.26:265][  0]LogImageWrapper: Warning: PNG Warning: iCCP: known incorrect sRGB profile
11-22 16:53:26.265 31580 31648 D UE4     : [2021.11.22-21.53.26:265][  0]LogImageWrapper: Warning: PNG Warning: iCCP: known incorrect sRGB profile
11-22 16:53:26.266 31580 31648 D UE4     : [2021.11.22-21.53.26:266][  0]LogImageWrapper: Warning: PNG Warning: iCCP: known incorrect sRGB profile
11-22 16:53:26.266 31580 31647 D UE4     : [2021.11.22-21.53.26:266][  0]LogImageWrapper: Warning: PNG Warning: iCCP: known incorrect sRGB profile
11-22 16:53:26.266 31580 31647 D UE4     : [2021.11.22-21.53.26:266][  0]LogImageWrapper: Warning: PNG Warning: iCCP: known incorrect sRGB profile
11-22 16:53:26.266 31580 31648 D UE4     : [2021.11.22-21.53.26:266][  0]LogImageWrapper: Warning: PNG Warning: iCCP: known incorrect sRGB profile
11-22 16:53:26.266 31580 31648 D UE4     : [2021.11.22-21.53.26:266][  0]LogImageWrapper: Warning: PNG Warning: iCCP: known incorrect sRGB profile
11-22 16:53:26.267 31580 31617 D UE4     : [2021.11.22-21.53.26:267][  0]LogImageWrapper: Warning: PNG Warning: iCCP: known incorrect sRGB profile
11-22 16:53:26.267 31580 31617 D UE4     : [2021.11.22-21.53.26:267][  0]LogImageWrapper: Warning: PNG Warning: iCCP: known incorrect sRGB profile
11-22 16:53:26.267 31580 31648 D UE4     : [2021.11.22-21.53.26:267][  0]LogImageWrapper: Warning: PNG Warning: iCCP: known incorrect sRGB profile
11-22 16:53:26.267 31580 31648 D UE4     : [2021.11.22-21.53.26:267][  0]LogImageWrapper: Warning: PNG Warning: iCCP: known incorrect sRGB profile
11-22 16:53:26.268 31580 31647 D UE4     : [2021.11.22-21.53.26:268][  0]LogImageWrapper: Warning: PNG Warning: iCCP: known incorrect sRGB profile
11-22 16:53:26.268 31580 31647 D UE4     : [2021.11.22-21.53.26:268][  0]LogImageWrapper: Warning: PNG Warning: iCCP: known incorrect sRGB profile
11-22 16:53:26.268 31580 31648 D UE4     : [2021.11.22-21.53.26:268][  0]LogImageWrapper: Warning: PNG Warning: iCCP: known incorrect sRGB profile
11-22 16:53:26.268 31580 31648 D UE4     : [2021.11.22-21.53.26:268][  0]LogImageWrapper: Warning: PNG Warning: iCCP: cHRM chunk does not match sRGB
11-22 16:53:26.268 31580 31648 D UE4     : [2021.11.22-21.53.26:268][  0]LogImageWrapper: Warning: PNG Warning: iCCP: known incorrect sRGB profile
11-22 16:53:26.268 31580 31648 D UE4     : [2021.11.22-21.53.26:268][  0]LogImageWrapper: Warning: PNG Warning: iCCP: cHRM chunk does not match sRGB
11-22 16:53:26.268 31580 31647 D UE4     : [2021.11.22-21.53.26:268][  0]LogImageWrapper: Warning: PNG Warning: iCCP: known incorrect sRGB profile
11-22 16:53:26.269 31580 31647 D UE4     : [2021.11.22-21.53.26:269][  0]LogImageWrapper: Warning: PNG Warning: iCCP: known incorrect sRGB profile
11-22 16:53:26.269 31580 31617 D UE4     : [2021.11.22-21.53.26:269][  0]LogImageWrapper: Warning: PNG Warning: iCCP: known incorrect sRGB profile
11-22 16:53:26.269 31580 31617 D UE4     : [2021.11.22-21.53.26:269][  0]LogImageWrapper: Warning: PNG Warning: iCCP: cHRM chunk does not match sRGB
11-22 16:53:26.269 31580 31617 D UE4     : [2021.11.22-21.53.26:269][  0]LogImageWrapper: Warning: PNG Warning: iCCP: known incorrect sRGB profile
11-22 16:53:26.269 31580 31617 D UE4     : [2021.11.22-21.53.26:269][  0]LogImageWrapper: Warning: PNG Warning: iCCP: cHRM chunk does not match sRGB
11-22 16:53:26.270 31580 31647 D UE4     : [2021.11.22-21.53.26:270][  0]LogImageWrapper: Warning: PNG Warning: iCCP: known incorrect sRGB profile
11-22 16:53:26.270 31580 31647 D UE4     : [2021.11.22-21.53.26:270][  0]LogImageWrapper: Warning: PNG Warning: iCCP: known incorrect sRGB profile
11-22 16:53:26.271 31580 31648 D UE4     : [2021.11.22-21.53.26:271][  0]LogImageWrapper: Warning: PNG Warning: iCCP: known incorrect sRGB profile
11-22 16:53:26.271 31580 31648 D UE4     : [2021.11.22-21.53.26:271][  0]LogImageWrapper: Warning: PNG Warning: iCCP: known incorrect sRGB profile
11-22 16:53:26.271 31580 31647 D UE4     : [2021.11.22-21.53.26:271][  0]LogImageWrapper: Warning: PNG Warning: iCCP: known incorrect sRGB profile
11-22 16:53:26.271 31580 31647 D UE4     : [2021.11.22-21.53.26:271][  0]LogImageWrapper: Warning: PNG Warning: iCCP: known incorrect sRGB profile
11-22 16:53:26.272 31580 31648 D UE4     : [2021.11.22-21.53.26:272][  0]LogImageWrapper: Warning: PNG Warning: iCCP: known incorrect sRGB profile
11-22 16:53:26.272 31580 31648 D UE4     : [2021.11.22-21.53.26:272][  0]LogImageWrapper: Warning: PNG Warning: iCCP: known incorrect sRGB profile
11-22 16:53:26.272 31580 31647 D UE4     : [2021.11.22-21.53.26:272][  0]LogImageWrapper: Warning: PNG Warning: iCCP: known incorrect sRGB profile
11-22 16:53:26.272 31580 31647 D UE4     : [2021.11.22-21.53.26:272][  0]LogImageWrapper: Warning: PNG Warning: iCCP: known incorrect sRGB profile
11-22 16:53:26.272 31580 31648 D UE4     : [2021.11.22-21.53.26:272][  0]LogImageWrapper: Warning: PNG Warning: iCCP: known incorrect sRGB profile
11-22 16:53:26.273 31580 31648 D UE4     : [2021.11.22-21.53.26:273][  0]LogImageWrapper: Warning: PNG Warning: iCCP: known incorrect sRGB profile
11-22 16:53:26.273 31580 31647 D UE4     : [2021.11.22-21.53.26:273][  0]LogImageWrapper: Warning: PNG Warning: iCCP: known incorrect sRGB profile
11-22 16:53:26.273 31580 31647 D UE4     : [2021.11.22-21.53.26:273][  0]LogImageWrapper: Warning: PNG Warning: iCCP: known incorrect sRGB profile
11-22 16:53:26.273 31580 31648 D UE4     : [2021.11.22-21.53.26:273][  0]LogImageWrapper: Warning: PNG Warning: iCCP: known incorrect sRGB profile
11-22 16:53:26.273 31580 31648 D UE4     : [2021.11.22-21.53.26:273][  0]LogImageWrapper: Warning: PNG Warning: iCCP: known incorrect sRGB profile
11-22 16:53:26.274 31580 31617 D UE4     : [2021.11.22-21.53.26:274][  0]LogImageWrapper: Warning: PNG Warning: iCCP: known incorrect sRGB profile
11-22 16:53:26.274 31580 31617 D UE4     : [2021.11.22-21.53.26:274][  0]LogImageWrapper: Warning: PNG Warning: iCCP: known incorrect sRGB profile
11-22 16:53:26.274 31580 31648 D UE4     : [2021.11.22-21.53.26:274][  0]LogImageWrapper: Warning: PNG Warning: iCCP: known incorrect sRGB profile
11-22 16:53:26.274 31580 31648 D UE4     : [2021.11.22-21.53.26:274][  0]LogImageWrapper: Warning: PNG Warning: iCCP: known incorrect sRGB profile
11-22 16:53:26.275 31580 31647 D UE4     : [2021.11.22-21.53.26:275][  0]LogImageWrapper: Warning: PNG Warning: iCCP: known incorrect sRGB profile
11-22 16:53:26.275 31580 31647 D UE4     : [2021.11.22-21.53.26:275][  0]LogImageWrapper: Warning: PNG Warning: iCCP: known incorrect sRGB profile
11-22 16:53:26.275 31580 31617 D UE4     : [2021.11.22-21.53.26:275][  0]LogImageWrapper: Warning: PNG Warning: iCCP: known incorrect sRGB profile
11-22 16:53:26.275 31580 31617 D UE4     : [2021.11.22-21.53.26:275][  0]LogImageWrapper: Warning: PNG Warning: iCCP: known incorrect sRGB profile
11-22 16:53:26.276 31580 31647 D UE4     : [2021.11.22-21.53.26:276][  0]LogImageWrapper: Warning: PNG Warning: iCCP: known incorrect sRGB profile
11-22 16:53:26.276 31580 31647 D UE4     : [2021.11.22-21.53.26:276][  0]LogImageWrapper: Warning: PNG Warning: iCCP: known incorrect sRGB profile
11-22 16:53:26.276 31580 31617 D UE4     : [2021.11.22-21.53.26:276][  0]LogImageWrapper: Warning: PNG Warning: iCCP: known incorrect sRGB profile
11-22 16:53:26.276 31580 31617 D UE4     : [2021.11.22-21.53.26:276][  0]LogImageWrapper: Warning: PNG Warning: iCCP: known incorrect sRGB profile
11-22 16:53:26.276 31580 31647 D UE4     : [2021.11.22-21.53.26:276][  0]LogImageWrapper: Warning: PNG Warning: iCCP: known incorrect sRGB profile
11-22 16:53:26.277 31580 31647 D UE4     : [2021.11.22-21.53.26:277][  0]LogImageWrapper: Warning: PNG Warning: iCCP: known incorrect sRGB profile
11-22 16:53:26.277 31580 31648 D UE4     : [2021.11.22-21.53.26:277][  0]LogImageWrapper: Warning: PNG Warning: iCCP: known incorrect sRGB profile
11-22 16:53:26.277 31580 31648 D UE4     : [2021.11.22-21.53.26:277][  0]LogImageWrapper: Warning: PNG Warning: iCCP: known incorrect sRGB profile
11-22 16:53:26.277 31580 31647 D UE4     : [2021.11.22-21.53.26:277][  0]LogImageWrapper: Warning: PNG Warning: iCCP: known incorrect sRGB profile
11-22 16:53:26.277 31580 31647 D UE4     : [2021.11.22-21.53.26:277][  0]LogImageWrapper: Warning: PNG Warning: iCCP: known incorrect sRGB profile
11-22 16:53:26.278 31580 31617 D UE4     : [2021.11.22-21.53.26:278][  0]LogImageWrapper: Warning: PNG Warning: iCCP: known incorrect sRGB profile
11-22 16:53:26.278 31580 31617 D UE4     : [2021.11.22-21.53.26:278][  0]LogImageWrapper: Warning: PNG Warning: iCCP: known incorrect sRGB profile
11-22 16:53:26.278 31580 31647 D UE4     : [2021.11.22-21.53.26:278][  0]LogImageWrapper: Warning: PNG Warning: iCCP: known incorrect sRGB profile
11-22 16:53:26.278 31580 31647 D UE4     : [2021.11.22-21.53.26:278][  0]LogImageWrapper: Warning: PNG Warning: iCCP: known incorrect sRGB profile
11-22 16:53:26.278 31580 31648 D UE4     : [2021.11.22-21.53.26:278][  0]LogImageWrapper: Warning: PNG Warning: iCCP: known incorrect sRGB profile
11-22 16:53:26.279 31580 31648 D UE4     : [2021.11.22-21.53.26:279][  0]LogImageWrapper: Warning: PNG Warning: iCCP: known incorrect sRGB profile
11-22 16:53:26.279 31580 31617 D UE4     : [2021.11.22-21.53.26:279][  0]LogImageWrapper: Warning: PNG Warning: iCCP: known incorrect sRGB profile
11-22 16:53:26.279 31580 31617 D UE4     : [2021.11.22-21.53.26:279][  0]LogImageWrapper: Warning: PNG Warning: iCCP: known incorrect sRGB profile
11-22 16:53:26.279 31580 31648 D UE4     : [2021.11.22-21.53.26:279][  0]LogImageWrapper: Warning: PNG Warning: iCCP: known incorrect sRGB profile
11-22 16:53:26.280 31580 31648 D UE4     : [2021.11.22-21.53.26:279][  0]LogImageWrapper: Warning: PNG Warning: iCCP: known incorrect sRGB profile
11-22 16:53:26.280 31580 31617 D UE4     : [2021.11.22-21.53.26:280][  0]LogImageWrapper: Warning: PNG Warning: iCCP: known incorrect sRGB profile
11-22 16:53:26.280 31580 31617 D UE4     : [2021.11.22-21.53.26:280][  0]LogImageWrapper: Warning: PNG Warning: iCCP: known incorrect sRGB profile
11-22 16:53:26.280 31580 31647 D UE4     : [2021.11.22-21.53.26:280][  0]LogImageWrapper: Warning: PNG Warning: iCCP: known incorrect sRGB profile
11-22 16:53:26.280 31580 31647 D UE4     : [2021.11.22-21.53.26:280][  0]LogImageWrapper: Warning: PNG Warning: iCCP: known incorrect sRGB profile
11-22 16:53:26.281 31580 31648 D UE4     : [2021.11.22-21.53.26:281][  0]LogImageWrapper: Warning: PNG Warning: iCCP: known incorrect sRGB profile
11-22 16:53:26.281 31580 31648 D UE4     : [2021.11.22-21.53.26:281][  0]LogImageWrapper: Warning: PNG Warning: iCCP: known incorrect sRGB profile
11-22 16:53:26.281 31580 31617 D UE4     : [2021.11.22-21.53.26:281][  0]LogImageWrapper: Warning: PNG Warning: iCCP: known incorrect sRGB profile
11-22 16:53:26.281 31580 31617 D UE4     : [2021.11.22-21.53.26:281][  0]LogImageWrapper: Warning: PNG Warning: iCCP: known incorrect sRGB profile
11-22 16:53:26.282 31580 31648 D UE4     : [2021.11.22-21.53.26:282][  0]LogImageWrapper: Warning: PNG Warning: iCCP: known incorrect sRGB profile
11-22 16:53:26.282 31580 31647 D UE4     : [2021.11.22-21.53.26:282][  0]LogImageWrapper: Warning: PNG Warning: iCCP: known incorrect sRGB profile
11-22 16:53:26.282 31580 31647 D UE4     : [2021.11.22-21.53.26:282][  0]LogImageWrapper: Warning: PNG Warning: iCCP: known incorrect sRGB profile
11-22 16:53:26.282 31580 31617 D UE4     : [2021.11.22-21.53.26:282][  0]LogImageWrapper: Warning: PNG Warning: iCCP: known incorrect sRGB profile
11-22 16:53:26.282 31580 31617 D UE4     : [2021.11.22-21.53.26:282][  0]LogImageWrapper: Warning: PNG Warning: iCCP: known incorrect sRGB profile
11-22 16:53:26.283 31580 31648 D UE4     : [2021.11.22-21.53.26:283][  0]LogImageWrapper: Warning: PNG Warning: iCCP: known incorrect sRGB profile
11-22 16:53:26.283 31580 31647 D UE4     : [2021.11.22-21.53.26:283][  0]LogImageWrapper: Warning: PNG Warning: iCCP: known incorrect sRGB profile
11-22 16:53:26.283 31580 31647 D UE4     : [2021.11.22-21.53.26:283][  0]LogImageWrapper: Warning: PNG Warning: iCCP: known incorrect sRGB profile
11-22 16:53:26.283 31580 31617 D UE4     : [2021.11.22-21.53.26:283][  0]LogImageWrapper: Warning: PNG Warning: iCCP: known incorrect sRGB profile
11-22 16:53:26.284 31580 31617 D UE4     : [2021.11.22-21.53.26:284][  0]LogImageWrapper: Warning: PNG Warning: iCCP: known incorrect sRGB profile
11-22 16:53:26.284 31580 31647 D UE4     : [2021.11.22-21.53.26:284][  0]LogImageWrapper: Warning: PNG Warning: iCCP: known incorrect sRGB profile
11-22 16:53:26.284 31580 31647 D UE4     : [2021.11.22-21.53.26:284][  0]LogImageWrapper: Warning: PNG Warning: iCCP: cHRM chunk does not match sRGB
11-22 16:53:26.284 31580 31647 D UE4     : [2021.11.22-21.53.26:284][  0]LogImageWrapper: Warning: PNG Warning: iCCP: known incorrect sRGB profile
11-22 16:53:26.284 31580 31647 D UE4     : [2021.11.22-21.53.26:284][  0]LogImageWrapper: Warning: PNG Warning: iCCP: cHRM chunk does not match sRGB
11-22 16:53:26.284 31580 31617 D UE4     : [2021.11.22-21.53.26:284][  0]LogImageWrapper: Warning: PNG Warning: iCCP: known incorrect sRGB profile
11-22 16:53:26.284 31580 31617 D UE4     : [2021.11.22-21.53.26:284][  0]LogImageWrapper: Warning: PNG Warning: iCCP: cHRM chunk does not match sRGB
11-22 16:53:26.284 31580 31617 D UE4     : [2021.11.22-21.53.26:284][  0]LogImageWrapper: Warning: PNG Warning: iCCP: known incorrect sRGB profile
11-22 16:53:26.284 31580 31617 D UE4     : [2021.11.22-21.53.26:284][  0]LogImageWrapper: Warning: PNG Warning: iCCP: cHRM chunk does not match sRGB
11-22 16:53:26.285 31580 31647 D UE4     : [2021.11.22-21.53.26:285][  0]LogImageWrapper: Warning: PNG Warning: iCCP: known incorrect sRGB profile
11-22 16:53:26.285 31580 31647 D UE4     : [2021.11.22-21.53.26:285][  0]LogImageWrapper: Warning: PNG Warning: iCCP: cHRM chunk does not match sRGB
11-22 16:53:26.285 31580 31647 D UE4     : [2021.11.22-21.53.26:285][  0]LogImageWrapper: Warning: PNG Warning: iCCP: known incorrect sRGB profile
11-22 16:53:26.285 31580 31647 D UE4     : [2021.11.22-21.53.26:285][  0]LogImageWrapper: Warning: PNG Warning: iCCP: cHRM chunk does not match sRGB
11-22 16:53:26.285 31580 31617 D UE4     : [2021.11.22-21.53.26:285][  0]LogImageWrapper: Warning: PNG Warning: iCCP: known incorrect sRGB profile
11-22 16:53:26.285 31580 31617 D UE4     : [2021.11.22-21.53.26:285][  0]LogImageWrapper: Warning: PNG Warning: iCCP: cHRM chunk does not match sRGB
11-22 16:53:26.285 31580 31617 D UE4     : [2021.11.22-21.53.26:285][  0]LogImageWrapper: Warning: PNG Warning: iCCP: known incorrect sRGB profile
11-22 16:53:26.285 31580 31617 D UE4     : [2021.11.22-21.53.26:285][  0]LogImageWrapper: Warning: PNG Warning: iCCP: cHRM chunk does not match sRGB
11-22 16:53:26.286 31580 31647 D UE4     : [2021.11.22-21.53.26:286][  0]LogImageWrapper: Warning: PNG Warning: iCCP: known incorrect sRGB profile
11-22 16:53:26.286 31580 31647 D UE4     : [2021.11.22-21.53.26:286][  0]LogImageWrapper: Warning: PNG Warning: iCCP: cHRM chunk does not match sRGB
11-22 16:53:26.286 31580 31647 D UE4     : [2021.11.22-21.53.26:286][  0]LogImageWrapper: Warning: PNG Warning: iCCP: known incorrect sRGB profile
11-22 16:53:26.286 31580 31647 D UE4     : [2021.11.22-21.53.26:286][  0]LogImageWrapper: Warning: PNG Warning: iCCP: cHRM chunk does not match sRGB
11-22 16:53:26.286 31580 31648 D UE4     : [2021.11.22-21.53.26:286][  0]LogImageWrapper: Warning: PNG Warning: iCCP: known incorrect sRGB profile
11-22 16:53:26.286 31580 31648 D UE4     : [2021.11.22-21.53.26:286][  0]LogImageWrapper: Warning: PNG Warning: iCCP: cHRM chunk does not match sRGB
11-22 16:53:26.286 31580 31648 D UE4     : [2021.11.22-21.53.26:286][  0]LogImageWrapper: Warning: PNG Warning: iCCP: known incorrect sRGB profile
11-22 16:53:26.286 31580 31648 D UE4     : [2021.11.22-21.53.26:286][  0]LogImageWrapper: Warning: PNG Warning: iCCP: cHRM chunk does not match sRGB
11-22 16:53:26.287 31580 31647 D UE4     : [2021.11.22-21.53.26:286][  0]LogImageWrapper: Warning: PNG Warning: iCCP: known incorrect sRGB profile
11-22 16:53:26.287 31580 31647 D UE4     : [2021.11.22-21.53.26:287][  0]LogImageWrapper: Warning: PNG Warning: iCCP: known incorrect sRGB profile
11-22 16:53:26.287 31580 31647 D UE4     : [2021.11.22-21.53.26:287][  0]LogImageWrapper: Warning: PNG Warning: iCCP: known incorrect sRGB profile
11-22 16:53:26.288 31580 31647 D UE4     : [2021.11.22-21.53.26:288][  0]LogImageWrapper: Warning: PNG Warning: iCCP: known incorrect sRGB profile
11-22 16:53:26.288 31580 31647 D UE4     : [2021.11.22-21.53.26:288][  0]LogImageWrapper: Warning: PNG Warning: iCCP: known incorrect sRGB profile
11-22 16:53:26.289 31580 31647 D UE4     : [2021.11.22-21.53.26:289][  0]LogImageWrapper: Warning: PNG Warning: iCCP: known incorrect sRGB profile
11-22 16:53:26.289 31580 31647 D UE4     : [2021.11.22-21.53.26:289][  0]LogImageWrapper: Warning: PNG Warning: iCCP: known incorrect sRGB profile
11-22 16:53:26.289 31580 31617 D UE4     : [2021.11.22-21.53.26:289][  0]LogImageWrapper: Warning: PNG Warning: iCCP: known incorrect sRGB profile
11-22 16:53:26.290 31580 31617 D UE4     : [2021.11.22-21.53.26:290][  0]LogImageWrapper: Warning: PNG Warning: iCCP: known incorrect sRGB profile
11-22 16:53:26.290 31580 31648 D UE4     : [2021.11.22-21.53.26:290][  0]LogImageWrapper: Warning: PNG Warning: iCCP: known incorrect sRGB profile
11-22 16:53:26.290 31580 31648 D UE4     : [2021.11.22-21.53.26:290][  0]LogImageWrapper: Warning: PNG Warning: iCCP: known incorrect sRGB profile
11-22 16:53:26.290 31580 31647 D UE4     : [2021.11.22-21.53.26:290][  0]LogImageWrapper: Warning: PNG Warning: iCCP: known incorrect sRGB profile
11-22 16:53:26.291 31580 31647 D UE4     : [2021.11.22-21.53.26:291][  0]LogImageWrapper: Warning: PNG Warning: iCCP: known incorrect sRGB profile
11-22 16:53:26.291 31580 31648 D UE4     : [2021.11.22-21.53.26:291][  0]LogImageWrapper: Warning: PNG Warning: iCCP: known incorrect sRGB profile
11-22 16:53:26.291 31580 31648 D UE4     : [2021.11.22-21.53.26:291][  0]LogImageWrapper: Warning: PNG Warning: iCCP: known incorrect sRGB profile
11-22 16:53:26.293 31580 31647 D UE4     : [2021.11.22-21.53.26:293][  0]LogImageWrapper: Warning: PNG Warning: iCCP: known incorrect sRGB profile
11-22 16:53:26.293 31580 31647 D UE4     : [2021.11.22-21.53.26:293][  0]LogImageWrapper: Warning: PNG Warning: iCCP: known incorrect sRGB profile
11-22 16:53:26.295 31580 31648 D UE4     : [2021.11.22-21.53.26:295][  0]LogImageWrapper: Warning: PNG Warning: iCCP: known incorrect sRGB profile
11-22 16:53:26.295 31580 31648 D UE4     : [2021.11.22-21.53.26:295][  0]LogImageWrapper: Warning: PNG Warning: iCCP: known incorrect sRGB profile
11-22 16:53:26.323 31580 31617 D UE4     : [2021.11.22-21.53.26:323][  0]LogShaderLibrary: Display: Using ../../../p4ndn/Content/ShaderArchive-p4ndn-GLSL_ES3_1_ANDROID.ushaderbytecode for material shader code. Total 1591 unique shaders.
11-22 16:53:26.323 31580 31617 D UE4     : [2021.11.22-21.53.26:323][  0]LogShaderLibrary: Display: Cooked Context: Using Shared Shader Library p4ndn
11-22 16:53:26.324 31580 31617 D UE4     : [2021.11.22-21.53.26:324][  0]LogShaderLibrary: Display: Logical shader library 'p4ndn' has been created, components 1
11-22 16:53:26.324 31580 31617 D UE4     : [2021.11.22-21.53.26:324][  0]LogRHI: Display: Opened pipeline cache after state change and enqueued -1024884006 of 0 tasks for precompile.
11-22 16:53:26.324 31580 31617 D UE4     : [2021.11.22-21.53.26:324][  0]LogRHI: Display: Failed to open default shader pipeline cache for p4ndn using shader platform 24.
11-22 16:53:26.324 31580 31617 D UE4     : [2021.11.22-21.53.26:324][  0]LogInit: Using OS detected language (en-US).
11-22 16:53:26.324 31580 31617 D UE4     : [2021.11.22-21.53.26:324][  0]LogInit: Using OS detected locale (en-US).
11-22 16:53:26.324 31580 31617 D UE4     : [2021.11.22-21.53.26:324][  0]LogTextLocalizationManager: No localization for 'en-US' exists, so 'en' will be used for the language.
11-22 16:53:26.325 31580 31617 D UE4     : [2021.11.22-21.53.26:325][  0]LogTextLocalizationManager: No localization for 'en-US' exists, so 'en' will be used for the locale.
11-22 16:53:26.325 31580 31617 D UE4     : [2021.11.22-21.53.26:325][  0]LogSlate: FontCache flush requested. Reason: Culture for localization was changed
11-22 16:53:26.325 31580 31617 D UE4     : [2021.11.22-21.53.26:325][  0]LogSlate: FontCache flush requested. Reason: Culture for localization was changed
11-22 16:53:26.325 31580 31645 D UE4     : [2021.11.22-21.53.26:325][  0]LogTextLocalizationManager: Compacting localization data took   0.05ms
11-22 16:53:26.328 31580 31617 D UE4     : [2021.11.22-21.53.26:328][  0]LogAssetRegistry: FAssetRegistry took 0.0021 seconds to start up
11-22 16:53:26.405 31580 31766 D UE4     : [2021.11.22-21.53.26:404][  0]LogRHI: AndroidEGL:SwapBuffers eglGetCompositorTimingANDROID EGL_COMPOSITE_DEADLINE_ANDROID=-1, EGL_COMPOSITE_INTERVAL_ANDROID=-1, EGL_COMPOSITE_TO_PRESENT_LATENCY_ANDROID=-1
11-22 16:53:26.406 31580 31766 D UE4     : [2021.11.22-21.53.26:406][  0]LogRHI: JNI Display getRefreshRate=120.000008
11-22 16:53:26.406 31580 31766 D UE4     : [2021.11.22-21.53.26:406][  0]LogRHI: Final display timing metrics: DriverRefreshRate=120.0000  DriverRefreshNanos=8333333
11-22 16:53:26.406 31580 31766 D UE4     : [2021.11.22-21.53.26:406][  0]LogRHI: AndroidEGL:SwapBuffers Min=0, Max=1, Request=1, ClosestDriver=2, SetDriver=1
11-22 16:53:26.406 31580 31766 D UE4     : [2021.11.22-21.53.26:406][  0]LogRHI: Called eglSwapInterval 1
11-22 16:53:26.406 31580 31766 D UE4     : [2021.11.22-21.53.26:406][  0]LogRHI: Display: Using niave method for frame pacing (possible with timestamps method)
11-22 16:53:26.555 31580 31617 D UE4     : [2021.11.22-21.53.26:555][  0]LogStreaming: Display: FlushAsyncLoading: 1 QueuedPackages, 0 AsyncPackages
11-22 16:53:26.556 31580 31617 D UE4     : [2021.11.22-21.53.26:556][  0]LogPackageLocalizationCache: Processed 24 localized package path(s) for 1 prioritized culture(s) in 0.000289 seconds
11-22 16:53:26.576 31580 31617 D UE4     : [2021.11.22-21.53.26:576][  0]LogSerialization: Display: AllowBulkDataInIoStore: 'true'
11-22 16:53:26.579 31580 31617 D UE4     : [2021.11.22-21.53.26:579][  0]LogInit: Active device profile: [0xba946200][0xbac37a80 49] Android_Adreno6xx
11-22 16:53:26.579 31580 31617 D UE4     : [2021.11.22-21.53.26:579][  0]LogInit: Profiles: [0xba945f80][0xbaff4000 49] Android, [0xba945e80][0xbac38fd0 49] Android_High, [0xba946200][0xbac37a80 49] Android_Adreno6xx, 
11-22 16:53:26.614 31580 31617 D UE4     : [2021.11.22-21.53.26:614][  0]LogNetVersion: p4ndn 1.0.0, NetCL: 17155196, EngineNetVer: 17, GameNetVer: 0 (Checksum: 2658556298)
11-22 16:53:26.728 31580 31617 D UE4     : [2021.11.22-21.53.26:728][  0]LogAudioCaptureCore: Display: No Audio Capture implementations found. Audio input will be silent.
11-22 16:53:26.728 31580 31617 D UE4     : [2021.11.22-21.53.26:728][  0]LogAudioCaptureCore: Display: No Audio Capture implementations found. Audio input will be silent.
11-22 16:53:26.732 31580 31617 D UE4     : [2021.11.22-21.53.26:732][  0]LogHMD: PokeAHoleMaterial loaded successfully
11-22 16:53:26.823 31580 31617 D UE4     : [2021.11.22-21.53.26:823][  0]LogMoviePlayer: Initializing movie player
11-22 16:53:26.824 31580 31617 D UE4     : [2021.11.22-21.53.26:824][  0]LogNiagaraDebuggerClient: Niagara Debugger Client Initialized | Session: 1EE8AB044BAA0C43FF0BDEAF5C1946D3 | Instance: 25D347C8F9AE438DA5A0A59AEB8D017B (Quest-31580).
11-22 16:53:26.827 31580 31617 D UE4     : [2021.11.22-21.53.26:827][  0]LogUdpMessaging: Initializing bridge on interface 0.0.0.0:0 to multicast group 230.0.0.1:6666.
11-22 16:53:26.828 31580 31617 D UE4     : [2021.11.22-21.53.26:828][  0]LogTcpMessaging: Initializing TcpMessaging bridge, listening on 127.0.0.1:6666
11-22 16:53:26.830 31580 31617 D UE4     : [2021.11.22-21.53.26:830][  0]LogOnline: Oculus: Oculus Startup!
11-22 16:53:26.831 31580 31617 D UE4     : [2021.11.22-21.53.26:831][  0]LogAndroidPermission: UAndroidPermissionCallbackProxy::GetInstance
11-22 16:53:26.831 31580 31617 D UE4     : [2021.11.22-21.53.26:831][  0]LogGooglePAD: Display: GooglePAD disabled.
11-22 16:53:26.832 31580 31617 D UE4     : [2021.11.22-21.53.26:832][  0]LogOcInput: OculusInput pre-init called
11-22 16:53:26.846 31580 31617 D UE4     : [2021.11.22-21.53.26:846][  0]LogUObjectArray: 15294 objects as part of root set at end of initial load.
11-22 16:53:26.846 31580 31617 D UE4     : [2021.11.22-21.53.26:846][  0]LogUObjectArray: 2 objects are not in the root set, but can never be destroyed because they are in the DisregardForGC set.
11-22 16:53:26.846 31580 31617 D UE4     : [2021.11.22-21.53.26:846][  0]LogUObjectAllocator: 2181040 out of 0 bytes used by permanent object pool.
11-22 16:53:26.846 31580 31617 D UE4     : [2021.11.22-21.53.26:846][  0]LogUObjectArray: CloseDisregardForGC: 15294/15294 objects in disregard for GC pool
11-22 16:53:26.857 31580 31617 D UE4     : [2021.11.22-21.53.26:857][  0]LogAndroid: Display: Passed PreInit()
11-22 16:53:26.857 31580 31617 D UE4     : [2021.11.22-21.53.26:857][  0]LogEngine: Initializing Engine...
11-22 16:53:26.858 31580 31617 D UE4     : [2021.11.22-21.53.26:858][  0]LogHMD: PokeAHoleMaterial loaded successfully
11-22 16:53:26.858 31580 31617 D UE4     : [2021.11.22-21.53.26:858][  0]LogHMD: Initializing OVRPlugin session
11-22 16:53:26.865 31580 31617 D UE4     : [2021.11.22-21.53.26:865][  0]LogHMD: OculusHMD plugin supports multiview!
11-22 16:53:26.941 31580 31767 D UE4     : [2021.11.22-21.53.26:941][  0]LogHMD: Allocating Oculus 2880 x 1584 rendertarget swapchain
11-22 16:53:26.951 31580 31617 D UE4     : [2021.11.22-21.53.26:951][  0]LogHMD: FSplash::Startup Show Splash on Startup
11-22 16:53:26.952 31580 31617 D UE4     : [2021.11.22-21.53.26:952][  0]LogHMD: FSplash::DoShow
11-22 16:53:26.952 31580 31617 D UE4     : [2021.11.22-21.53.26:952][  0]LogHMD: Oculus plugin initialized. Version: 4.27.1-17735300+++UE4+Release-4.27, OVRPlugin: 1.59.0
11-22 16:53:26.955 31580 31617 D UE4     : [2021.11.22-21.53.26:955][  0]LogStats: UGameplayTagsManager::InitializeManager -  0.001 s
11-22 16:53:26.994 31580 31617 D UE4     : [2021.11.22-21.53.26:994][  0]LogInit: Initializing FReadOnlyCVARCache
11-22 16:53:26.994 31580 31617 D UE4     : [2021.11.22-21.53.26:994][  0]LogAudio: Display: Initializing Audio Device Manager...
11-22 16:53:26.994 31580 31617 D UE4     : [2021.11.22-21.53.26:994][  0]LogAudio: Display: Loading Default Audio Settings Objects...
11-22 16:53:26.995 31580 31617 D UE4     : [2021.11.22-21.53.26:995][  0]LogAudio: Display: No default SoundConcurrencyObject specified (or failed to load).
11-22 16:53:26.995 31580 31617 D UE4     : [2021.11.22-21.53.26:995][  0]LogAudio: Display: Audio Device Manager Initialized
11-22 16:53:26.995 31580 31617 D UE4     : [2021.11.22-21.53.26:995][  0]LogAudio: Display: Creating Audio Device:                 Id: 1, Scope: Shared, Realtime: True
11-22 16:53:26.995 31580 31617 D UE4     : [GameActivity] [JAVA] audiomanager.framesPerBuffer = 192
11-22 16:53:26.995 31580 31617 D UE4     : [2021.11.22-21.53.26:995][  0]LogAudioMixer: Display: Audio Mixer Platform Settings:
11-22 16:53:26.995 31580 31617 D UE4     : [2021.11.22-21.53.26:995][  0]LogAudioMixer: Display: 	Sample Rate:						  44100
11-22 16:53:26.995 31580 31617 D UE4     : [2021.11.22-21.53.26:995][  0]LogAudioMixer: Display: 	Callback Buffer Frame Size Requested: 1152
11-22 16:53:26.996 31580 31617 D UE4     : [2021.11.22-21.53.26:996][  0]LogAudioMixer: Display: 	Callback Buffer Frame Size To Use:	  1152
11-22 16:53:26.996 31580 31617 D UE4     : [2021.11.22-21.53.26:996][  0]LogAudioMixer: Display: 	Number of buffers to queue:			  4
11-22 16:53:26.996 31580 31617 D UE4     : [2021.11.22-21.53.26:996][  0]LogAudioMixer: Display: 	Max Channels (voices):				  0
11-22 16:53:26.996 31580 31617 D UE4     : [2021.11.22-21.53.26:996][  0]LogAudioMixer: Display: 	Number of Async Source Workers:		  0
11-22 16:53:26.996 31580 31617 D UE4     : [2021.11.22-21.53.26:996][  0]LogAudio: Display: AudioDevice MaxSources: 32
11-22 16:53:26.996 31580 31617 D UE4     : [2021.11.22-21.53.26:996][  0]LogAudio: Display: Audio Spatialization Plugin: None (built-in).
11-22 16:53:26.996 31580 31617 D UE4     : [2021.11.22-21.53.26:996][  0]LogAudio: Display: Audio Reverb Plugin: None (built-in).
11-22 16:53:26.996 31580 31617 D UE4     : [2021.11.22-21.53.26:996][  0]LogAudio: Display: Audio Occlusion Plugin: None (built-in).
11-22 16:53:26.996 31580 31617 D UE4     : [2021.11.22-21.53.26:996][  0]LogAudioMixer: Display: Initializing audio mixer.
11-22 16:53:26.996 31580 31617 D UE4     : [GameActivity] [JAVA] audiomanager.optimalSampleRate = 48000
11-22 16:53:26.997 31580 31617 D UE4     : [GameActivity] [JAVA] audiomanager.framesPerBuffer = 192
11-22 16:53:27.008 31580 31617 D UE4     : [2021.11.22-21.53.27:008][  0]LogAudioMixer: Display: Using Audio Device Android Audio Device
11-22 16:53:27.008 31580 31617 D UE4     : [2021.11.22-21.53.27:008][  0]LogAudioMixer: Display: Initializing Sound Submixes...
11-22 16:53:27.011 31580 31617 D UE4     : [2021.11.22-21.53.27:011][  0]LogAudioMixer: Display: Creating Master Submix 'MasterSubmixDefault'
11-22 16:53:27.011 31580 31617 D UE4     : [2021.11.22-21.53.27:011][  0]LogAudioMixer: Display: Creating Master Submix 'MasterReverbSubmixDefault'
11-22 16:53:27.013 31580 31617 D UE4     : [2021.11.22-21.53.27:013][  0]LogAudioMixer: Display: Creating Master Submix 'MasterEQSubmixDefault'
11-22 16:53:27.013 31580 31617 D UE4     : [2021.11.22-21.53.27:013][  0]LogAudioMixer: Display: Output buffers initialized: Frames=1152, Channels=2, Samples=2304
11-22 16:53:27.013 31580 31796 D UE4     : [2021.11.22-21.53.27:013][  0]LogAudioMixer: Display: Starting AudioMixerPlatformInterface::RunInternal()
11-22 16:53:27.031 31580 31617 D UE4     : [2021.11.22-21.53.27:031][  0]LogInit: FAudioDevice initialized.
11-22 16:53:27.031 31580 31794 D UE4     : [2021.11.22-21.53.27:031][  0]LogAudioMixer: Display: Audio Buffer Underrun (starvation) detected.
11-22 16:53:27.031 31580 31617 D UE4     : [2021.11.22-21.53.27:031][  0]LogNetVersion: Set ProjectVersion to 1.0.0.0. Version Checksum will be recalculated on next use.
11-22 16:53:27.031 31580 31617 D UE4     : [2021.11.22-21.53.27:031][  0]LogInit: Texture streaming: Enabled
11-22 16:53:27.039 31580 31617 D UE4     : [2021.11.22-21.53.27:039][  0]LogAudio: Display: Audio Device (ID: 1) registered with world 'Untitled'.
11-22 16:53:27.039 31580 31617 D UE4     : [2021.11.22-21.53.27:039][  0]LogSlate: Updating window title bar state: overlay mode, drag disabled, window buttons hidden, title bar hidden
11-22 16:53:27.040 31580 31617 D UE4     : [2021.11.22-21.53.27:040][  0]LogInit: Display: Game Engine Initialized.
11-22 16:53:27.040 31580 31617 D UE4     : [2021.11.22-21.53.27:040][  0]LogInit: Display: Starting Game.
11-22 16:53:27.040 31580 31617 D UE4     : [2021.11.22-21.53.27:040][  0]LogNet: Browse: /Game/QuestQSMAP?Name=Player
11-22 16:53:27.041 31580 31766 D UE4     : [2021.11.22-21.53.27:041][  0]LogRHI: Using OpenGL program LRU cache: 0
11-22 16:53:27.053 31580 31617 D UE4     : [2021.11.22-21.53.27:053][  0]LogHMD: FSplash::DoShow
11-22 16:53:27.053 31580 31617 D UE4     : [2021.11.22-21.53.27:053][  0]LogLoad: LoadMap: /Game/QuestQSMAP?Name=Player
11-22 16:53:27.053 31580 31617 D UE4     : [2021.11.22-21.53.27:053][  0]LogWorld: BeginTearingDown for /Temp/Untitled_0
11-22 16:53:27.054 31580 31617 D UE4     : [2021.11.22-21.53.27:054][  0]LogWorld: UWorld::CleanupWorld for Untitled, bSessionEnded=true, bCleanupResources=true
11-22 16:53:27.054 31580 31617 D UE4     : [2021.11.22-21.53.27:054][  0]LogSlate: InvalidateAllWidgets triggered.  All widgets were invalidated
11-22 16:53:27.057 31580 31617 D UE4     : [2021.11.22-21.53.27:057][  0]LogAudio: Display: Audio Device unregistered from world 'None'.
11-22 16:53:27.058 31580 31617 D UE4     : [2021.11.22-21.53.27:058][  0]LogUObjectHash: Compacting FUObjectHashTables data took   0.42ms
11-22 16:53:27.071 31580 31617 D UE4     : [2021.11.22-21.53.27:071][  0]LogAudio: Display: Audio Device (ID: 1) registered with world 'QuestQSMAP'.
11-22 16:53:27.073 31580 31617 D UE4     : [2021.11.22-21.53.27:073][  0]LogAIModule: Creating AISystem for world QuestQSMAP
11-22 16:53:27.076 31580 31617 D UE4     : [2021.11.22-21.53.27:076][  0]LogLoad: Game class is 'Quest2GameMode_C'
11-22 16:53:27.077 31580 31617 D UE4     : [2021.11.22-21.53.27:077][  0]LogWorld: Bringing World /Game/QuestQSMAP.QuestQSMAP up for play (max tick rate 0) at 2021.11.22-16.53.27
11-22 16:53:27.078 31580 31617 D UE4     : [2021.11.22-21.53.27:078][  0]LogWorld: Bringing up level for play took: 0.001083
11-22 16:53:27.078 31580 31617 D UE4     : [2021.11.22-21.53.27:078][  0]LogOnline: OSS: Creating online subsystem instance for: GooglePlay
11-22 16:53:27.078 31580 31617 D UE4     : [2021.11.22-21.53.27:078][  0]LogOnline: Warning: OSS: FOnlineSubsystemGooglePlayModule was disabled
11-22 16:53:27.089 31580 31617 D UE4     : [2021.11.22-21.53.27:089][  0]LogMR: MRC Initialized
11-22 16:53:27.089 31580 31617 D UE4     : [2021.11.22-21.53.27:089][  0]LogHMD: FSplash::OnPostLoadMap Hide Auto Splash
11-22 16:53:27.089 31580 31617 D UE4     : [2021.11.22-21.53.27:089][  0]LogLoad: Took 0.036648 seconds to LoadMap(/Game/QuestQSMAP)
11-22 16:53:27.108 31580 31766 D UE4     : AndroidEGL::  ReleaseContextOwnership,  thread releasing rendering context tid: 31766
11-22 16:53:27.108 31580 31766 D UE4     : AndroidEGL::ResetDisplay()
11-22 16:53:27.116 31580 31766 D UE4     : AndroidEGL::  ReleaseContextOwnership,  thread releasing rendering context tid: 31766
11-22 16:53:27.116 31580 31766 D UE4     : AndroidEGL::ResetDisplay()
11-22 16:53:27.118 31580 31617 D UE4     : [2021.11.22-21.53.27:118][  0]LogSlate: Took 0.000287 seconds to synchronously load lazily loaded font '../../../Engine/Content/Slate/Fonts/Roboto-Regular.ttf' (155K)
11-22 16:53:27.119 31580 31617 D UE4     : [2021.11.22-21.53.27:119][  0]LogRHI: Display: ShaderPipelineCache: Paused Batching. 1
11-22 16:53:27.119 31580 31617 D UE4     : [2021.11.22-21.53.27:119][  0]LogRHI: Display: ShaderPipelineCache: Resumed Batching. 0
11-22 16:53:27.119 31580 31617 D UE4     : [2021.11.22-21.53.27:119][  0]LogRHI: Display: ShaderPipelineCache: Batching Resumed.
11-22 16:53:27.119 31580 31617 D UE4     : [2021.11.22-21.53.27:119][  0]LogInit: Display: Engine is initialized. Leaving FEngineLoop::Init()
11-22 16:53:27.119 31580 31617 D UE4     : [2021.11.22-21.53.27:119][  0]LogAndroid: Passed GEngineLoop.Init()
11-22 16:53:27.119 31580 31811 D UE4     : [2021.11.22-21.53.27:119][  0]LogRenderer: Warning: Resizing VR buffer to 2880 by 1584
11-22 16:53:27.119 31580 31617 D UE4     : [2021.11.22-21.53.27:119][  0]LogAndroidEvents: Display: LogAndroidEvents::DequeueAppEvent : 9, [width=-1, height=-1], APP_EVENT_STATE_ON_START
11-22 16:53:27.119 31580 31617 D UE4     : FAppEventManager::Tick processing, 9
11-22 16:53:27.119 31580 31811 D UE4     : [2021.11.22-21.53.27:119][  0]LogRenderer: Reallocating scene render targets to support 2880x1584 Format 37 NumSamples 4 (Frame:1).
11-22 16:53:27.120 31580 31617 D UE4     : [2021.11.22-21.53.27:119][  0]LogAndroidEvents: Display: LogAndroidEvents::DequeueAppEvent : 7, [width=-1, height=-1], APP_EVENT_STATE_ON_RESUME
11-22 16:53:27.120 31580 31617 D UE4     : FAppEventManager::Tick processing, 7
11-22 16:53:27.120 31580 31617 D UE4     : [2021.11.22-21.53.27:120][  0]LogAndroidEvents: Display: LogAndroidEvents::DequeueAppEvent : 0, [width=3664, height=1920], APP_EVENT_STATE_WINDOW_CREATED
11-22 16:53:27.120 31580 31617 D UE4     : FAppEventManager::Tick processing, 0
11-22 16:53:27.120 31580 31617 D UE4     : [2021.11.22-21.53.27:120][  0]LogAndroidEvents: Display: ExecWindowCreated
11-22 16:53:27.120 31580 31617 D UE4     : AndroidEGL::ReInitWindow()
11-22 16:53:27.120 31580 31617 D UE4     : [2021.11.22-21.53.27:120][  0]LogAndroid: AndroidEGL::RefreshWindowSize updating window size = 3664, 1920, cached size : 0, 0 tid : 31617
11-22 16:53:27.120 31580 31617 D UE4     : [2021.11.22-21.53.27:120][  0]LogAndroid: AndroidEGL::ResizeSharedContextSurface, PImplData->Window=0xcf9c4808, PImplData->eglWidth=8, PImplData->eglHeight=8!, CachedWidth=3664, CachedHeight=1920, tid: 31617
11-22 16:53:27.120 31580 31617 D UE4     : AndroidEGL::UnBindShared()
11-22 16:53:27.120 31580 31617 D UE4     : AndroidEGL::ResetDisplay()
11-22 16:53:27.120 31580 31617 D UE4     : AndroidEGL::DestroySharedSurface()
11-22 16:53:27.120 31580 31617 D UE4     : AndroidEGL::InitSharedSurface 0
11-22 16:53:27.120 31580 31617 D UE4     : AndroidEGL::InitSharedSurface, Using CachedWindowRect, width: 3664, height 1920 
11-22 16:53:27.120 31580 31617 D UE4     : AndroidEGL::InitSharedSurface, Using width: 3664, height 1920 
11-22 16:53:27.120 31580 31617 D UE4     : AndroidEGL::InitSharedSurface, width: 3664, height 1920 
11-22 16:53:27.120 31580 31617 D UE4     : AndroidEGL::CreateEGLSharedSurface(), auxSurface = eglCreatePbufferSurface(), 8x8
11-22 16:53:27.120 31580 31617 D UE4     : ExecWindowCreated, 0, 1, 1
11-22 16:53:27.120 31580 31617 D UE4     : [2021.11.22-21.53.27:120][  0]LogAndroidEvents: Display: LogAndroidEvents::DequeueAppEvent : 11, [width=-1, height=-1], APP_EVENT_STATE_WINDOW_GAINED_FOCUS
11-22 16:53:27.120 31580 31617 D UE4     : FAppEventManager::Tick processing, 11
11-22 16:53:27.120 31580 31617 D UE4     : [2021.11.22-21.53.27:120][  0]LogAndroidEvents: Display: LogAndroidEvents::DequeueAppEvent : 14, [width=-1, height=-1], APP_EVENT_STATE_APP_ACTIVATED
11-22 16:53:27.120 31580 31617 D UE4     : FAppEventManager::Tick processing, 14
11-22 16:53:27.120 31580 31617 D UE4     : Execution will be resumed!
11-22 16:53:27.120 31580 31617 D UE4     : [2021.11.22-21.53.27:120][  0]LogAndroidEvents: Display: LogAndroidEvents::DequeueAppEvent : 15, [width=-1, height=-1], APP_EVENT_RUN_CALLBACK
11-22 16:53:27.120 31580 31617 D UE4     : FAppEventManager::Tick processing, 15
11-22 16:53:27.120 31580 31617 D UE4     : [2021.11.22-21.53.27:120][  0]LogAndroidEvents: Display: Event thread callback running.
11-22 16:53:27.120 31580 31617 D UE4     : [2021.11.22-21.53.27:120][  0]LogAndroid: performing app foregrounding callback.
11-22 16:53:27.120 31580 31617 D UE4     : [GameActivity] Registering volume receiver
11-22 16:53:27.131 31580 31617 D UE4     : [GameActivity] startVolumeReceiver: 14
11-22 16:53:27.131 31580 31617 D UE4     : nativeVolumeEvent(14)
11-22 16:53:27.131 31580 31617 D UE4     : [GameActivity] Registering battery receiver
11-22 16:53:27.132 31580 31617 D UE4     : [GameActivity] Registering headset receiver
11-22 16:53:27.132 31580 31617 D UE4     : [GameActivity] startHeadsetReceiver: 0
11-22 16:53:27.132 31580 31617 D UE4     : nativeHeadsetEvent(0)
11-22 16:53:27.132 31580 31617 D UE4     : [2021.11.22-21.53.27:132][  0]LogCore: Display: AppLifetime: Application has entered foreground
