11-22 16:53:27.133 31580 31580 D UE4     : [GameActivity] Battery: status = 4, rawlevel = 90, scale = 100
11-22 16:53:27.133 31580 31580 D UE4     : nativeBatteryEvent(stat = 4, lvl = 90  temp = 37.50 C)
11-22 16:53:27.930 31580 31617 D UE4     : [2021.11.22-21.53.27:930][  0]LogTcpMessaging: Initializing TcpMessaging bridge, listening on 127.0.0.1:6666
11-22 16:53:28.930 31580 31912 D UE4     : [2021.11.22-21.53.28:930][  0]LogTcpMessaging: Started Connection to '127.0.0.1:45335'
11-22 16:53:28.931 31580 31912 D UE4     : [2021.11.22-21.53.28:931][  0]LogTcpMessaging: Discovered node '69F7496A4E83FDB51F92A2B785C62226' on connection '127.0.0.1:45335'...
11-22 16:53:28.932 31580 31617 D UE4     : [2021.11.22-21.53.28:932][  0]LogUdpMessaging: Initializing bridge on interface 0.0.0.0:0 to multicast group 230.0.0.1:6666.
11-22 16:53:28.933 31580 31617 D UE4     : [2021.11.22-21.53.28:933][  0]LogCore: Display: AppLifetime: Application has reactivated
11-22 16:53:28.933 31580 31617 D UE4     : [2021.11.22-21.53.28:933][  0]LogTemp: Android resume audio
11-22 16:53:28.935 31580 31617 D UE4     : [2021.11.22-21.53.28:935][  0]LogOcInput: OculusInput is initialized
11-22 16:53:28.935 31580 31617 D UE4     : [2021.11.22-21.53.28:935][  0]LogHMD: FSplash::DoHide
11-22 16:53:28.935 31580 31766 D UE4     : [2021.11.22-21.53.28:935][  0]LogAndroid: AndroidEGL::ResizeRenderContextSurface, PImplData->Window=0xcf9c4808, PImplData->eglWidth=8, PImplData->eglHeight=8!, CachedWidth=3664, CachedHeight=1920, tid: 31766
11-22 16:53:28.935 31580 31766 D UE4     : AndroidEGL::UnBindRender()
11-22 16:53:28.935 31580 31766 D UE4     : AndroidEGL::ResetDisplay()
11-22 16:53:28.935 31580 31766 D UE4     : AndroidEGL::DestroyRenderSurface()
11-22 16:53:28.935 31580 31766 D UE4     : AndroidEGL::InitRenderSurface 0, 0
11-22 16:53:28.935 31580 31766 D UE4     : AndroidEGL::InitRenderSurface, Using CachedWindowRect, width: 3664, height 1920 
11-22 16:53:28.935 31580 31766 D UE4     : AndroidEGL::InitRenderSurface, Using width: 3664, height 1920 
11-22 16:53:28.935 31580 31766 D UE4     : AndroidEGL::InitRenderSurface, wnd: 0xcf9c4808, width: 3664, height 1920 
11-22 16:53:28.935 31580 31766 D UE4     : AndroidEGL::CreateEGLRenderSurface(0), eglSurface = eglCreatePbufferSurface(), 8x8
11-22 16:53:28.940 31580 31617 D UE4     : [2021.11.22-21.53.28:940][  0]LogHMD: Setting user focus to game viewport since session status is visible...
11-22 16:53:28.941 31580 31617 D UE4     : [2021.11.22-21.53.28:941][  0]LogAndroid: Display: Low Power Mode Changed: 0
11-22 16:53:28.947 31580 31766 D UE4     : AndroidEGL::  ReleaseContextOwnership,  thread releasing rendering context tid: 31766
11-22 16:53:28.947 31580 31766 D UE4     : AndroidEGL::ResetDisplay()
11-22 16:53:28.947 31580 31811 D UE4     : *** JavaEnvDestructor: 31811
11-22 16:53:28.949 31580 31617 D UE4     : [2021.11.22-21.53.28:949][  0]LogSlate: InvalidateAllWidgets triggered.  All widgets were invalidated
11-22 16:53:28.951 31580 31617 D UE4     : [2021.11.22-21.53.28:951][  0]LogSlate: Slate font cache was flushed
11-22 16:53:28.954 31580 31617 D UE4     : [2021.11.22-21.53.28:954][  1]LogSlate: Took 0.000350 seconds to synchronously load lazily loaded font '../../../Engine/Content/Slate/Fonts/Roboto-Regular.ttf' (155K)
11-22 16:53:29.808 31580 31617 D UE4     : EngineMemoryWarningHandler: Mem Used 252.61 MB, Texture Memory 13.15 MB, Render Target memory 170.86 MB, OS Free 2221.47 MB
11-22 16:53:29.937 31580 31617 D UE4     : [2021.11.22-21.53.29:937][ 73]LogBlueprintUserMessages: [Quest2Pawn_C_2147482531] Printing Raw Sensor HMD values 
11-22 16:53:29.937 31580 31617 D UE4     : [2021.11.22-21.53.29:937][ 73]LogBlueprintUserMessages: [Quest2Pawn_C_2147482531] X=0.785 Y=2.803 Z=-1.697
11-22 16:53:29.937 31580 31617 D UE4     : [2021.11.22-21.53.29:937][ 73]LogBlueprintUserMessages: [Quest2Pawn_C_2147482531] X=-0.094 Y=-0.116 Z=-0.154
11-22 16:53:29.937 31580 31617 D UE4     : [2021.11.22-21.53.29:937][ 73]LogBlueprintUserMessages: [Quest2Pawn_C_2147482531] X=-0.104 Y=0.014 Z=0.097
11-22 16:53:29.937 31580 31617 D UE4     : [2021.11.22-21.53.29:937][ 73]LogBlueprintUserMessages: [Quest2Pawn_C_2147482531] X=0.004 Y=-0.005 Z=0.002
11-22 16:53:29.938 31580 31617 D UE4     : [2021.11.22-21.53.29:937][ 73]LogBlueprintUserMessages: [Quest2Pawn_C_2147482531] 387210.03125
11-22 16:53:29.938 31580 31617 D UE4     : [2021.11.22-21.53.29:938][ 73]LogBlueprintUserMessages: [Quest2Pawn_C_2147482531] P=4.076912 Y=-32.520981 R=2.311319
11-22 16:53:29.938 31580 31617 D UE4     : [2021.11.22-21.53.29:938][ 73]LogBlueprintUserMessages: [Quest2Pawn_C_2147482531] X=-3.601 Y=-7.126 Z=0.407
11-22 16:53:29.965 31580 31917 D UE4     : [2021.11.22-21.53.29:965][ 75]LogProfilingDebugging: Allocated a 1024 x 1024 texture for HMD canvas layer
11-22 16:53:30.940 31580 31617 D UE4     : [2021.11.22-21.53.30:940][145]LogBlueprintUserMessages: [Quest2Pawn_C_2147482531] Printing Raw Sensor HMD values 
11-22 16:53:30.940 31580 31617 D UE4     : [2021.11.22-21.53.30:940][145]LogBlueprintUserMessages: [Quest2Pawn_C_2147482531] X=0.276 Y=0.148 Z=-0.604
11-22 16:53:30.940 31580 31617 D UE4     : [2021.11.22-21.53.30:940][145]LogBlueprintUserMessages: [Quest2Pawn_C_2147482531] X=-0.061 Y=-0.110 Z=-0.026
11-22 16:53:30.941 31580 31617 D UE4     : [2021.11.22-21.53.30:940][145]LogBlueprintUserMessages: [Quest2Pawn_C_2147482531] X=0.001 Y=-0.002 Z=-0.011
11-22 16:53:30.941 31580 31617 D UE4     : [2021.11.22-21.53.30:941][145]LogBlueprintUserMessages: [Quest2Pawn_C_2147482531] X=-0.001 Y=0.000 Z=0.001
11-22 16:53:30.941 31580 31617 D UE4     : [2021.11.22-21.53.30:941][145]LogBlueprintUserMessages: [Quest2Pawn_C_2147482531] 387211.03125
11-22 16:53:30.941 31580 31617 D UE4     : [2021.11.22-21.53.30:941][145]LogBlueprintUserMessages: [Quest2Pawn_C_2147482531] P=3.670598 Y=-34.207294 R=-2.568243
11-22 16:53:30.941 31580 31617 D UE4     : [2021.11.22-21.53.30:941][145]LogBlueprintUserMessages: [Quest2Pawn_C_2147482531] X=-3.851 Y=-7.335 Z=0.158
11-22 16:53:31.943 31580 31617 D UE4     : [2021.11.22-21.53.31:943][217]LogBlueprintUserMessages: [Quest2Pawn_C_2147482531] Printing Raw Sensor HMD values 
11-22 16:53:31.943 31580 31617 D UE4     : [2021.11.22-21.53.31:943][217]LogBlueprintUserMessages: [Quest2Pawn_C_2147482531] X=0.180 Y=0.553 Z=-0.256
11-22 16:53:31.944 31580 31617 D UE4     : [2021.11.22-21.53.31:944][217]LogBlueprintUserMessages: [Quest2Pawn_C_2147482531] X=0.023 Y=-0.049 Z=-0.018
11-22 16:53:31.944 31580 31617 D UE4     : [2021.11.22-21.53.31:944][217]LogBlueprintUserMessages: [Quest2Pawn_C_2147482531] X=0.004 Y=0.004 Z=-0.003
11-22 16:53:31.944 31580 31617 D UE4     : [2021.11.22-21.53.31:944][217]LogBlueprintUserMessages: [Quest2Pawn_C_2147482531] X=-0.001 Y=0.000 Z=0.001
11-22 16:53:31.944 31580 31617 D UE4     : [2021.11.22-21.53.31:944][217]LogBlueprintUserMessages: [Quest2Pawn_C_2147482531] 387212.03125
11-22 16:53:31.944 31580 31617 D UE4     : [2021.11.22-21.53.31:944][217]LogBlueprintUserMessages: [Quest2Pawn_C_2147482531] P=3.686485 Y=-34.245663 R=-2.580348
11-22 16:53:31.944 31580 31617 D UE4     : [2021.11.22-21.53.31:944][217]LogBlueprintUserMessages: [Quest2Pawn_C_2147482531] X=-3.850 Y=-7.334 Z=0.159
11-22 16:53:32.947 31580 31617 D UE4     : [2021.11.22-21.53.32:947][289]LogBlueprintUserMessages: [Quest2Pawn_C_2147482531] Printing Raw Sensor HMD values 
11-22 16:53:32.947 31580 31617 D UE4     : [2021.11.22-21.53.32:947][289]LogBlueprintUserMessages: [Quest2Pawn_C_2147482531] X=-0.063 Y=0.428 Z=0.771
11-22 16:53:32.947 31580 31617 D UE4     : [2021.11.22-21.53.32:947][289]LogBlueprintUserMessages: [Quest2Pawn_C_2147482531] X=-0.000 Y=0.009 Z=0.034
11-22 16:53:32.947 31580 31617 D UE4     : [2021.11.22-21.53.32:947][289]LogBlueprintUserMessages: [Quest2Pawn_C_2147482531] X=0.001 Y=-0.002 Z=0.005
11-22 16:53:32.948 31580 31617 D UE4     : [2021.11.22-21.53.32:947][289]LogBlueprintUserMessages: [Quest2Pawn_C_2147482531] X=0.001 Y=0.000 Z=0.002
11-22 16:53:32.948 31580 31617 D UE4     : [2021.11.22-21.53.32:948][289]LogBlueprintUserMessages: [Quest2Pawn_C_2147482531] 387213.03125
11-22 16:53:32.948 31580 31617 D UE4     : [2021.11.22-21.53.32:948][289]LogBlueprintUserMessages: [Quest2Pawn_C_2147482531] P=3.669273 Y=-34.256451 R=-2.541873
11-22 16:53:32.948 31580 31617 D UE4     : [2021.11.22-21.53.32:948][289]LogBlueprintUserMessages: [Quest2Pawn_C_2147482531] X=-3.836 Y=-7.333 Z=0.164
11-22 16:53:33.949 31580 31617 D UE4     : [2021.11.22-21.53.33:949][361]LogBlueprintUserMessages: [Quest2Pawn_C_2147482531] Printing Raw Sensor HMD values 
11-22 16:53:33.949 31580 31617 D UE4     : [2021.11.22-21.53.33:949][361]LogBlueprintUserMessages: [Quest2Pawn_C_2147482531] X=-0.237 Y=0.354 Z=0.132
11-22 16:53:33.949 31580 31617 D UE4     : [2021.11.22-21.53.33:949][361]LogBlueprintUserMessages: [Quest2Pawn_C_2147482531] X=0.041 Y=0.011 Z=0.020
11-22 16:53:33.949 31580 31617 D UE4     : [2021.11.22-21.53.33:949][361]LogBlueprintUserMessages: [Quest2Pawn_C_2147482531] X=-0.004 Y=0.002 Z=0.001
11-22 16:53:33.949 31580 31617 D UE4     : [2021.11.22-21.53.33:949][361]LogBlueprintUserMessages: [Quest2Pawn_C_2147482531] X=-0.001 Y=-0.001 Z=0.001
11-22 16:53:33.949 31580 31617 D UE4     : [2021.11.22-21.53.33:949][361]LogBlueprintUserMessages: [Quest2Pawn_C_2147482531] 387214.03125
11-22 16:53:33.949 31580 31617 D UE4     : [2021.11.22-21.53.33:949][361]LogBlueprintUserMessages: [Quest2Pawn_C_2147482531] P=3.682326 Y=-34.230053 R=-2.558133
11-22 16:53:33.949 31580 31617 D UE4     : [2021.11.22-21.53.33:949][361]LogBlueprintUserMessages: [Quest2Pawn_C_2147482531] X=-3.848 Y=-7.340 Z=0.162
11-22 16:53:34.832 31580 31617 D UE4     : EngineMemoryWarningHandler: Mem Used 192.49 MB, Texture Memory 14.15 MB, Render Target memory 186.86 MB, OS Free 2202.98 MB
11-22 16:53:34.938 31580 31617 D UE4     : [2021.11.22-21.53.34:938][427]LogBlueprintUserMessages: [Quest2Pawn_C_2147482531] Printing Raw Sensor HMD values 
11-22 16:53:34.938 31580 31617 D UE4     : [2021.11.22-21.53.34:938][427]LogBlueprintUserMessages: [Quest2Pawn_C_2147482531] X=0.491 Y=0.118 Z=0.104
11-22 16:53:34.939 31580 31617 D UE4     : [2021.11.22-21.53.34:939][427]LogBlueprintUserMessages: [Quest2Pawn_C_2147482531] X=-0.014 Y=-0.062 Z=0.050
11-22 16:53:34.939 31580 31617 D UE4     : [2021.11.22-21.53.34:939][427]LogBlueprintUserMessages: [Quest2Pawn_C_2147482531] X=-0.004 Y=0.002 Z=0.001
11-22 16:53:34.939 31580 31617 D UE4     : [2021.11.22-21.53.34:939][427]LogBlueprintUserMessages: [Quest2Pawn_C_2147482531] X=0.001 Y=-0.000 Z=0.002
11-22 16:53:34.939 31580 31617 D UE4     : [2021.11.22-21.53.34:939][427]LogBlueprintUserMessages: [Quest2Pawn_C_2147482531] 387215.03125
11-22 16:53:34.939 31580 31617 D UE4     : [2021.11.22-21.53.34:939][427]LogBlueprintUserMessages: [Quest2Pawn_C_2147482531] P=3.678863 Y=-34.228313 R=-2.554479
11-22 16:53:34.939 31580 31617 D UE4     : [2021.11.22-21.53.34:939][427]LogBlueprintUserMessages: [Quest2Pawn_C_2147482531] X=-3.835 Y=-7.333 Z=0.168
11-22 16:53:35.240 31580 31620 D UE4     : [GameActivity] Used memory: 460597 (VmRSS:	  197188 kB)
11-22 16:53:35.939 31580 31617 D UE4     : [2021.11.22-21.53.35:939][499]LogBlueprintUserMessages: [Quest2Pawn_C_2147482531] Printing Raw Sensor HMD values 
11-22 16:53:35.940 31580 31617 D UE4     : [2021.11.22-21.53.35:940][499]LogBlueprintUserMessages: [Quest2Pawn_C_2147482531] X=0.418 Y=-0.320 Z=-0.140
11-22 16:53:35.940 31580 31617 D UE4     : [2021.11.22-21.53.35:940][499]LogBlueprintUserMessages: [Quest2Pawn_C_2147482531] X=0.025 Y=-0.061 Z=0.077
11-22 16:53:35.940 31580 31617 D UE4     : [2021.11.22-21.53.35:940][499]LogBlueprintUserMessages: [Quest2Pawn_C_2147482531] X=0.000 Y=0.001 Z=0.001
11-22 16:53:35.940 31580 31617 D UE4     : [2021.11.22-21.53.35:940][499]LogBlueprintUserMessages: [Quest2Pawn_C_2147482531] X=0.001 Y=-0.000 Z=0.001
11-22 16:53:35.940 31580 31617 D UE4     : [2021.11.22-21.53.35:940][499]LogBlueprintUserMessages: [Quest2Pawn_C_2147482531] 387216.03125
11-22 16:53:35.940 31580 31617 D UE4     : [2021.11.22-21.53.35:940][499]LogBlueprintUserMessages: [Quest2Pawn_C_2147482531] P=3.682298 Y=-34.243748 R=-2.569085
11-22 16:53:35.940 31580 31617 D UE4     : [2021.11.22-21.53.35:940][499]LogBlueprintUserMessages: [Quest2Pawn_C_2147482531] X=-3.831 Y=-7.343 Z=0.162
11-22 16:53:36.942 31580 31617 D UE4     : [2021.11.22-21.53.36:942][571]LogBlueprintUserMessages: [Quest2Pawn_C_2147482531] Printing Raw Sensor HMD values 
11-22 16:53:36.942 31580 31617 D UE4     : [2021.11.22-21.53.36:942][571]LogBlueprintUserMessages: [Quest2Pawn_C_2147482531] X=0.273 Y=0.014 Z=-0.245
11-22 16:53:36.942 31580 31617 D UE4     : [2021.11.22-21.53.36:942][571]LogBlueprintUserMessages: [Quest2Pawn_C_2147482531] X=0.032 Y=-0.016 Z=0.040
11-22 16:53:36.942 31580 31617 D UE4     : [2021.11.22-21.53.36:942][571]LogBlueprintUserMessages: [Quest2Pawn_C_2147482531] X=-0.001 Y=0.001 Z=0.002
11-22 16:53:36.942 31580 31617 D UE4     : [2021.11.22-21.53.36:942][571]LogBlueprintUserMessages: [Quest2Pawn_C_2147482531] X=0.000 Y=0.000 Z=0.002
11-22 16:53:36.943 31580 31617 D UE4     : [2021.11.22-21.53.36:942][571]LogBlueprintUserMessages: [Quest2Pawn_C_2147482531] 387217.03125
11-22 16:53:36.943 31580 31617 D UE4     : [2021.11.22-21.53.36:943][571]LogBlueprintUserMessages: [Quest2Pawn_C_2147482531] P=3.675666 Y=-34.246796 R=-2.577441
11-22 16:53:36.943 31580 31617 D UE4     : [2021.11.22-21.53.36:943][571]LogBlueprintUserMessages: [Quest2Pawn_C_2147482531] X=-3.843 Y=-7.335 Z=0.162
11-22 16:53:37.946 31580 31617 D UE4     : [2021.11.22-21.53.37:946][643]LogBlueprintUserMessages: [Quest2Pawn_C_2147482531] Printing Raw Sensor HMD values 
11-22 16:53:37.947 31580 31617 D UE4     : [2021.11.22-21.53.37:947][643]LogBlueprintUserMessages: [Quest2Pawn_C_2147482531] X=0.193 Y=0.049 Z=-0.089
11-22 16:53:37.947 31580 31617 D UE4     : [2021.11.22-21.53.37:947][643]LogBlueprintUserMessages: [Quest2Pawn_C_2147482531] X=0.010 Y=-0.016 Z=0.030
11-22 16:53:37.947 31580 31617 D UE4     : [2021.11.22-21.53.37:947][643]LogBlueprintUserMessages: [Quest2Pawn_C_2147482531] X=-0.001 Y=-0.001 Z=0.001
11-22 16:53:37.947 31580 31617 D UE4     : [2021.11.22-21.53.37:947][643]LogBlueprintUserMessages: [Quest2Pawn_C_2147482531] X=0.000 Y=-0.000 Z=0.002
11-22 16:53:37.947 31580 31617 D UE4     : [2021.11.22-21.53.37:947][643]LogBlueprintUserMessages: [Quest2Pawn_C_2147482531] 387218.03125
11-22 16:53:37.947 31580 31617 D UE4     : [2021.11.22-21.53.37:947][643]LogBlueprintUserMessages: [Quest2Pawn_C_2147482531] P=3.669881 Y=-34.243107 R=-2.574078
11-22 16:53:37.947 31580 31617 D UE4     : [2021.11.22-21.53.37:947][643]LogBlueprintUserMessages: [Quest2Pawn_C_2147482531] X=-3.836 Y=-7.343 Z=0.172
11-22 16:53:38.948 31580 31617 D UE4     : [2021.11.22-21.53.38:948][715]LogBlueprintUserMessages: [Quest2Pawn_C_2147482531] Printing Raw Sensor HMD values 
11-22 16:53:38.948 31580 31617 D UE4     : [2021.11.22-21.53.38:948][715]LogBlueprintUserMessages: [Quest2Pawn_C_2147482531] X=0.072 Y=0.055 Z=-0.087
11-22 16:53:38.948 31580 31617 D UE4     : [2021.11.22-21.53.38:948][715]LogBlueprintUserMessages: [Quest2Pawn_C_2147482531] X=0.005 Y=0.020 Z=0.024
11-22 16:53:38.948 31580 31617 D UE4     : [2021.11.22-21.53.38:948][715]LogBlueprintUserMessages: [Quest2Pawn_C_2147482531] X=-0.002 Y=-0.001 Z=0.001
11-22 16:53:38.948 31580 31617 D UE4     : [2021.11.22-21.53.38:948][715]LogBlueprintUserMessages: [Quest2Pawn_C_2147482531] X=-0.000 Y=-0.000 Z=0.002
11-22 16:53:38.948 31580 31617 D UE4     : [2021.11.22-21.53.38:948][715]LogBlueprintUserMessages: [Quest2Pawn_C_2147482531] 387219.03125
11-22 16:53:38.948 31580 31617 D UE4     : [2021.11.22-21.53.38:948][715]LogBlueprintUserMessages: [Quest2Pawn_C_2147482531] P=3.663945 Y=-34.240791 R=-2.571501
11-22 16:53:38.948 31580 31617 D UE4     : [2021.11.22-21.53.38:948][715]LogBlueprintUserMessages: [Quest2Pawn_C_2147482531] X=-3.843 Y=-7.340 Z=0.164
11-22 16:53:39.936 31580 31617 D UE4     : [2021.11.22-21.53.39:936][786]LogBlueprintUserMessages: [Quest2Pawn_C_2147482531] Printing Raw Sensor HMD values 
11-22 16:53:39.936 31580 31617 D UE4     : [2021.11.22-21.53.39:936][786]LogBlueprintUserMessages: [Quest2Pawn_C_2147482531] X=0.069 Y=0.249 Z=-0.139
11-22 16:53:39.937 31580 31617 D UE4     : [2021.11.22-21.53.39:936][786]LogBlueprintUserMessages: [Quest2Pawn_C_2147482531] X=0.028 Y=-0.003 Z=0.010
11-22 16:53:39.937 31580 31617 D UE4     : [2021.11.22-21.53.39:937][786]LogBlueprintUserMessages: [Quest2Pawn_C_2147482531] X=-0.000 Y=-0.002 Z=-0.000
11-22 16:53:39.937 31580 31617 D UE4     : [2021.11.22-21.53.39:937][786]LogBlueprintUserMessages: [Quest2Pawn_C_2147482531] X=0.000 Y=-0.001 Z=0.002
11-22 16:53:39.937 31580 31617 D UE4     : [2021.11.22-21.53.39:937][786]LogBlueprintUserMessages: [Quest2Pawn_C_2147482531] 387220.03125
11-22 16:53:39.937 31580 31617 D UE4     : [2021.11.22-21.53.39:937][786]LogBlueprintUserMessages: [Quest2Pawn_C_2147482531] P=3.665673 Y=-34.228817 R=-2.557538
11-22 16:53:39.937 31580 31617 D UE4     : [2021.11.22-21.53.39:937][786]LogBlueprintUserMessages: [Quest2Pawn_C_2147482531] X=-3.835 Y=-7.341 Z=0.167
11-22 16:53:40.939 31580 31617 D UE4     : [2021.11.22-21.53.40:939][858]LogBlueprintUserMessages: [Quest2Pawn_C_2147482531] Printing Raw Sensor HMD values 
11-22 16:53:40.939 31580 31617 D UE4     : [2021.11.22-21.53.40:939][858]LogBlueprintUserMessages: [Quest2Pawn_C_2147482531] X=0.087 Y=0.259 Z=-0.192
11-22 16:53:40.939 31580 31617 D UE4     : [2021.11.22-21.53.40:939][858]LogBlueprintUserMessages: [Quest2Pawn_C_2147482531] X=0.020 Y=-0.035 Z=0.030
11-22 16:53:40.939 31580 31617 D UE4     : [2021.11.22-21.53.40:939][858]LogBlueprintUserMessages: [Quest2Pawn_C_2147482531] X=-0.001 Y=0.001 Z=0.001
11-22 16:53:40.939 31580 31617 D UE4     : [2021.11.22-21.53.40:939][858]LogBlueprintUserMessages: [Quest2Pawn_C_2147482531] X=0.000 Y=0.000 Z=0.001
11-22 16:53:40.939 31580 31617 D UE4     : [2021.11.22-21.53.40:939][858]LogBlueprintUserMessages: [Quest2Pawn_C_2147482531] 387221.03125
11-22 16:53:40.939 31580 31617 D UE4     : [2021.11.22-21.53.40:939][858]LogBlueprintUserMessages: [Quest2Pawn_C_2147482531] P=3.677538 Y=-34.232662 R=-2.567269
11-22 16:53:40.940 31580 31617 D UE4     : [2021.11.22-21.53.40:940][858]LogBlueprintUserMessages: [Quest2Pawn_C_2147482531] X=-3.834 Y=-7.333 Z=0.155
11-22 16:53:41.942 31580 31617 D UE4     : [2021.11.22-21.53.41:942][930]LogBlueprintUserMessages: [Quest2Pawn_C_2147482531] Printing Raw Sensor HMD values 
11-22 16:53:41.942 31580 31617 D UE4     : [2021.11.22-21.53.41:942][930]LogBlueprintUserMessages: [Quest2Pawn_C_2147482531] X=0.180 Y=0.054 Z=0.247
11-22 16:53:41.942 31580 31617 D UE4     : [2021.11.22-21.53.41:942][930]LogBlueprintUserMessages: [Quest2Pawn_C_2147482531] X=-0.016 Y=0.021 Z=0.032
11-22 16:53:41.942 31580 31617 D UE4     : [2021.11.22-21.53.41:942][930]LogBlueprintUserMessages: [Quest2Pawn_C_2147482531] X=0.001 Y=0.000 Z=0.001
11-22 16:53:41.942 31580 31617 D UE4     : [2021.11.22-21.53.41:942][930]LogBlueprintUserMessages: [Quest2Pawn_C_2147482531] X=0.000 Y=0.000 Z=0.002
11-22 16:53:41.942 31580 31617 D UE4     : [2021.11.22-21.53.41:942][930]LogBlueprintUserMessages: [Quest2Pawn_C_2147482531] 387222.03125
11-22 16:53:41.942 31580 31617 D UE4     : [2021.11.22-21.53.41:942][930]LogBlueprintUserMessages: [Quest2Pawn_C_2147482531] P=3.679887 Y=-34.233810 R=-2.559285
11-22 16:53:41.943 31580 31617 D UE4     : [2021.11.22-21.53.41:943][930]LogBlueprintUserMessages: [Quest2Pawn_C_2147482531] X=-3.833 Y=-7.337 Z=0.158
11-22 16:53:42.944 31580 31617 D UE4     : [2021.11.22-21.53.42:944][  2]LogBlueprintUserMessages: [Quest2Pawn_C_2147482531] Printing Raw Sensor HMD values 
11-22 16:53:42.944 31580 31617 D UE4     : [2021.11.22-21.53.42:944][  2]LogBlueprintUserMessages: [Quest2Pawn_C_2147482531] X=0.324 Y=0.248 Z=0.270
11-22 16:53:42.945 31580 31617 D UE4     : [2021.11.22-21.53.42:945][  2]LogBlueprintUserMessages: [Quest2Pawn_C_2147482531] X=0.017 Y=0.032 Z=0.009
11-22 16:53:42.945 31580 31617 D UE4     : [2021.11.22-21.53.42:945][  2]LogBlueprintUserMessages: [Quest2Pawn_C_2147482531] X=0.000 Y=-0.002 Z=0.002
11-22 16:53:42.945 31580 31617 D UE4     : [2021.11.22-21.53.42:945][  2]LogBlueprintUserMessages: [Quest2Pawn_C_2147482531] X=0.001 Y=-0.000 Z=0.002
11-22 16:53:42.945 31580 31617 D UE4     : [2021.11.22-21.53.42:945][  2]LogBlueprintUserMessages: [Quest2Pawn_C_2147482531] 387223.03125
11-22 16:53:42.945 31580 31617 D UE4     : [2021.11.22-21.53.42:945][  2]LogBlueprintUserMessages: [Quest2Pawn_C_2147482531] P=3.668228 Y=-34.240715 R=-2.557773
11-22 16:53:42.945 31580 31617 D UE4     : [2021.11.22-21.53.42:945][  2]LogBlueprintUserMessages: [Quest2Pawn_C_2147482531] X=-3.830 Y=-7.335 Z=0.169
11-22 16:53:43.947 31580 31617 D UE4     : [2021.11.22-21.53.43:947][ 74]LogBlueprintUserMessages: [Quest2Pawn_C_2147482531] Printing Raw Sensor HMD values 
11-22 16:53:43.947 31580 31617 D UE4     : [2021.11.22-21.53.43:947][ 74]LogBlueprintUserMessages: [Quest2Pawn_C_2147482531] X=0.005 Y=0.191 Z=0.073
11-22 16:53:43.947 31580 31617 D UE4     : [2021.11.22-21.53.43:947][ 74]LogBlueprintUserMessages: [Quest2Pawn_C_2147482531] X=-0.004 Y=0.020 Z=0.006
11-22 16:53:43.947 31580 31617 D UE4     : [2021.11.22-21.53.43:947][ 74]LogBlueprintUserMessages: [Quest2Pawn_C_2147482531] X=-0.001 Y=-0.002 Z=0.001
11-22 16:53:43.948 31580 31617 D UE4     : [2021.11.22-21.53.43:948][ 74]LogBlueprintUserMessages: [Quest2Pawn_C_2147482531] X=-0.000 Y=-0.000 Z=0.002
11-22 16:53:43.948 31580 31617 D UE4     : [2021.11.22-21.53.43:948][ 74]LogBlueprintUserMessages: [Quest2Pawn_C_2147482531] 387224.03125
11-22 16:53:43.948 31580 31617 D UE4     : [2021.11.22-21.53.43:948][ 74]LogBlueprintUserMessages: [Quest2Pawn_C_2147482531] P=3.670380 Y=-34.228519 R=-2.533122
11-22 16:53:43.948 31580 31617 D UE4     : [2021.11.22-21.53.43:948][ 74]LogBlueprintUserMessages: [Quest2Pawn_C_2147482531] X=-3.843 Y=-7.326 Z=0.172
11-22 16:53:44.949 31580 31617 D UE4     : [2021.11.22-21.53.44:948][142]LogBlueprintUserMessages: [Quest2Pawn_C_2147482531] Printing Raw Sensor HMD values 
11-22 16:53:44.949 31580 31617 D UE4     : [2021.11.22-21.53.44:949][142]LogBlueprintUserMessages: [Quest2Pawn_C_2147482531] X=-0.348 Y=-0.357 Z=0.329
11-22 16:53:44.949 31580 31617 D UE4     : [2021.11.22-21.53.44:949][142]LogBlueprintUserMessages: [Quest2Pawn_C_2147482531] X=-0.013 Y=0.054 Z=0.037
11-22 16:53:44.949 31580 31617 D UE4     : [2021.11.22-21.53.44:949][142]LogBlueprintUserMessages: [Quest2Pawn_C_2147482531] X=0.000 Y=-0.000 Z=-0.001
11-22 16:53:44.949 31580 31617 D UE4     : [2021.11.22-21.53.44:949][142]LogBlueprintUserMessages: [Quest2Pawn_C_2147482531] X=-0.000 Y=-0.000 Z=0.002
11-22 16:53:44.949 31580 31617 D UE4     : [2021.11.22-21.53.44:949][142]LogBlueprintUserMessages: [Quest2Pawn_C_2147482531] 387225.03125
11-22 16:53:44.949 31580 31617 D UE4     : [2021.11.22-21.53.44:949][142]LogBlueprintUserMessages: [Quest2Pawn_C_2147482531] P=3.682585 Y=-34.217480 R=-2.531882
11-22 16:53:44.949 31580 31617 D UE4     : [2021.11.22-21.53.44:949][142]LogBlueprintUserMessages: [Quest2Pawn_C_2147482531] X=-3.840 Y=-7.330 Z=0.163
11-22 16:53:45.564 31580 31620 D UE4     : [GameActivity] Used memory: 473555 (VmRSS:	  197468 kB)
11-22 16:53:45.937 31580 31617 D UE4     : [2021.11.22-21.53.45:937][213]LogBlueprintUserMessages: [Quest2Pawn_C_2147482531] Printing Raw Sensor HMD values 
11-22 16:53:45.937 31580 31617 D UE4     : [2021.11.22-21.53.45:937][213]LogBlueprintUserMessages: [Quest2Pawn_C_2147482531] X=0.097 Y=-0.090 Z=-0.132
11-22 16:53:45.937 31580 31617 D UE4     : [2021.11.22-21.53.45:937][213]LogBlueprintUserMessages: [Quest2Pawn_C_2147482531] X=-0.015 Y=-0.016 Z=0.046
11-22 16:53:45.937 31580 31617 D UE4     : [2021.11.22-21.53.45:937][213]LogBlueprintUserMessages: [Quest2Pawn_C_2147482531] X=-0.001 Y=-0.001 Z=0.001
11-22 16:53:45.937 31580 31617 D UE4     : [2021.11.22-21.53.45:937][213]LogBlueprintUserMessages: [Quest2Pawn_C_2147482531] X=-0.000 Y=0.000 Z=0.002
11-22 16:53:45.937 31580 31617 D UE4     : [2021.11.22-21.53.45:937][213]LogBlueprintUserMessages: [Quest2Pawn_C_2147482531] 387226.03125
11-22 16:53:45.937 31580 31617 D UE4     : [2021.11.22-21.53.45:937][213]LogBlueprintUserMessages: [Quest2Pawn_C_2147482531] P=3.671397 Y=-34.224968 R=-2.530067
11-22 16:53:45.938 31580 31617 D UE4     : [2021.11.22-21.53.45:938][213]LogBlueprintUserMessages: [Quest2Pawn_C_2147482531] X=-3.838 Y=-7.327 Z=0.167
11-22 16:53:46.939 31580 31617 D UE4     : [2021.11.22-21.53.46:939][285]LogBlueprintUserMessages: [Quest2Pawn_C_2147482531] Printing Raw Sensor HMD values 
11-22 16:53:46.940 31580 31617 D UE4     : [2021.11.22-21.53.46:939][285]LogBlueprintUserMessages: [Quest2Pawn_C_2147482531] X=0.331 Y=0.084 Z=0.217
11-22 16:53:46.940 31580 31617 D UE4     : [2021.11.22-21.53.46:940][285]LogBlueprintUserMessages: [Quest2Pawn_C_2147482531] X=-0.004 Y=-0.005 Z=0.004
11-22 16:53:46.940 31580 31617 D UE4     : [2021.11.22-21.53.46:940][285]LogBlueprintUserMessages: [Quest2Pawn_C_2147482531] X=-0.000 Y=0.001 Z=-0.000
11-22 16:53:46.940 31580 31617 D UE4     : [2021.11.22-21.53.46:940][285]LogBlueprintUserMessages: [Quest2Pawn_C_2147482531] X=-0.000 Y=-0.000 Z=0.002
11-22 16:53:46.940 31580 31617 D UE4     : [2021.11.22-21.53.46:940][285]LogBlueprintUserMessages: [Quest2Pawn_C_2147482531] 387227.03125
11-22 16:53:46.940 31580 31617 D UE4     : [2021.11.22-21.53.46:940][285]LogBlueprintUserMessages: [Quest2Pawn_C_2147482531] P=3.682353 Y=-34.217697 R=-2.531961
11-22 16:53:46.940 31580 31617 D UE4     : [2021.11.22-21.53.46:940][285]LogBlueprintUserMessages: [Quest2Pawn_C_2147482531] X=-3.839 Y=-7.325 Z=0.163
11-22 16:53:47.942 31580 31617 D UE4     : [2021.11.22-21.53.47:942][357]LogBlueprintUserMessages: [Quest2Pawn_C_2147482531] Printing Raw Sensor HMD values 
11-22 16:53:47.942 31580 31617 D UE4     : [2021.11.22-21.53.47:942][357]LogBlueprintUserMessages: [Quest2Pawn_C_2147482531] X=0.076 Y=0.328 Z=0.002
11-22 16:53:47.942 31580 31617 D UE4     : [2021.11.22-21.53.47:942][357]LogBlueprintUserMessages: [Quest2Pawn_C_2147482531] X=-0.001 Y=0.005 Z=-0.002
11-22 16:53:47.942 31580 31617 D UE4     : [2021.11.22-21.53.47:942][357]LogBlueprintUserMessages: [Quest2Pawn_C_2147482531] X=-0.000 Y=-0.000 Z=0.001
11-22 16:53:47.942 31580 31617 D UE4     : [2021.11.22-21.53.47:942][357]LogBlueprintUserMessages: [Quest2Pawn_C_2147482531] X=0.000 Y=-0.000 Z=0.002
11-22 16:53:47.942 31580 31617 D UE4     : [2021.11.22-21.53.47:942][357]LogBlueprintUserMessages: [Quest2Pawn_C_2147482531] 387228.03125
11-22 16:53:47.942 31580 31617 D UE4     : [2021.11.22-21.53.47:942][357]LogBlueprintUserMessages: [Quest2Pawn_C_2147482531] P=3.673112 Y=-34.227264 R=-2.525677
11-22 16:53:47.943 31580 31617 D UE4     : [2021.11.22-21.53.47:943][357]LogBlueprintUserMessages: [Quest2Pawn_C_2147482531] X=-3.836 Y=-7.330 Z=0.166
11-22 16:53:48.944 31580 31617 D UE4     : [2021.11.22-21.53.48:944][429]LogBlueprintUserMessages: [Quest2Pawn_C_2147482531] Printing Raw Sensor HMD values 
11-22 16:53:48.944 31580 31617 D UE4     : [2021.11.22-21.53.48:944][429]LogBlueprintUserMessages: [Quest2Pawn_C_2147482531] X=-0.426 Y=0.116 Z=0.106
11-22 16:53:48.945 31580 31617 D UE4     : [2021.11.22-21.53.48:944][429]LogBlueprintUserMessages: [Quest2Pawn_C_2147482531] X=-0.011 Y=0.025 Z=0.011
11-22 16:53:48.945 31580 31617 D UE4     : [2021.11.22-21.53.48:945][429]LogBlueprintUserMessages: [Quest2Pawn_C_2147482531] X=-0.000 Y=-0.000 Z=-0.000
11-22 16:53:48.945 31580 31617 D UE4     : [2021.11.22-21.53.48:945][429]LogBlueprintUserMessages: [Quest2Pawn_C_2147482531] X=0.000 Y=-0.000 Z=0.002
11-22 16:53:48.945 31580 31617 D UE4     : [2021.11.22-21.53.48:945][429]LogBlueprintUserMessages: [Quest2Pawn_C_2147482531] 387229.03125
11-22 16:53:48.945 31580 31617 D UE4     : [2021.11.22-21.53.48:945][429]LogBlueprintUserMessages: [Quest2Pawn_C_2147482531] P=3.677210 Y=-34.221828 R=-2.527446
11-22 16:53:48.945 31580 31617 D UE4     : [2021.11.22-21.53.48:945][429]LogBlueprintUserMessages: [Quest2Pawn_C_2147482531] X=-3.837 Y=-7.324 Z=0.162
11-22 16:53:49.947 31580 31617 D UE4     : [2021.11.22-21.53.49:947][501]LogBlueprintUserMessages: [Quest2Pawn_C_2147482531] Printing Raw Sensor HMD values 
11-22 16:53:49.947 31580 31617 D UE4     : [2021.11.22-21.53.49:947][501]LogBlueprintUserMessages: [Quest2Pawn_C_2147482531] X=-0.008 Y=-0.176 Z=-0.018
11-22 16:53:49.947 31580 31617 D UE4     : [2021.11.22-21.53.49:947][501]LogBlueprintUserMessages: [Quest2Pawn_C_2147482531] X=-0.022 Y=0.001 Z=0.031
11-22 16:53:49.947 31580 31617 D UE4     : [2021.11.22-21.53.49:947][501]LogBlueprintUserMessages: [Quest2Pawn_C_2147482531] X=-0.000 Y=-0.000 Z=0.001
11-22 16:53:49.947 31580 31617 D UE4     : [2021.11.22-21.53.49:947][501]LogBlueprintUserMessages: [Quest2Pawn_C_2147482531] X=0.000 Y=-0.000 Z=0.002
11-22 16:53:49.948 31580 31617 D UE4     : [2021.11.22-21.53.49:947][501]LogBlueprintUserMessages: [Quest2Pawn_C_2147482531] 387230.03125
11-22 16:53:49.948 31580 31617 D UE4     : [2021.11.22-21.53.49:948][501]LogBlueprintUserMessages: [Quest2Pawn_C_2147482531] P=3.677305 Y=-34.221825 R=-2.526690
11-22 16:53:49.948 31580 31617 D UE4     : [2021.11.22-21.53.49:948][501]LogBlueprintUserMessages: [Quest2Pawn_C_2147482531] X=-3.839 Y=-7.333 Z=0.165
11-22 16:53:50.936 31580 31617 D UE4     : [2021.11.22-21.53.50:936][572]LogBlueprintUserMessages: [Quest2Pawn_C_2147482531] Printing Raw Sensor HMD values 
11-22 16:53:50.936 31580 31617 D UE4     : [2021.11.22-21.53.50:936][572]LogBlueprintUserMessages: [Quest2Pawn_C_2147482531] X=0.390 Y=0.089 Z=0.201
11-22 16:53:50.936 31580 31617 D UE4     : [2021.11.22-21.53.50:936][572]LogBlueprintUserMessages: [Quest2Pawn_C_2147482531] X=-0.002 Y=0.011 Z=0.007
11-22 16:53:50.937 31580 31617 D UE4     : [2021.11.22-21.53.50:937][572]LogBlueprintUserMessages: [Quest2Pawn_C_2147482531] X=0.001 Y=0.001 Z=-0.000
11-22 16:53:50.937 31580 31617 D UE4     : [2021.11.22-21.53.50:937][572]LogBlueprintUserMessages: [Quest2Pawn_C_2147482531] X=-0.000 Y=-0.000 Z=0.002
11-22 16:53:50.937 31580 31617 D UE4     : [2021.11.22-21.53.50:937][572]LogBlueprintUserMessages: [Quest2Pawn_C_2147482531] 387231.03125
11-22 16:53:50.937 31580 31617 D UE4     : [2021.11.22-21.53.50:937][572]LogBlueprintUserMessages: [Quest2Pawn_C_2147482531] P=3.686526 Y=-34.216743 R=-2.527034
11-22 16:53:50.937 31580 31617 D UE4     : [2021.11.22-21.53.50:937][572]LogBlueprintUserMessages: [Quest2Pawn_C_2147482531] X=-3.838 Y=-7.332 Z=0.160
11-22 16:53:51.938 31580 31617 D UE4     : [2021.11.22-21.53.51:938][644]LogBlueprintUserMessages: [Quest2Pawn_C_2147482531] Printing Raw Sensor HMD values 
11-22 16:53:51.938 31580 31617 D UE4     : [2021.11.22-21.53.51:938][644]LogBlueprintUserMessages: [Quest2Pawn_C_2147482531] X=-0.414 Y=0.315 Z=0.338
11-22 16:53:51.938 31580 31617 D UE4     : [2021.11.22-21.53.51:938][644]LogBlueprintUserMessages: [Quest2Pawn_C_2147482531] X=0.001 Y=0.048 Z=0.004
11-22 16:53:51.938 31580 31617 D UE4     : [2021.11.22-21.53.51:938][644]LogBlueprintUserMessages: [Quest2Pawn_C_2147482531] X=-0.000 Y=-0.000 Z=-0.000
11-22 16:53:51.938 31580 31617 D UE4     : [2021.11.22-21.53.51:938][644]LogBlueprintUserMessages: [Quest2Pawn_C_2147482531] X=-0.000 Y=-0.000 Z=0.002
11-22 16:53:51.938 31580 31617 D UE4     : [2021.11.22-21.53.51:938][644]LogBlueprintUserMessages: [Quest2Pawn_C_2147482531] 387232.03125
11-22 16:53:51.938 31580 31617 D UE4     : [2021.11.22-21.53.51:938][644]LogBlueprintUserMessages: [Quest2Pawn_C_2147482531] P=3.680215 Y=-34.216785 R=-2.525732
11-22 16:53:51.938 31580 31617 D UE4     : [2021.11.22-21.53.51:938][644]LogBlueprintUserMessages: [Quest2Pawn_C_2147482531] X=-3.843 Y=-7.325 Z=0.161
11-22 16:53:52.941 31580 31617 D UE4     : [2021.11.22-21.53.52:941][716]LogBlueprintUserMessages: [Quest2Pawn_C_2147482531] Printing Raw Sensor HMD values 
11-22 16:53:52.941 31580 31617 D UE4     : [2021.11.22-21.53.52:941][716]LogBlueprintUserMessages: [Quest2Pawn_C_2147482531] X=0.020 Y=-0.036 Z=-0.165
11-22 16:53:52.941 31580 31617 D UE4     : [2021.11.22-21.53.52:941][716]LogBlueprintUserMessages: [Quest2Pawn_C_2147482531] X=-0.014 Y=-0.021 Z=0.001
11-22 16:53:52.941 31580 31617 D UE4     : [2021.11.22-21.53.52:941][716]LogBlueprintUserMessages: [Quest2Pawn_C_2147482531] X=-0.001 Y=0.001 Z=-0.002
11-22 16:53:52.941 31580 31617 D UE4     : [2021.11.22-21.53.52:941][716]LogBlueprintUserMessages: [Quest2Pawn_C_2147482531] X=0.000 Y=-0.000 Z=0.001
11-22 16:53:52.941 31580 31617 D UE4     : [2021.11.22-21.53.52:941][716]LogBlueprintUserMessages: [Quest2Pawn_C_2147482531] 387233.03125
11-22 16:53:52.941 31580 31617 D UE4     : [2021.11.22-21.53.52:941][716]LogBlueprintUserMessages: [Quest2Pawn_C_2147482531] P=3.681096 Y=-34.206799 R=-2.528246
11-22 16:53:52.942 31580 31617 D UE4     : [2021.11.22-21.53.52:941][716]LogBlueprintUserMessages: [Quest2Pawn_C_2147482531] X=-3.837 Y=-7.330 Z=0.157
11-22 16:53:53.943 31580 31617 D UE4     : [2021.11.22-21.53.53:943][788]LogBlueprintUserMessages: [Quest2Pawn_C_2147482531] Printing Raw Sensor HMD values 
11-22 16:53:53.943 31580 31617 D UE4     : [2021.11.22-21.53.53:943][788]LogBlueprintUserMessages: [Quest2Pawn_C_2147482531] X=-0.124 Y=-0.257 Z=-0.163
11-22 16:53:53.943 31580 31617 D UE4     : [2021.11.22-21.53.53:943][788]LogBlueprintUserMessages: [Quest2Pawn_C_2147482531] X=-0.016 Y=-0.012 Z=0.034
11-22 16:53:53.943 31580 31617 D UE4     : [2021.11.22-21.53.53:943][788]LogBlueprintUserMessages: [Quest2Pawn_C_2147482531] X=0.001 Y=-0.001 Z=-0.000
11-22 16:53:53.943 31580 31617 D UE4     : [2021.11.22-21.53.53:943][788]LogBlueprintUserMessages: [Quest2Pawn_C_2147482531] X=0.000 Y=-0.000 Z=0.002
11-22 16:53:53.943 31580 31617 D UE4     : [2021.11.22-21.53.53:943][788]LogBlueprintUserMessages: [Quest2Pawn_C_2147482531] 387234.03125
11-22 16:53:53.943 31580 31617 D UE4     : [2021.11.22-21.53.53:943][788]LogBlueprintUserMessages: [Quest2Pawn_C_2147482531] P=3.680242 Y=-34.213982 R=-2.521655
11-22 16:53:53.944 31580 31617 D UE4     : [2021.11.22-21.53.53:944][788]LogBlueprintUserMessages: [Quest2Pawn_C_2147482531] X=-3.840 Y=-7.331 Z=0.156
11-22 16:53:54.946 31580 31617 D UE4     : [2021.11.22-21.53.54:946][860]LogBlueprintUserMessages: [Quest2Pawn_C_2147482531] Printing Raw Sensor HMD values 
11-22 16:53:54.946 31580 31617 D UE4     : [2021.11.22-21.53.54:946][860]LogBlueprintUserMessages: [Quest2Pawn_C_2147482531] X=-0.557 Y=0.075 Z=-0.180
11-22 16:53:54.946 31580 31617 D UE4     : [2021.11.22-21.53.54:946][860]LogBlueprintUserMessages: [Quest2Pawn_C_2147482531] X=-0.025 Y=0.018 Z=0.002
11-22 16:53:54.946 31580 31617 D UE4     : [2021.11.22-21.53.54:946][860]LogBlueprintUserMessages: [Quest2Pawn_C_2147482531] X=0.001 Y=-0.001 Z=-0.000
11-22 16:53:54.946 31580 31617 D UE4     : [2021.11.22-21.53.54:946][860]LogBlueprintUserMessages: [Quest2Pawn_C_2147482531] X=-0.000 Y=0.000 Z=0.002
11-22 16:53:54.946 31580 31617 D UE4     : [2021.11.22-21.53.54:946][860]LogBlueprintUserMessages: [Quest2Pawn_C_2147482531] 387235.03125
11-22 16:53:54.946 31580 31617 D UE4     : [2021.11.22-21.53.54:946][860]LogBlueprintUserMessages: [Quest2Pawn_C_2147482531] P=3.680195 Y=-34.213917 R=-2.519250
11-22 16:53:54.946 31580 31617 D UE4     : [2021.11.22-21.53.54:946][860]LogBlueprintUserMessages: [Quest2Pawn_C_2147482531] X=-3.845 Y=-7.323 Z=0.163
11-22 16:53:55.948 31580 31617 D UE4     : [2021.11.22-21.53.55:948][929]LogBlueprintUserMessages: [Quest2Pawn_C_2147482531] Printing Raw Sensor HMD values 
11-22 16:53:55.948 31580 31617 D UE4     : [2021.11.22-21.53.55:948][929]LogBlueprintUserMessages: [Quest2Pawn_C_2147482531] X=-0.008 Y=-0.125 Z=0.061
11-22 16:53:55.948 31580 31617 D UE4     : [2021.11.22-21.53.55:948][929]LogBlueprintUserMessages: [Quest2Pawn_C_2147482531] X=0.012 Y=-0.024 Z=0.043
11-22 16:53:55.949 31580 31617 D UE4     : [2021.11.22-21.53.55:948][929]LogBlueprintUserMessages: [Quest2Pawn_C_2147482531] X=-0.000 Y=0.000 Z=-0.000
11-22 16:53:55.949 31580 31617 D UE4     : [2021.11.22-21.53.55:949][929]LogBlueprintUserMessages: [Quest2Pawn_C_2147482531] X=-0.000 Y=-0.000 Z=0.002
11-22 16:53:55.949 31580 31617 D UE4     : [2021.11.22-21.53.55:949][929]LogBlueprintUserMessages: [Quest2Pawn_C_2147482531] 387236.03125
11-22 16:53:55.949 31580 31617 D UE4     : [2021.11.22-21.53.55:949][929]LogBlueprintUserMessages: [Quest2Pawn_C_2147482531] P=3.679354 Y=-34.215942 R=-2.523517
11-22 16:53:55.949 31580 31617 D UE4     : [2021.11.22-21.53.55:949][929]LogBlueprintUserMessages: [Quest2Pawn_C_2147482531] X=-3.842 Y=-7.325 Z=0.157
11-22 16:53:56.357 31580 31620 D UE4     : [GameActivity] Used memory: 452275 (VmRSS:	  197852 kB)
11-22 16:53:56.936 31580 31617 D UE4     : [2021.11.22-21.53.56:936][  0]LogBlueprintUserMessages: [Quest2Pawn_C_2147482531] Printing Raw Sensor HMD values 
11-22 16:53:56.936 31580 31617 D UE4     : [2021.11.22-21.53.56:936][  0]LogBlueprintUserMessages: [Quest2Pawn_C_2147482531] X=-0.609 Y=-0.005 Z=0.257
11-22 16:53:56.936 31580 31617 D UE4     : [2021.11.22-21.53.56:936][  0]LogBlueprintUserMessages: [Quest2Pawn_C_2147482531] X=-0.004 Y=0.037 Z=0.023
11-22 16:53:56.936 31580 31617 D UE4     : [2021.11.22-21.53.56:936][  0]LogBlueprintUserMessages: [Quest2Pawn_C_2147482531] X=-0.001 Y=-0.001 Z=0.001
11-22 16:53:56.936 31580 31617 D UE4     : [2021.11.22-21.53.56:936][  0]LogBlueprintUserMessages: [Quest2Pawn_C_2147482531] X=0.000 Y=-0.000 Z=0.002
11-22 16:53:56.936 31580 31617 D UE4     : [2021.11.22-21.53.56:936][  0]LogBlueprintUserMessages: [Quest2Pawn_C_2147482531] 387237.03125
11-22 16:53:56.936 31580 31617 D UE4     : [2021.11.22-21.53.56:936][  0]LogBlueprintUserMessages: [Quest2Pawn_C_2147482531] P=3.677715 Y=-34.218445 R=-2.524826
11-22 16:53:56.936 31580 31617 D UE4     : [2021.11.22-21.53.56:936][  0]LogBlueprintUserMessages: [Quest2Pawn_C_2147482531] X=-3.842 Y=-7.320 Z=0.153
11-22 16:53:57.938 31580 31617 D UE4     : [2021.11.22-21.53.57:938][ 72]LogBlueprintUserMessages: [Quest2Pawn_C_2147482531] Printing Raw Sensor HMD values 
11-22 16:53:57.938 31580 31617 D UE4     : [2021.11.22-21.53.57:938][ 72]LogBlueprintUserMessages: [Quest2Pawn_C_2147482531] X=-0.474 Y=0.045 Z=-0.203
11-22 16:53:57.938 31580 31617 D UE4     : [2021.11.22-21.53.57:938][ 72]LogBlueprintUserMessages: [Quest2Pawn_C_2147482531] X=0.014 Y=0.009 Z=0.015
11-22 16:53:57.939 31580 31617 D UE4     : [2021.11.22-21.53.57:939][ 72]LogBlueprintUserMessages: [Quest2Pawn_C_2147482531] X=-0.000 Y=0.000 Z=0.001
11-22 16:53:57.939 31580 31617 D UE4     : [2021.11.22-21.53.57:939][ 72]LogBlueprintUserMessages: [Quest2Pawn_C_2147482531] X=-0.000 Y=-0.000 Z=0.002
11-22 16:53:57.939 31580 31617 D UE4     : [2021.11.22-21.53.57:939][ 72]LogBlueprintUserMessages: [Quest2Pawn_C_2147482531] 387238.03125
11-22 16:53:57.939 31580 31617 D UE4     : [2021.11.22-21.53.57:939][ 72]LogBlueprintUserMessages: [Quest2Pawn_C_2147482531] P=3.680932 Y=-34.219200 R=-2.524244
11-22 16:53:57.939 31580 31617 D UE4     : [2021.11.22-21.53.57:939][ 72]LogBlueprintUserMessages: [Quest2Pawn_C_2147482531] X=-3.844 Y=-7.324 Z=0.155
11-22 16:53:58.941 31580 31617 D UE4     : [2021.11.22-21.53.58:941][144]LogBlueprintUserMessages: [Quest2Pawn_C_2147482531] Printing Raw Sensor HMD values 
11-22 16:53:58.941 31580 31617 D UE4     : [2021.11.22-21.53.58:941][144]LogBlueprintUserMessages: [Quest2Pawn_C_2147482531] X=-0.151 Y=-0.189 Z=-0.025
11-22 16:53:58.942 31580 31617 D UE4     : [2021.11.22-21.53.58:942][144]LogBlueprintUserMessages: [Quest2Pawn_C_2147482531] X=-0.014 Y=0.028 Z=0.036
11-22 16:53:58.942 31580 31617 D UE4     : [2021.11.22-21.53.58:942][144]LogBlueprintUserMessages: [Quest2Pawn_C_2147482531] X=-0.003 Y=-0.001 Z=-0.001
11-22 16:53:58.942 31580 31617 D UE4     : [2021.11.22-21.53.58:942][144]LogBlueprintUserMessages: [Quest2Pawn_C_2147482531] X=0.001 Y=-0.000 Z=0.002
11-22 16:53:58.942 31580 31617 D UE4     : [2021.11.22-21.53.58:942][144]LogBlueprintUserMessages: [Quest2Pawn_C_2147482531] 387239.03125
11-22 16:53:58.942 31580 31617 D UE4     : [2021.11.22-21.53.58:942][144]LogBlueprintUserMessages: [Quest2Pawn_C_2147482531] P=3.666582 Y=-34.208122 R=-2.528155
11-22 16:53:58.942 31580 31617 D UE4     : [2021.11.22-21.53.58:942][144]LogBlueprintUserMessages: [Quest2Pawn_C_2147482531] X=-3.838 Y=-7.318 Z=0.165
11-22 16:53:59.944 31580 31617 D UE4     : [2021.11.22-21.53.59:944][216]LogBlueprintUserMessages: [Quest2Pawn_C_2147482531] Printing Raw Sensor HMD values 
11-22 16:53:59.944 31580 31617 D UE4     : [2021.11.22-21.53.59:944][216]LogBlueprintUserMessages: [Quest2Pawn_C_2147482531] X=-0.069 Y=0.052 Z=0.329
11-22 16:53:59.944 31580 31617 D UE4     : [2021.11.22-21.53.59:944][216]LogBlueprintUserMessages: [Quest2Pawn_C_2147482531] X=-0.024 Y=0.034 Z=0.019
11-22 16:53:59.944 31580 31617 D UE4     : [2021.11.22-21.53.59:944][216]LogBlueprintUserMessages: [Quest2Pawn_C_2147482531] X=0.003 Y=0.001 Z=-0.001
11-22 16:53:59.944 31580 31617 D UE4     : [2021.11.22-21.53.59:944][216]LogBlueprintUserMessages: [Quest2Pawn_C_2147482531] X=-0.001 Y=0.000 Z=0.002
11-22 16:53:59.944 31580 31617 D UE4     : [2021.11.22-21.53.59:944][216]LogBlueprintUserMessages: [Quest2Pawn_C_2147482531] 387240.03125
11-22 16:53:59.945 31580 31617 D UE4     : [2021.11.22-21.53.59:944][216]LogBlueprintUserMessages: [Quest2Pawn_C_2147482531] P=3.685167 Y=-34.215858 R=-2.509905
11-22 16:53:59.945 31580 31617 D UE4     : [2021.11.22-21.53.59:945][216]LogBlueprintUserMessages: [Quest2Pawn_C_2147482531] X=-3.865 Y=-7.323 Z=0.166
11-22 16:54:00.892 31580 31617 D UE4     : [2021.11.22-21.54.00:892][288]LogBlueprintUserMessages: [Quest2Pawn_C_2147482531] Printing Raw Sensor HMD values 
11-22 16:54:00.892 31580 31617 D UE4     : [2021.11.22-21.54.00:892][288]LogBlueprintUserMessages: [Quest2Pawn_C_2147482531] X=-0.730 Y=-0.211 Z=0.172
11-22 16:54:00.892 31580 31617 D UE4     : [2021.11.22-21.54.00:892][288]LogBlueprintUserMessages: [Quest2Pawn_C_2147482531] X=-0.048 Y=0.049 Z=0.047
11-22 16:54:00.892 31580 31617 D UE4     : [2021.11.22-21.54.00:892][288]LogBlueprintUserMessages: [Quest2Pawn_C_2147482531] X=-0.000 Y=0.000 Z=0.001
11-22 16:54:00.892 31580 31617 D UE4     : [2021.11.22-21.54.00:892][288]LogBlueprintUserMessages: [Quest2Pawn_C_2147482531] X=-0.001 Y=0.000 Z=0.002
11-22 16:54:00.892 31580 31617 D UE4     : [2021.11.22-21.54.00:892][288]LogBlueprintUserMessages: [Quest2Pawn_C_2147482531] 387241.03125
11-22 16:54:00.892 31580 31617 D UE4     : [2021.11.22-21.54.00:892][288]LogBlueprintUserMessages: [Quest2Pawn_C_2147482531] P=3.677244 Y=-34.222359 R=-2.521201
11-22 16:54:00.892 31580 31617 D UE4     : [2021.11.22-21.54.00:892][288]LogBlueprintUserMessages: [Quest2Pawn_C_2147482531] X=-3.849 Y=-7.317 Z=0.159
11-22 16:54:01.227 31580 31603 V UE4     : [NetworkChangedManager] Network Capabilities changed, has Internet: true
11-22 16:54:01.234 31580   372 V UE4     : [NetworkChangedManager] Verifying internet connection with host: https://google.com/
11-22 16:54:01.710 31580   372 V UE4     : [NetworkChangedManager] Connectivity hasn't changed. Current state: CONNECTION_AVAILABLE
11-22 16:54:01.710 31580   372 V UE4     : [NetworkChangedManager] Full network check complete. State: CONNECTION_AVAILABLE
11-22 16:54:01.881 31580 31617 D UE4     : [2021.11.22-21.54.01:881][359]LogBlueprintUserMessages: [Quest2Pawn_C_2147482531] Printing Raw Sensor HMD values 
11-22 16:54:01.881 31580 31617 D UE4     : [2021.11.22-21.54.01:881][359]LogBlueprintUserMessages: [Quest2Pawn_C_2147482531] X=-0.064 Y=0.182 Z=0.260
11-22 16:54:01.881 31580 31617 D UE4     : [2021.11.22-21.54.01:881][359]LogBlueprintUserMessages: [Quest2Pawn_C_2147482531] X=-0.003 Y=0.045 Z=0.006
11-22 16:54:01.881 31580 31617 D UE4     : [2021.11.22-21.54.01:881][359]LogBlueprintUserMessages: [Quest2Pawn_C_2147482531] X=-0.000 Y=-0.002 Z=0.001
11-22 16:54:01.881 31580 31617 D UE4     : [2021.11.22-21.54.01:881][359]LogBlueprintUserMessages: [Quest2Pawn_C_2147482531] X=-0.000 Y=0.000 Z=0.002
11-22 16:54:01.882 31580 31617 D UE4     : [2021.11.22-21.54.01:881][359]LogBlueprintUserMessages: [Quest2Pawn_C_2147482531] 387242.03125
11-22 16:54:01.882 31580 31617 D UE4     : [2021.11.22-21.54.01:882][359]LogBlueprintUserMessages: [Quest2Pawn_C_2147482531] P=3.667238 Y=-34.221992 R=-2.513550
11-22 16:54:01.882 31580 31617 D UE4     : [2021.11.22-21.54.01:882][359]LogBlueprintUserMessages: [Quest2Pawn_C_2147482531] X=-3.848 Y=-7.313 Z=0.159
11-22 16:54:02.882 31580 31617 D UE4     : [2021.11.22-21.54.02:882][431]LogBlueprintUserMessages: [Quest2Pawn_C_2147482531] Printing Raw Sensor HMD values 
11-22 16:54:02.883 31580 31617 D UE4     : [2021.11.22-21.54.02:883][431]LogBlueprintUserMessages: [Quest2Pawn_C_2147482531] X=-0.076 Y=-0.377 Z=0.103
11-22 16:54:02.883 31580 31617 D UE4     : [2021.11.22-21.54.02:883][431]LogBlueprintUserMessages: [Quest2Pawn_C_2147482531] X=-0.018 Y=0.019 Z=0.063
11-22 16:54:02.883 31580 31617 D UE4     : [2021.11.22-21.54.02:883][431]LogBlueprintUserMessages: [Quest2Pawn_C_2147482531] X=0.001 Y=0.001 Z=-0.002
11-22 16:54:02.883 31580 31617 D UE4     : [2021.11.22-21.54.02:883][431]LogBlueprintUserMessages: [Quest2Pawn_C_2147482531] X=-0.000 Y=-0.000 Z=0.002
11-22 16:54:02.883 31580 31617 D UE4     : [2021.11.22-21.54.02:883][431]LogBlueprintUserMessages: [Quest2Pawn_C_2147482531] 387243.03125
11-22 16:54:02.883 31580 31617 D UE4     : [2021.11.22-21.54.02:883][431]LogBlueprintUserMessages: [Quest2Pawn_C_2147482531] P=3.684422 Y=-34.207848 R=-2.519930
11-22 16:54:02.883 31580 31617 D UE4     : [2021.11.22-21.54.02:883][431]LogBlueprintUserMessages: [Quest2Pawn_C_2147482531] X=-3.844 Y=-7.319 Z=0.154
11-22 16:54:03.885 31580 31617 D UE4     : [2021.11.22-21.54.03:885][503]LogBlueprintUserMessages: [Quest2Pawn_C_2147482531] Printing Raw Sensor HMD values 
11-22 16:54:03.885 31580 31617 D UE4     : [2021.11.22-21.54.03:885][503]LogBlueprintUserMessages: [Quest2Pawn_C_2147482531] X=0.118 Y=-0.344 Z=-0.162
11-22 16:54:03.885 31580 31617 D UE4     : [2021.11.22-21.54.03:885][503]LogBlueprintUserMessages: [Quest2Pawn_C_2147482531] X=-0.001 Y=-0.016 Z=0.039
11-22 16:54:03.885 31580 31617 D UE4     : [2021.11.22-21.54.03:885][503]LogBlueprintUserMessages: [Quest2Pawn_C_2147482531] X=-0.002 Y=-0.000 Z=-0.000
11-22 16:54:03.886 31580 31617 D UE4     : [2021.11.22-21.54.03:885][503]LogBlueprintUserMessages: [Quest2Pawn_C_2147482531] X=0.000 Y=0.000 Z=0.002
11-22 16:54:03.886 31580 31617 D UE4     : [2021.11.22-21.54.03:886][503]LogBlueprintUserMessages: [Quest2Pawn_C_2147482531] 387244.03125
11-22 16:54:03.886 31580 31617 D UE4     : [2021.11.22-21.54.03:886][503]LogBlueprintUserMessages: [Quest2Pawn_C_2147482531] P=3.671978 Y=-34.215462 R=-2.522496
11-22 16:54:03.886 31580 31617 D UE4     : [2021.11.22-21.54.03:886][503]LogBlueprintUserMessages: [Quest2Pawn_C_2147482531] X=-3.846 Y=-7.319 Z=0.164
11-22 16:54:04.254 31580 31603 V UE4     : [NetworkChangedManager] Network Capabilities changed, has Internet: true
11-22 16:54:04.258 31580   615 V UE4     : [NetworkChangedManager] Verifying internet connection with host: https://google.com/
11-22 16:54:04.738 31580   615 V UE4     : [NetworkChangedManager] Connectivity hasn't changed. Current state: CONNECTION_AVAILABLE
11-22 16:54:04.738 31580   615 V UE4     : [NetworkChangedManager] Full network check complete. State: CONNECTION_AVAILABLE
11-22 16:54:04.887 31580 31617 D UE4     : [2021.11.22-21.54.04:887][575]LogBlueprintUserMessages: [Quest2Pawn_C_2147482531] Printing Raw Sensor HMD values 
11-22 16:54:04.887 31580 31617 D UE4     : [2021.11.22-21.54.04:887][575]LogBlueprintUserMessages: [Quest2Pawn_C_2147482531] X=-0.324 Y=0.204 Z=0.288
11-22 16:54:04.888 31580 31617 D UE4     : [2021.11.22-21.54.04:887][575]LogBlueprintUserMessages: [Quest2Pawn_C_2147482531] X=0.011 Y=0.033 Z=0.002
11-22 16:54:04.888 31580 31617 D UE4     : [2021.11.22-21.54.04:888][575]LogBlueprintUserMessages: [Quest2Pawn_C_2147482531] X=0.000 Y=0.002 Z=-0.000
11-22 16:54:04.888 31580 31617 D UE4     : [2021.11.22-21.54.04:888][575]LogBlueprintUserMessages: [Quest2Pawn_C_2147482531] X=-0.001 Y=-0.000 Z=0.002
11-22 16:54:04.888 31580 31617 D UE4     : [2021.11.22-21.54.04:888][575]LogBlueprintUserMessages: [Quest2Pawn_C_2147482531] 387245.03125
11-22 16:54:04.888 31580 31617 D UE4     : [2021.11.22-21.54.04:888][575]LogBlueprintUserMessages: [Quest2Pawn_C_2147482531] P=3.684866 Y=-34.214535 R=-2.521173
11-22 16:54:04.888 31580 31617 D UE4     : [2021.11.22-21.54.04:888][575]LogBlueprintUserMessages: [Quest2Pawn_C_2147482531] X=-3.849 Y=-7.327 Z=0.158
11-22 16:54:05.891 31580 31617 D UE4     : [2021.11.22-21.54.05:890][647]LogBlueprintUserMessages: [Quest2Pawn_C_2147482531] Printing Raw Sensor HMD values 
11-22 16:54:05.891 31580 31617 D UE4     : [2021.11.22-21.54.05:891][647]LogBlueprintUserMessages: [Quest2Pawn_C_2147482531] X=-0.529 Y=-0.065 Z=0.761
11-22 16:54:05.891 31580 31617 D UE4     : [2021.11.22-21.54.05:891][647]LogBlueprintUserMessages: [Quest2Pawn_C_2147482531] X=0.023 Y=0.098 Z=0.031
11-22 16:54:05.891 31580 31617 D UE4     : [2021.11.22-21.54.05:891][647]LogBlueprintUserMessages: [Quest2Pawn_C_2147482531] X=-0.001 Y=-0.001 Z=-0.000
11-22 16:54:05.891 31580 31617 D UE4     : [2021.11.22-21.54.05:891][647]LogBlueprintUserMessages: [Quest2Pawn_C_2147482531] X=0.000 Y=-0.000 Z=0.002
11-22 16:54:05.891 31580 31617 D UE4     : [2021.11.22-21.54.05:891][647]LogBlueprintUserMessages: [Quest2Pawn_C_2147482531] 387246.03125
11-22 16:54:05.891 31580 31617 D UE4     : [2021.11.22-21.54.05:891][647]LogBlueprintUserMessages: [Quest2Pawn_C_2147482531] P=3.672784 Y=-34.214272 R=-2.516364
11-22 16:54:05.891 31580 31617 D UE4     : [2021.11.22-21.54.05:891][647]LogBlueprintUserMessages: [Quest2Pawn_C_2147482531] X=-3.842 Y=-7.322 Z=0.160
11-22 16:54:06.600 31580 31620 D UE4     : [GameActivity] Used memory: 453735 (VmRSS:	  198060 kB)
