11-22 16:54:45.893 31580 31617 D UE4     : [2021.11.22-21.54.45:893][516]LogBlueprintUserMessages: [Quest2Pawn_C_2147482531] Printing Raw Sensor HMD values 
11-22 16:54:45.894 31580 31617 D UE4     : [2021.11.22-21.54.45:893][516]LogBlueprintUserMessages: [Quest2Pawn_C_2147482531] X=0.522 Y=-0.154 Z=-0.313
11-22 16:54:45.894 31580 31617 D UE4     : [2021.11.22-21.54.45:894][516]LogBlueprintUserMessages: [Quest2Pawn_C_2147482531] X=0.046 Y=0.009 Z=0.048
11-22 16:54:45.894 31580 31617 D UE4     : [2021.11.22-21.54.45:894][516]LogBlueprintUserMessages: [Quest2Pawn_C_2147482531] X=0.004 Y=0.002 Z=-0.002
11-22 16:54:45.894 31580 31617 D UE4     : [2021.11.22-21.54.45:894][516]LogBlueprintUserMessages: [Quest2Pawn_C_2147482531] X=0.000 Y=-0.000 Z=0.002
11-22 16:54:45.894 31580 31617 D UE4     : [2021.11.22-21.54.45:894][516]LogBlueprintUserMessages: [Quest2Pawn_C_2147482531] 387286.03125
11-22 16:54:45.894 31580 31617 D UE4     : [2021.11.22-21.54.45:894][516]LogBlueprintUserMessages: [Quest2Pawn_C_2147482531] P=3.679696 Y=-34.190887 R=-2.536519
11-22 16:54:45.894 31580 31617 D UE4     : [2021.11.22-21.54.45:894][516]LogBlueprintUserMessages: [Quest2Pawn_C_2147482531] X=-3.847 Y=-7.322 Z=0.143
11-22 16:54:46.882 31580 31617 D UE4     : [2021.11.22-21.54.46:882][584]LogBlueprintUserMessages: [Quest2Pawn_C_2147482531] Printing Raw Sensor HMD values 
11-22 16:54:46.882 31580 31617 D UE4     : [2021.11.22-21.54.46:882][584]LogBlueprintUserMessages: [Quest2Pawn_C_2147482531] X=-0.155 Y=-0.347 Z=-0.368
11-22 16:54:46.882 31580 31617 D UE4     : [2021.11.22-21.54.46:882][584]LogBlueprintUserMessages: [Quest2Pawn_C_2147482531] X=-0.009 Y=-0.040 Z=0.055
11-22 16:54:46.883 31580 31617 D UE4     : [2021.11.22-21.54.46:883][584]LogBlueprintUserMessages: [Quest2Pawn_C_2147482531] X=0.001 Y=-0.001 Z=0.003
11-22 16:54:46.883 31580 31617 D UE4     : [2021.11.22-21.54.46:883][584]LogBlueprintUserMessages: [Quest2Pawn_C_2147482531] X=0.000 Y=0.000 Z=0.001
11-22 16:54:46.883 31580 31617 D UE4     : [2021.11.22-21.54.46:883][584]LogBlueprintUserMessages: [Quest2Pawn_C_2147482531] 387287.03125
11-22 16:54:46.883 31580 31617 D UE4     : [2021.11.22-21.54.46:883][584]LogBlueprintUserMessages: [Quest2Pawn_C_2147482531] P=3.660619 Y=-34.207794 R=-2.529493
11-22 16:54:46.883 31580 31617 D UE4     : [2021.11.22-21.54.46:883][584]LogBlueprintUserMessages: [Quest2Pawn_C_2147482531] X=-3.846 Y=-7.318 Z=0.140
11-22 16:54:47.883 31580 31617 D UE4     : [2021.11.22-21.54.47:883][656]LogBlueprintUserMessages: [Quest2Pawn_C_2147482531] Printing Raw Sensor HMD values 
11-22 16:54:47.883 31580 31617 D UE4     : [2021.11.22-21.54.47:883][656]LogBlueprintUserMessages: [Quest2Pawn_C_2147482531] X=-0.690 Y=-0.511 Z=-0.597
11-22 16:54:47.883 31580 31617 D UE4     : [2021.11.22-21.54.47:883][656]LogBlueprintUserMessages: [Quest2Pawn_C_2147482531] X=-0.049 Y=-0.024 Z=-0.091
11-22 16:54:47.883 31580 31617 D UE4     : [2021.11.22-21.54.47:883][656]LogBlueprintUserMessages: [Quest2Pawn_C_2147482531] X=0.001 Y=-0.003 Z=0.002
11-22 16:54:47.883 31580 31617 D UE4     : [2021.11.22-21.54.47:883][656]LogBlueprintUserMessages: [Quest2Pawn_C_2147482531] X=0.001 Y=-0.000 Z=0.002
11-22 16:54:47.883 31580 31617 D UE4     : [2021.11.22-21.54.47:883][656]LogBlueprintUserMessages: [Quest2Pawn_C_2147482531] 387288.03125
11-22 16:54:47.883 31580 31617 D UE4     : [2021.11.22-21.54.47:883][656]LogBlueprintUserMessages: [Quest2Pawn_C_2147482531] P=3.661746 Y=-34.208534 R=-2.526123
11-22 16:54:47.883 31580 31617 D UE4     : [2021.11.22-21.54.47:883][656]LogBlueprintUserMessages: [Quest2Pawn_C_2147482531] X=-3.837 Y=-7.328 Z=0.140
11-22 16:54:48.514 31580 31620 D UE4     : [GameActivity] Used memory: 452396 (VmRSS:	  198524 kB)
11-22 16:54:48.885 31580 31617 D UE4     : [2021.11.22-21.54.48:885][728]LogBlueprintUserMessages: [Quest2Pawn_C_2147482531] Printing Raw Sensor HMD values 
11-22 16:54:48.885 31580 31617 D UE4     : [2021.11.22-21.54.48:885][728]LogBlueprintUserMessages: [Quest2Pawn_C_2147482531] X=0.166 Y=0.036 Z=-0.299
11-22 16:54:48.885 31580 31617 D UE4     : [2021.11.22-21.54.48:885][728]LogBlueprintUserMessages: [Quest2Pawn_C_2147482531] X=-0.018 Y=-0.025 Z=0.021
11-22 16:54:48.886 31580 31617 D UE4     : [2021.11.22-21.54.48:886][728]LogBlueprintUserMessages: [Quest2Pawn_C_2147482531] X=-0.003 Y=-0.007 Z=0.001
11-22 16:54:48.886 31580 31617 D UE4     : [2021.11.22-21.54.48:886][728]LogBlueprintUserMessages: [Quest2Pawn_C_2147482531] X=0.000 Y=-0.001 Z=0.002
11-22 16:54:48.886 31580 31617 D UE4     : [2021.11.22-21.54.48:886][728]LogBlueprintUserMessages: [Quest2Pawn_C_2147482531] 387289.03125
11-22 16:54:48.886 31580 31617 D UE4     : [2021.11.22-21.54.48:886][728]LogBlueprintUserMessages: [Quest2Pawn_C_2147482531] P=3.626379 Y=-34.203049 R=-2.539374
11-22 16:54:48.886 31580 31617 D UE4     : [2021.11.22-21.54.48:886][728]LogBlueprintUserMessages: [Quest2Pawn_C_2147482531] X=-3.848 Y=-7.321 Z=0.139
11-22 16:54:49.485 31580 31603 V UE4     : [NetworkChangedManager] Network Capabilities changed, has Internet: true
11-22 16:54:49.488 31580  2687 V UE4     : [NetworkChangedManager] Verifying internet connection with host: https://google.com/
11-22 16:54:49.888 31580 31617 D UE4     : [2021.11.22-21.54.49:888][800]LogBlueprintUserMessages: [Quest2Pawn_C_2147482531] Printing Raw Sensor HMD values 
11-22 16:54:49.888 31580 31617 D UE4     : [2021.11.22-21.54.49:888][800]LogBlueprintUserMessages: [Quest2Pawn_C_2147482531] X=0.015 Y=-0.086 Z=-0.240
11-22 16:54:49.888 31580 31617 D UE4     : [2021.11.22-21.54.49:888][800]LogBlueprintUserMessages: [Quest2Pawn_C_2147482531] X=-0.048 Y=-0.006 Z=0.018
11-22 16:54:49.888 31580 31617 D UE4     : [2021.11.22-21.54.49:888][800]LogBlueprintUserMessages: [Quest2Pawn_C_2147482531] X=-0.000 Y=0.000 Z=-0.000
11-22 16:54:49.888 31580 31617 D UE4     : [2021.11.22-21.54.49:888][800]LogBlueprintUserMessages: [Quest2Pawn_C_2147482531] X=-0.000 Y=0.000 Z=0.002
11-22 16:54:49.888 31580 31617 D UE4     : [2021.11.22-21.54.49:888][800]LogBlueprintUserMessages: [Quest2Pawn_C_2147482531] 387290.03125
11-22 16:54:49.888 31580 31617 D UE4     : [2021.11.22-21.54.49:888][800]LogBlueprintUserMessages: [Quest2Pawn_C_2147482531] P=3.662935 Y=-34.197983 R=-2.542925
11-22 16:54:49.888 31580 31617 D UE4     : [2021.11.22-21.54.49:888][800]LogBlueprintUserMessages: [Quest2Pawn_C_2147482531] X=-3.852 Y=-7.316 Z=0.135
11-22 16:54:50.029 31580  2687 V UE4     : [NetworkChangedManager] Connectivity hasn't changed. Current state: CONNECTION_AVAILABLE
11-22 16:54:50.030 31580  2687 V UE4     : [NetworkChangedManager] Full network check complete. State: CONNECTION_AVAILABLE
11-22 16:54:50.891 31580 31617 D UE4     : [2021.11.22-21.54.50:891][872]LogBlueprintUserMessages: [Quest2Pawn_C_2147482531] Printing Raw Sensor HMD values 
11-22 16:54:50.891 31580 31617 D UE4     : [2021.11.22-21.54.50:891][872]LogBlueprintUserMessages: [Quest2Pawn_C_2147482531] X=-0.365 Y=-0.274 Z=0.269
11-22 16:54:50.891 31580 31617 D UE4     : [2021.11.22-21.54.50:891][872]LogBlueprintUserMessages: [Quest2Pawn_C_2147482531] X=0.019 Y=0.012 Z=0.035
11-22 16:54:50.891 31580 31617 D UE4     : [2021.11.22-21.54.50:891][872]LogBlueprintUserMessages: [Quest2Pawn_C_2147482531] X=-0.001 Y=-0.000 Z=-0.003
11-22 16:54:50.891 31580 31617 D UE4     : [2021.11.22-21.54.50:891][872]LogBlueprintUserMessages: [Quest2Pawn_C_2147482531] X=0.001 Y=0.000 Z=0.002
11-22 16:54:50.891 31580 31617 D UE4     : [2021.11.22-21.54.50:891][872]LogBlueprintUserMessages: [Quest2Pawn_C_2147482531] 387291.03125
11-22 16:54:50.891 31580 31617 D UE4     : [2021.11.22-21.54.50:891][872]LogBlueprintUserMessages: [Quest2Pawn_C_2147482531] P=3.660114 Y=-34.183117 R=-2.544366
11-22 16:54:50.892 31580 31617 D UE4     : [2021.11.22-21.54.50:892][872]LogBlueprintUserMessages: [Quest2Pawn_C_2147482531] X=-3.839 Y=-7.314 Z=0.144
11-22 16:54:51.893 31580 31617 D UE4     : [2021.11.22-21.54.51:893][944]LogBlueprintUserMessages: [Quest2Pawn_C_2147482531] Printing Raw Sensor HMD values 
11-22 16:54:51.894 31580 31617 D UE4     : [2021.11.22-21.54.51:894][944]LogBlueprintUserMessages: [Quest2Pawn_C_2147482531] X=-0.503 Y=-0.583 Z=0.227
11-22 16:54:51.894 31580 31617 D UE4     : [2021.11.22-21.54.51:894][944]LogBlueprintUserMessages: [Quest2Pawn_C_2147482531] X=0.083 Y=-0.058 Z=0.012
11-22 16:54:51.894 31580 31617 D UE4     : [2021.11.22-21.54.51:894][944]LogBlueprintUserMessages: [Quest2Pawn_C_2147482531] X=0.012 Y=-0.002 Z=-0.004
11-22 16:54:51.894 31580 31617 D UE4     : [2021.11.22-21.54.51:894][944]LogBlueprintUserMessages: [Quest2Pawn_C_2147482531] X=0.000 Y=0.001 Z=0.002
11-22 16:54:51.894 31580 31617 D UE4     : [2021.11.22-21.54.51:894][944]LogBlueprintUserMessages: [Quest2Pawn_C_2147482531] 387292.03125
11-22 16:54:51.894 31580 31617 D UE4     : [2021.11.22-21.54.51:894][944]LogBlueprintUserMessages: [Quest2Pawn_C_2147482531] P=3.697864 Y=-34.178802 R=-2.491655
11-22 16:54:51.894 31580 31617 D UE4     : [2021.11.22-21.54.51:894][944]LogBlueprintUserMessages: [Quest2Pawn_C_2147482531] X=-3.854 Y=-7.306 Z=0.138
11-22 16:54:52.881 31580 31617 D UE4     : [2021.11.22-21.54.52:881][ 15]LogBlueprintUserMessages: [Quest2Pawn_C_2147482531] Printing Raw Sensor HMD values 
11-22 16:54:52.881 31580 31617 D UE4     : [2021.11.22-21.54.52:881][ 15]LogBlueprintUserMessages: [Quest2Pawn_C_2147482531] X=0.133 Y=0.112 Z=0.105
11-22 16:54:52.882 31580 31617 D UE4     : [2021.11.22-21.54.52:882][ 15]LogBlueprintUserMessages: [Quest2Pawn_C_2147482531] X=-0.028 Y=0.003 Z=0.019
11-22 16:54:52.882 31580 31617 D UE4     : [2021.11.22-21.54.52:882][ 15]LogBlueprintUserMessages: [Quest2Pawn_C_2147482531] X=-0.003 Y=-0.004 Z=0.003
11-22 16:54:52.882 31580 31617 D UE4     : [2021.11.22-21.54.52:882][ 15]LogBlueprintUserMessages: [Quest2Pawn_C_2147482531] X=0.001 Y=0.001 Z=0.002
11-22 16:54:52.882 31580 31617 D UE4     : [2021.11.22-21.54.52:882][ 15]LogBlueprintUserMessages: [Quest2Pawn_C_2147482531] 387293.03125
11-22 16:54:52.882 31580 31617 D UE4     : [2021.11.22-21.54.52:882][ 15]LogBlueprintUserMessages: [Quest2Pawn_C_2147482531] P=3.638961 Y=-34.211010 R=-2.543775
11-22 16:54:52.882 31580 31617 D UE4     : [2021.11.22-21.54.52:882][ 15]LogBlueprintUserMessages: [Quest2Pawn_C_2147482531] X=-3.842 Y=-7.314 Z=0.141
11-22 16:54:53.884 31580 31617 D UE4     : [2021.11.22-21.54.53:884][ 87]LogBlueprintUserMessages: [Quest2Pawn_C_2147482531] Printing Raw Sensor HMD values 
11-22 16:54:53.884 31580 31617 D UE4     : [2021.11.22-21.54.53:884][ 87]LogBlueprintUserMessages: [Quest2Pawn_C_2147482531] X=0.256 Y=-0.306 Z=-0.240
11-22 16:54:53.884 31580 31617 D UE4     : [2021.11.22-21.54.53:884][ 87]LogBlueprintUserMessages: [Quest2Pawn_C_2147482531] X=0.004 Y=-0.028 Z=0.041
11-22 16:54:53.884 31580 31617 D UE4     : [2021.11.22-21.54.53:884][ 87]LogBlueprintUserMessages: [Quest2Pawn_C_2147482531] X=-0.001 Y=-0.002 Z=0.001
11-22 16:54:53.884 31580 31617 D UE4     : [2021.11.22-21.54.53:884][ 87]LogBlueprintUserMessages: [Quest2Pawn_C_2147482531] X=0.000 Y=0.000 Z=0.002
11-22 16:54:53.885 31580 31617 D UE4     : [2021.11.22-21.54.53:885][ 87]LogBlueprintUserMessages: [Quest2Pawn_C_2147482531] 387294.03125
11-22 16:54:53.885 31580 31617 D UE4     : [2021.11.22-21.54.53:885][ 87]LogBlueprintUserMessages: [Quest2Pawn_C_2147482531] P=3.654814 Y=-34.204521 R=-2.537528
11-22 16:54:53.885 31580 31617 D UE4     : [2021.11.22-21.54.53:885][ 87]LogBlueprintUserMessages: [Quest2Pawn_C_2147482531] X=-3.852 Y=-7.316 Z=0.137
11-22 16:54:54.886 31580 31617 D UE4     : [2021.11.22-21.54.54:886][159]LogBlueprintUserMessages: [Quest2Pawn_C_2147482531] Printing Raw Sensor HMD values 
11-22 16:54:54.886 31580 31617 D UE4     : [2021.11.22-21.54.54:886][159]LogBlueprintUserMessages: [Quest2Pawn_C_2147482531] X=0.212 Y=0.111 Z=-0.116
11-22 16:54:54.886 31580 31617 D UE4     : [2021.11.22-21.54.54:886][159]LogBlueprintUserMessages: [Quest2Pawn_C_2147482531] X=0.008 Y=-0.001 Z=0.016
11-22 16:54:54.887 31580 31617 D UE4     : [2021.11.22-21.54.54:887][159]LogBlueprintUserMessages: [Quest2Pawn_C_2147482531] X=0.001 Y=-0.001 Z=-0.001
11-22 16:54:54.887 31580 31617 D UE4     : [2021.11.22-21.54.54:887][159]LogBlueprintUserMessages: [Quest2Pawn_C_2147482531] X=-0.000 Y=0.000 Z=0.002
11-22 16:54:54.887 31580 31617 D UE4     : [2021.11.22-21.54.54:887][159]LogBlueprintUserMessages: [Quest2Pawn_C_2147482531] 387295.03125
11-22 16:54:54.887 31580 31617 D UE4     : [2021.11.22-21.54.54:887][159]LogBlueprintUserMessages: [Quest2Pawn_C_2147482531] P=3.663331 Y=-34.194469 R=-2.537420
11-22 16:54:54.887 31580 31617 D UE4     : [2021.11.22-21.54.54:887][159]LogBlueprintUserMessages: [Quest2Pawn_C_2147482531] X=-3.852 Y=-7.315 Z=0.137
11-22 16:54:55.889 31580 31617 D UE4     : [2021.11.22-21.54.55:889][231]LogBlueprintUserMessages: [Quest2Pawn_C_2147482531] Printing Raw Sensor HMD values 
11-22 16:54:55.889 31580 31617 D UE4     : [2021.11.22-21.54.55:889][231]LogBlueprintUserMessages: [Quest2Pawn_C_2147482531] X=0.252 Y=0.030 Z=0.137
11-22 16:54:55.889 31580 31617 D UE4     : [2021.11.22-21.54.55:889][231]LogBlueprintUserMessages: [Quest2Pawn_C_2147482531] X=-0.027 Y=0.017 Z=0.035
11-22 16:54:55.889 31580 31617 D UE4     : [2021.11.22-21.54.55:889][231]LogBlueprintUserMessages: [Quest2Pawn_C_2147482531] X=-0.001 Y=0.001 Z=-0.001
11-22 16:54:55.889 31580 31617 D UE4     : [2021.11.22-21.54.55:889][231]LogBlueprintUserMessages: [Quest2Pawn_C_2147482531] X=0.000 Y=-0.001 Z=0.002
11-22 16:54:55.889 31580 31617 D UE4     : [2021.11.22-21.54.55:889][231]LogBlueprintUserMessages: [Quest2Pawn_C_2147482531] 387296.03125
11-22 16:54:55.889 31580 31617 D UE4     : [2021.11.22-21.54.55:889][231]LogBlueprintUserMessages: [Quest2Pawn_C_2147482531] P=3.666193 Y=-34.193245 R=-2.543889
11-22 16:54:55.890 31580 31617 D UE4     : [2021.11.22-21.54.55:890][231]LogBlueprintUserMessages: [Quest2Pawn_C_2147482531] X=-3.843 Y=-7.330 Z=0.141
11-22 16:54:56.001 31580 31580 D UE4     : [GameActivity] Battery: status = 4, rawlevel = 90, scale = 100
11-22 16:54:56.001 31580 31580 D UE4     : nativeBatteryEvent(stat = 4, lvl = 90  temp = 37.20 C)
11-22 16:54:56.893 31580 31617 D UE4     : [2021.11.22-21.54.56:893][303]LogBlueprintUserMessages: [Quest2Pawn_C_2147482531] Printing Raw Sensor HMD values 
11-22 16:54:56.893 31580 31617 D UE4     : [2021.11.22-21.54.56:893][303]LogBlueprintUserMessages: [Quest2Pawn_C_2147482531] X=0.260 Y=0.269 Z=-0.026
11-22 16:54:56.893 31580 31617 D UE4     : [2021.11.22-21.54.56:893][303]LogBlueprintUserMessages: [Quest2Pawn_C_2147482531] X=-0.022 Y=-0.053 Z=0.019
11-22 16:54:56.893 31580 31617 D UE4     : [2021.11.22-21.54.56:893][303]LogBlueprintUserMessages: [Quest2Pawn_C_2147482531] X=0.006 Y=0.004 Z=0.001
11-22 16:54:56.893 31580 31617 D UE4     : [2021.11.22-21.54.56:893][303]LogBlueprintUserMessages: [Quest2Pawn_C_2147482531] X=-0.001 Y=-0.000 Z=0.001
11-22 16:54:56.894 31580 31617 D UE4     : [2021.11.22-21.54.56:894][303]LogBlueprintUserMessages: [Quest2Pawn_C_2147482531] 387297.03125
11-22 16:54:56.894 31580 31617 D UE4     : [2021.11.22-21.54.56:894][303]LogBlueprintUserMessages: [Quest2Pawn_C_2147482531] P=3.694101 Y=-34.200638 R=-2.485941
11-22 16:54:56.894 31580 31617 D UE4     : [2021.11.22-21.54.56:894][303]LogBlueprintUserMessages: [Quest2Pawn_C_2147482531] X=-3.859 Y=-7.321 Z=0.147
11-22 16:54:57.881 31580 31617 D UE4     : [2021.11.22-21.54.57:881][374]LogBlueprintUserMessages: [Quest2Pawn_C_2147482531] Printing Raw Sensor HMD values 
11-22 16:54:57.882 31580 31617 D UE4     : [2021.11.22-21.54.57:881][374]LogBlueprintUserMessages: [Quest2Pawn_C_2147482531] X=-0.559 Y=0.080 Z=-0.138
11-22 16:54:57.882 31580 31617 D UE4     : [2021.11.22-21.54.57:882][374]LogBlueprintUserMessages: [Quest2Pawn_C_2147482531] X=-0.018 Y=0.010 Z=0.011
11-22 16:54:57.882 31580 31617 D UE4     : [2021.11.22-21.54.57:882][374]LogBlueprintUserMessages: [Quest2Pawn_C_2147482531] X=0.002 Y=-0.001 Z=-0.000
11-22 16:54:57.882 31580 31617 D UE4     : [2021.11.22-21.54.57:882][374]LogBlueprintUserMessages: [Quest2Pawn_C_2147482531] X=-0.000 Y=0.000 Z=0.001
11-22 16:54:57.882 31580 31617 D UE4     : [2021.11.22-21.54.57:882][374]LogBlueprintUserMessages: [Quest2Pawn_C_2147482531] 387298.03125
11-22 16:54:57.882 31580 31617 D UE4     : [2021.11.22-21.54.57:882][374]LogBlueprintUserMessages: [Quest2Pawn_C_2147482531] P=3.676868 Y=-34.204090 R=-2.497622
11-22 16:54:57.882 31580 31617 D UE4     : [2021.11.22-21.54.57:882][374]LogBlueprintUserMessages: [Quest2Pawn_C_2147482531] X=-3.854 Y=-7.305 Z=0.137
11-22 16:54:58.883 31580 31617 D UE4     : [2021.11.22-21.54.58:883][446]LogBlueprintUserMessages: [Quest2Pawn_C_2147482531] Printing Raw Sensor HMD values 
11-22 16:54:58.883 31580 31617 D UE4     : [2021.11.22-21.54.58:883][446]LogBlueprintUserMessages: [Quest2Pawn_C_2147482531] X=-0.231 Y=-0.019 Z=-0.441
11-22 16:54:58.883 31580 31617 D UE4     : [2021.11.22-21.54.58:883][446]LogBlueprintUserMessages: [Quest2Pawn_C_2147482531] X=-0.019 Y=-0.022 Z=0.007
11-22 16:54:58.883 31580 31617 D UE4     : [2021.11.22-21.54.58:883][446]LogBlueprintUserMessages: [Quest2Pawn_C_2147482531] X=0.002 Y=-0.001 Z=0.002
11-22 16:54:58.883 31580 31617 D UE4     : [2021.11.22-21.54.58:883][446]LogBlueprintUserMessages: [Quest2Pawn_C_2147482531] X=0.000 Y=0.000 Z=0.002
11-22 16:54:58.884 31580 31617 D UE4     : [2021.11.22-21.54.58:884][446]LogBlueprintUserMessages: [Quest2Pawn_C_2147482531] 387299.03125
11-22 16:54:58.884 31580 31617 D UE4     : [2021.11.22-21.54.58:884][446]LogBlueprintUserMessages: [Quest2Pawn_C_2147482531] P=3.674361 Y=-34.213657 R=-2.504526
11-22 16:54:58.884 31580 31617 D UE4     : [2021.11.22-21.54.58:884][446]LogBlueprintUserMessages: [Quest2Pawn_C_2147482531] X=-3.858 Y=-7.310 Z=0.148
11-22 16:54:59.211 31580 31620 D UE4     : [GameActivity] Used memory: 452424 (VmRSS:	  198528 kB)
11-22 16:54:59.886 31580 31617 D UE4     : [2021.11.22-21.54.59:886][518]LogBlueprintUserMessages: [Quest2Pawn_C_2147482531] Printing Raw Sensor HMD values 
11-22 16:54:59.886 31580 31617 D UE4     : [2021.11.22-21.54.59:886][518]LogBlueprintUserMessages: [Quest2Pawn_C_2147482531] X=0.162 Y=0.173 Z=0.274
11-22 16:54:59.886 31580 31617 D UE4     : [2021.11.22-21.54.59:886][518]LogBlueprintUserMessages: [Quest2Pawn_C_2147482531] X=0.014 Y=0.020 Z=-0.011
11-22 16:54:59.886 31580 31617 D UE4     : [2021.11.22-21.54.59:886][518]LogBlueprintUserMessages: [Quest2Pawn_C_2147482531] X=-0.001 Y=-0.001 Z=-0.000
11-22 16:54:59.886 31580 31617 D UE4     : [2021.11.22-21.54.59:886][518]LogBlueprintUserMessages: [Quest2Pawn_C_2147482531] X=-0.001 Y=-0.000 Z=0.002
11-22 16:54:59.887 31580 31617 D UE4     : [2021.11.22-21.54.59:887][518]LogBlueprintUserMessages: [Quest2Pawn_C_2147482531] 387300.03125
11-22 16:54:59.887 31580 31617 D UE4     : [2021.11.22-21.54.59:887][518]LogBlueprintUserMessages: [Quest2Pawn_C_2147482531] P=3.673166 Y=-34.198341 R=-2.511471
11-22 16:54:59.887 31580 31617 D UE4     : [2021.11.22-21.54.59:887][518]LogBlueprintUserMessages: [Quest2Pawn_C_2147482531] X=-3.862 Y=-7.321 Z=0.139
11-22 16:55:00.888 31580 31617 D UE4     : [2021.11.22-21.55.00:888][590]LogBlueprintUserMessages: [Quest2Pawn_C_2147482531] Printing Raw Sensor HMD values 
11-22 16:55:00.888 31580 31617 D UE4     : [2021.11.22-21.55.00:888][590]LogBlueprintUserMessages: [Quest2Pawn_C_2147482531] X=-0.211 Y=-0.115 Z=0.350
11-22 16:55:00.888 31580 31617 D UE4     : [2021.11.22-21.55.00:888][590]LogBlueprintUserMessages: [Quest2Pawn_C_2147482531] X=-0.008 Y=0.038 Z=0.019
11-22 16:55:00.888 31580 31617 D UE4     : [2021.11.22-21.55.00:888][590]LogBlueprintUserMessages: [Quest2Pawn_C_2147482531] X=0.001 Y=-0.001 Z=-0.000
11-22 16:55:00.888 31580 31617 D UE4     : [2021.11.22-21.55.00:888][590]LogBlueprintUserMessages: [Quest2Pawn_C_2147482531] X=-0.001 Y=-0.000 Z=0.002
11-22 16:55:00.888 31580 31617 D UE4     : [2021.11.22-21.55.00:888][590]LogBlueprintUserMessages: [Quest2Pawn_C_2147482531] 387301.03125
11-22 16:55:00.888 31580 31617 D UE4     : [2021.11.22-21.55.00:888][590]LogBlueprintUserMessages: [Quest2Pawn_C_2147482531] P=3.683412 Y=-34.194695 R=-2.507482
11-22 16:55:00.888 31580 31617 D UE4     : [2021.11.22-21.55.00:888][590]LogBlueprintUserMessages: [Quest2Pawn_C_2147482531] X=-3.864 Y=-7.319 Z=0.134
11-22 16:55:01.890 31580 31617 D UE4     : [2021.11.22-21.55.01:890][662]LogBlueprintUserMessages: [Quest2Pawn_C_2147482531] Printing Raw Sensor HMD values 
11-22 16:55:01.890 31580 31617 D UE4     : [2021.11.22-21.55.01:890][662]LogBlueprintUserMessages: [Quest2Pawn_C_2147482531] X=-0.244 Y=0.109 Z=-0.105
11-22 16:55:01.890 31580 31617 D UE4     : [2021.11.22-21.55.01:890][662]LogBlueprintUserMessages: [Quest2Pawn_C_2147482531] X=0.003 Y=-0.005 Z=0.044
11-22 16:55:01.890 31580 31617 D UE4     : [2021.11.22-21.55.01:890][662]LogBlueprintUserMessages: [Quest2Pawn_C_2147482531] X=-0.002 Y=0.001 Z=-0.002
11-22 16:55:01.890 31580 31617 D UE4     : [2021.11.22-21.55.01:890][662]LogBlueprintUserMessages: [Quest2Pawn_C_2147482531] X=-0.001 Y=0.000 Z=0.002
11-22 16:55:01.890 31580 31617 D UE4     : [2021.11.22-21.55.01:890][662]LogBlueprintUserMessages: [Quest2Pawn_C_2147482531] 387302.03125
11-22 16:55:01.891 31580 31617 D UE4     : [2021.11.22-21.55.01:891][662]LogBlueprintUserMessages: [Quest2Pawn_C_2147482531] P=3.684600 Y=-34.187546 R=-2.524059
11-22 16:55:01.891 31580 31617 D UE4     : [2021.11.22-21.55.01:891][662]LogBlueprintUserMessages: [Quest2Pawn_C_2147482531] X=-3.856 Y=-7.311 Z=0.137
11-22 16:55:02.894 31580 31617 D UE4     : [2021.11.22-21.55.02:894][734]LogBlueprintUserMessages: [Quest2Pawn_C_2147482531] Printing Raw Sensor HMD values 
11-22 16:55:02.894 31580 31617 D UE4     : [2021.11.22-21.55.02:894][734]LogBlueprintUserMessages: [Quest2Pawn_C_2147482531] X=-0.212 Y=-0.116 Z=0.052
11-22 16:55:02.894 31580 31617 D UE4     : [2021.11.22-21.55.02:894][734]LogBlueprintUserMessages: [Quest2Pawn_C_2147482531] X=-0.022 Y=-0.002 Z=0.025
11-22 16:55:02.894 31580 31617 D UE4     : [2021.11.22-21.55.02:894][734]LogBlueprintUserMessages: [Quest2Pawn_C_2147482531] X=-0.000 Y=0.002 Z=-0.000
11-22 16:55:02.895 31580 31617 D UE4     : [2021.11.22-21.55.02:894][734]LogBlueprintUserMessages: [Quest2Pawn_C_2147482531] X=-0.000 Y=-0.000 Z=0.002
11-22 16:55:02.895 31580 31617 D UE4     : [2021.11.22-21.55.02:895][734]LogBlueprintUserMessages: [Quest2Pawn_C_2147482531] 387303.03125
11-22 16:55:02.895 31580 31617 D UE4     : [2021.11.22-21.55.02:895][734]LogBlueprintUserMessages: [Quest2Pawn_C_2147482531] P=3.688732 Y=-34.194756 R=-2.519723
11-22 16:55:02.895 31580 31617 D UE4     : [2021.11.22-21.55.02:895][734]LogBlueprintUserMessages: [Quest2Pawn_C_2147482531] X=-3.849 Y=-7.321 Z=0.144
11-22 16:55:03.881 31580 31617 D UE4     : [2021.11.22-21.55.03:881][805]LogBlueprintUserMessages: [Quest2Pawn_C_2147482531] Printing Raw Sensor HMD values 
11-22 16:55:03.881 31580 31617 D UE4     : [2021.11.22-21.55.03:881][805]LogBlueprintUserMessages: [Quest2Pawn_C_2147482531] X=-0.077 Y=0.043 Z=0.215
11-22 16:55:03.881 31580 31617 D UE4     : [2021.11.22-21.55.03:881][805]LogBlueprintUserMessages: [Quest2Pawn_C_2147482531] X=0.001 Y=0.018 Z=0.019
11-22 16:55:03.881 31580 31617 D UE4     : [2021.11.22-21.55.03:881][805]LogBlueprintUserMessages: [Quest2Pawn_C_2147482531] X=0.000 Y=0.002 Z=0.001
11-22 16:55:03.882 31580 31617 D UE4     : [2021.11.22-21.55.03:882][805]LogBlueprintUserMessages: [Quest2Pawn_C_2147482531] X=-0.001 Y=-0.000 Z=0.001
11-22 16:55:03.882 31580 31617 D UE4     : [2021.11.22-21.55.03:882][805]LogBlueprintUserMessages: [Quest2Pawn_C_2147482531] 387304.03125
11-22 16:55:03.882 31580 31617 D UE4     : [2021.11.22-21.55.03:882][805]LogBlueprintUserMessages: [Quest2Pawn_C_2147482531] P=3.689900 Y=-34.202148 R=-2.520227
11-22 16:55:03.882 31580 31617 D UE4     : [2021.11.22-21.55.03:882][805]LogBlueprintUserMessages: [Quest2Pawn_C_2147482531] X=-3.869 Y=-7.304 Z=0.133
11-22 16:55:04.582 31580 31603 V UE4     : [NetworkChangedManager] Network Capabilities changed, has Internet: true
11-22 16:55:04.585 31580  3124 V UE4     : [NetworkChangedManager] Verifying internet connection with host: https://google.com/
11-22 16:55:04.883 31580 31617 D UE4     : [2021.11.22-21.55.04:883][877]LogBlueprintUserMessages: [Quest2Pawn_C_2147482531] Printing Raw Sensor HMD values 
11-22 16:55:04.883 31580 31617 D UE4     : [2021.11.22-21.55.04:883][877]LogBlueprintUserMessages: [Quest2Pawn_C_2147482531] X=0.253 Y=0.165 Z=-0.271
11-22 16:55:04.884 31580 31617 D UE4     : [2021.11.22-21.55.04:883][877]LogBlueprintUserMessages: [Quest2Pawn_C_2147482531] X=0.007 Y=-0.021 Z=-0.009
11-22 16:55:04.884 31580 31617 D UE4     : [2021.11.22-21.55.04:884][877]LogBlueprintUserMessages: [Quest2Pawn_C_2147482531] X=-0.000 Y=0.000 Z=-0.000
11-22 16:55:04.884 31580 31617 D UE4     : [2021.11.22-21.55.04:884][877]LogBlueprintUserMessages: [Quest2Pawn_C_2147482531] X=-0.000 Y=-0.000 Z=0.002
11-22 16:55:04.884 31580 31617 D UE4     : [2021.11.22-21.55.04:884][877]LogBlueprintUserMessages: [Quest2Pawn_C_2147482531] 387305.03125
11-22 16:55:04.884 31580 31617 D UE4     : [2021.11.22-21.55.04:884][877]LogBlueprintUserMessages: [Quest2Pawn_C_2147482531] P=3.678630 Y=-34.197853 R=-2.511122
11-22 16:55:04.884 31580 31617 D UE4     : [2021.11.22-21.55.04:884][877]LogBlueprintUserMessages: [Quest2Pawn_C_2147482531] X=-3.858 Y=-7.311 Z=0.136
11-22 16:55:05.276 31580  3124 V UE4     : [NetworkChangedManager] Connectivity hasn't changed. Current state: CONNECTION_AVAILABLE
11-22 16:55:05.276 31580  3124 V UE4     : [NetworkChangedManager] Full network check complete. State: CONNECTION_AVAILABLE
11-22 16:55:05.886 31580 31617 D UE4     : [2021.11.22-21.55.05:886][949]LogBlueprintUserMessages: [Quest2Pawn_C_2147482531] Printing Raw Sensor HMD values 
11-22 16:55:05.886 31580 31617 D UE4     : [2021.11.22-21.55.05:886][949]LogBlueprintUserMessages: [Quest2Pawn_C_2147482531] X=0.005 Y=0.153 Z=-0.035
11-22 16:55:05.886 31580 31617 D UE4     : [2021.11.22-21.55.05:886][949]LogBlueprintUserMessages: [Quest2Pawn_C_2147482531] X=-0.006 Y=-0.000 Z=0.004
11-22 16:55:05.886 31580 31617 D UE4     : [2021.11.22-21.55.05:886][949]LogBlueprintUserMessages: [Quest2Pawn_C_2147482531] X=-0.001 Y=0.001 Z=0.001
11-22 16:55:05.886 31580 31617 D UE4     : [2021.11.22-21.55.05:886][949]LogBlueprintUserMessages: [Quest2Pawn_C_2147482531] X=-0.000 Y=0.000 Z=0.002
11-22 16:55:05.886 31580 31617 D UE4     : [2021.11.22-21.55.05:886][949]LogBlueprintUserMessages: [Quest2Pawn_C_2147482531] 387306.03125
11-22 16:55:05.887 31580 31617 D UE4     : [2021.11.22-21.55.05:886][949]LogBlueprintUserMessages: [Quest2Pawn_C_2147482531] P=3.677415 Y=-34.201839 R=-2.515580
11-22 16:55:05.887 31580 31617 D UE4     : [2021.11.22-21.55.05:887][949]LogBlueprintUserMessages: [Quest2Pawn_C_2147482531] X=-3.864 Y=-7.307 Z=0.137
11-22 16:55:06.889 31580 31617 D UE4     : [2021.11.22-21.55.06:889][ 21]LogBlueprintUserMessages: [Quest2Pawn_C_2147482531] Printing Raw Sensor HMD values 
11-22 16:55:06.889 31580 31617 D UE4     : [2021.11.22-21.55.06:889][ 21]LogBlueprintUserMessages: [Quest2Pawn_C_2147482531] X=-0.134 Y=0.247 Z=0.084
11-22 16:55:06.889 31580 31617 D UE4     : [2021.11.22-21.55.06:889][ 21]LogBlueprintUserMessages: [Quest2Pawn_C_2147482531] X=-0.006 Y=0.008 Z=0.009
11-22 16:55:06.889 31580 31617 D UE4     : [2021.11.22-21.55.06:889][ 21]LogBlueprintUserMessages: [Quest2Pawn_C_2147482531] X=-0.001 Y=-0.002 Z=0.001
11-22 16:55:06.889 31580 31617 D UE4     : [2021.11.22-21.55.06:889][ 21]LogBlueprintUserMessages: [Quest2Pawn_C_2147482531] X=-0.000 Y=0.000 Z=0.002
11-22 16:55:06.889 31580 31617 D UE4     : [2021.11.22-21.55.06:889][ 21]LogBlueprintUserMessages: [Quest2Pawn_C_2147482531] 387307.03125
11-22 16:55:06.889 31580 31617 D UE4     : [2021.11.22-21.55.06:889][ 21]LogBlueprintUserMessages: [Quest2Pawn_C_2147482531] P=3.667928 Y=-34.199654 R=-2.508149
11-22 16:55:06.890 31580 31617 D UE4     : [2021.11.22-21.55.06:890][ 21]LogBlueprintUserMessages: [Quest2Pawn_C_2147482531] X=-3.857 Y=-7.305 Z=0.146
11-22 16:55:07.891 31580 31617 D UE4     : [2021.11.22-21.55.07:891][ 93]LogBlueprintUserMessages: [Quest2Pawn_C_2147482531] Printing Raw Sensor HMD values 
11-22 16:55:07.891 31580 31617 D UE4     : [2021.11.22-21.55.07:891][ 93]LogBlueprintUserMessages: [Quest2Pawn_C_2147482531] X=-0.545 Y=-0.190 Z=0.090
11-22 16:55:07.892 31580 31617 D UE4     : [2021.11.22-21.55.07:891][ 93]LogBlueprintUserMessages: [Quest2Pawn_C_2147482531] X=-0.024 Y=0.050 Z=0.023
11-22 16:55:07.892 31580 31617 D UE4     : [2021.11.22-21.55.07:892][ 93]LogBlueprintUserMessages: [Quest2Pawn_C_2147482531] X=0.002 Y=0.000 Z=-0.002
11-22 16:55:07.892 31580 31617 D UE4     : [2021.11.22-21.55.07:892][ 93]LogBlueprintUserMessages: [Quest2Pawn_C_2147482531] X=-0.000 Y=-0.000 Z=0.002
11-22 16:55:07.892 31580 31617 D UE4     : [2021.11.22-21.55.07:892][ 93]LogBlueprintUserMessages: [Quest2Pawn_C_2147482531] 387308.03125
11-22 16:55:07.892 31580 31617 D UE4     : [2021.11.22-21.55.07:892][ 93]LogBlueprintUserMessages: [Quest2Pawn_C_2147482531] P=3.682039 Y=-34.187077 R=-2.502600
11-22 16:55:07.892 31580 31617 D UE4     : [2021.11.22-21.55.07:892][ 93]LogBlueprintUserMessages: [Quest2Pawn_C_2147482531] X=-3.852 Y=-7.309 Z=0.150
11-22 16:55:08.893 31580 31617 D UE4     : [2021.11.22-21.55.08:893][165]LogBlueprintUserMessages: [Quest2Pawn_C_2147482531] Printing Raw Sensor HMD values 
11-22 16:55:08.894 31580 31617 D UE4     : [2021.11.22-21.55.08:894][165]LogBlueprintUserMessages: [Quest2Pawn_C_2147482531] X=-0.561 Y=0.034 Z=0.461
11-22 16:55:08.894 31580 31617 D UE4     : [2021.11.22-21.55.08:894][165]LogBlueprintUserMessages: [Quest2Pawn_C_2147482531] X=0.002 Y=0.051 Z=0.006
11-22 16:55:08.894 31580 31617 D UE4     : [2021.11.22-21.55.08:894][165]LogBlueprintUserMessages: [Quest2Pawn_C_2147482531] X=0.001 Y=0.000 Z=-0.000
11-22 16:55:08.894 31580 31617 D UE4     : [2021.11.22-21.55.08:894][165]LogBlueprintUserMessages: [Quest2Pawn_C_2147482531] X=-0.000 Y=-0.000 Z=0.002
11-22 16:55:08.894 31580 31617 D UE4     : [2021.11.22-21.55.08:894][165]LogBlueprintUserMessages: [Quest2Pawn_C_2147482531] 387309.03125
11-22 16:55:08.894 31580 31617 D UE4     : [2021.11.22-21.55.08:894][165]LogBlueprintUserMessages: [Quest2Pawn_C_2147482531] P=3.684634 Y=-34.192627 R=-2.504448
11-22 16:55:08.894 31580 31617 D UE4     : [2021.11.22-21.55.08:894][165]LogBlueprintUserMessages: [Quest2Pawn_C_2147482531] X=-3.852 Y=-7.312 Z=0.140
11-22 16:55:09.516 31580 31620 D UE4     : [GameActivity] Used memory: 452972 (VmRSS:	  198528 kB)
11-22 16:55:09.883 31580 31617 D UE4     : [2021.11.22-21.55.09:883][236]LogBlueprintUserMessages: [Quest2Pawn_C_2147482531] Printing Raw Sensor HMD values 
11-22 16:55:09.883 31580 31617 D UE4     : [2021.11.22-21.55.09:883][236]LogBlueprintUserMessages: [Quest2Pawn_C_2147482531] X=0.333 Y=-0.121 Z=0.190
11-22 16:55:09.883 31580 31617 D UE4     : [2021.11.22-21.55.09:883][236]LogBlueprintUserMessages: [Quest2Pawn_C_2147482531] X=-0.010 Y=-0.011 Z=0.059
11-22 16:55:09.883 31580 31617 D UE4     : [2021.11.22-21.55.09:883][236]LogBlueprintUserMessages: [Quest2Pawn_C_2147482531] X=-0.002 Y=-0.000 Z=-0.000
11-22 16:55:09.883 31580 31617 D UE4     : [2021.11.22-21.55.09:883][236]LogBlueprintUserMessages: [Quest2Pawn_C_2147482531] X=-0.000 Y=-0.000 Z=0.002
11-22 16:55:09.883 31580 31617 D UE4     : [2021.11.22-21.55.09:883][236]LogBlueprintUserMessages: [Quest2Pawn_C_2147482531] 387310.03125
11-22 16:55:09.884 31580 31617 D UE4     : [2021.11.22-21.55.09:884][236]LogBlueprintUserMessages: [Quest2Pawn_C_2147482531] P=3.675065 Y=-34.194431 R=-2.513395
11-22 16:55:09.884 31580 31617 D UE4     : [2021.11.22-21.55.09:884][236]LogBlueprintUserMessages: [Quest2Pawn_C_2147482531] X=-3.844 Y=-7.315 Z=0.144
11-22 16:55:10.884 31580 31617 D UE4     : [2021.11.22-21.55.10:884][308]LogBlueprintUserMessages: [Quest2Pawn_C_2147482531] Printing Raw Sensor HMD values 
11-22 16:55:10.885 31580 31617 D UE4     : [2021.11.22-21.55.10:885][308]LogBlueprintUserMessages: [Quest2Pawn_C_2147482531] X=0.343 Y=-0.124 Z=-0.367
11-22 16:55:10.885 31580 31617 D UE4     : [2021.11.22-21.55.10:885][308]LogBlueprintUserMessages: [Quest2Pawn_C_2147482531] X=-0.017 Y=-0.050 Z=0.061
11-22 16:55:10.885 31580 31617 D UE4     : [2021.11.22-21.55.10:885][308]LogBlueprintUserMessages: [Quest2Pawn_C_2147482531] X=-0.001 Y=0.001 Z=-0.001
11-22 16:55:10.885 31580 31617 D UE4     : [2021.11.22-21.55.10:885][308]LogBlueprintUserMessages: [Quest2Pawn_C_2147482531] X=-0.000 Y=-0.000 Z=0.001
11-22 16:55:10.885 31580 31617 D UE4     : [2021.11.22-21.55.10:885][308]LogBlueprintUserMessages: [Quest2Pawn_C_2147482531] 387311.03125
11-22 16:55:10.885 31580 31617 D UE4     : [2021.11.22-21.55.10:885][308]LogBlueprintUserMessages: [Quest2Pawn_C_2147482531] P=3.677319 Y=-34.190262 R=-2.513854
11-22 16:55:10.885 31580 31617 D UE4     : [2021.11.22-21.55.10:885][308]LogBlueprintUserMessages: [Quest2Pawn_C_2147482531] X=-3.858 Y=-7.311 Z=0.132
11-22 16:55:11.887 31580 31617 D UE4     : [2021.11.22-21.55.11:887][380]LogBlueprintUserMessages: [Quest2Pawn_C_2147482531] Printing Raw Sensor HMD values 
11-22 16:55:11.887 31580 31617 D UE4     : [2021.11.22-21.55.11:887][380]LogBlueprintUserMessages: [Quest2Pawn_C_2147482531] X=-0.130 Y=-0.405 Z=-0.378
11-22 16:55:11.887 31580 31617 D UE4     : [2021.11.22-21.55.11:887][380]LogBlueprintUserMessages: [Quest2Pawn_C_2147482531] X=-0.023 Y=-0.020 Z=0.073
11-22 16:55:11.887 31580 31617 D UE4     : [2021.11.22-21.55.11:887][380]LogBlueprintUserMessages: [Quest2Pawn_C_2147482531] X=-0.000 Y=0.000 Z=-0.000
11-22 16:55:11.887 31580 31617 D UE4     : [2021.11.22-21.55.11:887][380]LogBlueprintUserMessages: [Quest2Pawn_C_2147482531] X=-0.000 Y=-0.000 Z=0.002
11-22 16:55:11.887 31580 31617 D UE4     : [2021.11.22-21.55.11:887][380]LogBlueprintUserMessages: [Quest2Pawn_C_2147482531] 387312.03125
11-22 16:55:11.887 31580 31617 D UE4     : [2021.11.22-21.55.11:887][380]LogBlueprintUserMessages: [Quest2Pawn_C_2147482531] P=3.681410 Y=-34.192009 R=-2.513782
11-22 16:55:11.888 31580 31617 D UE4     : [2021.11.22-21.55.11:888][380]LogBlueprintUserMessages: [Quest2Pawn_C_2147482531] X=-3.853 Y=-7.313 Z=0.133
11-22 16:55:12.329 31580 31580 D UE4     : [GameActivity] Battery: status = 4, rawlevel = 90, scale = 100
11-22 16:55:12.330 31580 31580 D UE4     : nativeBatteryEvent(stat = 4, lvl = 90  temp = 37.50 C)
11-22 16:55:12.890 31580 31617 D UE4     : [2021.11.22-21.55.12:890][452]LogBlueprintUserMessages: [Quest2Pawn_C_2147482531] Printing Raw Sensor HMD values 
11-22 16:55:12.890 31580 31617 D UE4     : [2021.11.22-21.55.12:890][452]LogBlueprintUserMessages: [Quest2Pawn_C_2147482531] X=-0.151 Y=-0.574 Z=0.091
11-22 16:55:12.890 31580 31617 D UE4     : [2021.11.22-21.55.12:890][452]LogBlueprintUserMessages: [Quest2Pawn_C_2147482531] X=-0.032 Y=0.022 Z=0.067
11-22 16:55:12.890 31580 31617 D UE4     : [2021.11.22-21.55.12:890][452]LogBlueprintUserMessages: [Quest2Pawn_C_2147482531] X=0.001 Y=-0.001 Z=-0.001
11-22 16:55:12.890 31580 31617 D UE4     : [2021.11.22-21.55.12:890][452]LogBlueprintUserMessages: [Quest2Pawn_C_2147482531] X=-0.000 Y=0.000 Z=0.001
11-22 16:55:12.890 31580 31617 D UE4     : [2021.11.22-21.55.12:890][452]LogBlueprintUserMessages: [Quest2Pawn_C_2147482531] 387313.03125
11-22 16:55:12.890 31580 31617 D UE4     : [2021.11.22-21.55.12:890][452]LogBlueprintUserMessages: [Quest2Pawn_C_2147482531] P=3.682387 Y=-34.193165 R=-2.505304
11-22 16:55:12.890 31580 31617 D UE4     : [2021.11.22-21.55.12:890][452]LogBlueprintUserMessages: [Quest2Pawn_C_2147482531] X=-3.847 Y=-7.304 Z=0.133
11-22 16:55:13.637 31580 31603 V UE4     : [NetworkChangedManager] Network Capabilities changed, has Internet: true
11-22 16:55:13.641 31580  3423 V UE4     : [NetworkChangedManager] Verifying internet connection with host: https://google.com/
11-22 16:55:13.892 31580 31617 D UE4     : [2021.11.22-21.55.13:892][524]LogBlueprintUserMessages: [Quest2Pawn_C_2147482531] Printing Raw Sensor HMD values 
11-22 16:55:13.892 31580 31617 D UE4     : [2021.11.22-21.55.13:892][524]LogBlueprintUserMessages: [Quest2Pawn_C_2147482531] X=0.003 Y=0.092 Z=0.083
11-22 16:55:13.893 31580 31617 D UE4     : [2021.11.22-21.55.13:892][524]LogBlueprintUserMessages: [Quest2Pawn_C_2147482531] X=-0.000 Y=0.015 Z=0.015
11-22 16:55:13.893 31580 31617 D UE4     : [2021.11.22-21.55.13:893][524]LogBlueprintUserMessages: [Quest2Pawn_C_2147482531] X=0.001 Y=0.000 Z=0.001
11-22 16:55:13.893 31580 31617 D UE4     : [2021.11.22-21.55.13:893][524]LogBlueprintUserMessages: [Quest2Pawn_C_2147482531] X=-0.000 Y=0.000 Z=0.002
11-22 16:55:13.893 31580 31617 D UE4     : [2021.11.22-21.55.13:893][524]LogBlueprintUserMessages: [Quest2Pawn_C_2147482531] 387314.03125
11-22 16:55:13.893 31580 31617 D UE4     : [2021.11.22-21.55.13:893][524]LogBlueprintUserMessages: [Quest2Pawn_C_2147482531] P=3.684019 Y=-34.200237 R=-2.501092
11-22 16:55:13.893 31580 31617 D UE4     : [2021.11.22-21.55.13:893][524]LogBlueprintUserMessages: [Quest2Pawn_C_2147482531] X=-3.858 Y=-7.305 Z=0.136
11-22 16:55:14.122 31580  3423 V UE4     : [NetworkChangedManager] Connectivity hasn't changed. Current state: CONNECTION_AVAILABLE
11-22 16:55:14.122 31580  3423 V UE4     : [NetworkChangedManager] Full network check complete. State: CONNECTION_AVAILABLE
11-22 16:55:14.881 31580 31617 D UE4     : [2021.11.22-21.55.14:881][595]LogBlueprintUserMessages: [Quest2Pawn_C_2147482531] Printing Raw Sensor HMD values 
11-22 16:55:14.881 31580 31617 D UE4     : [2021.11.22-21.55.14:881][595]LogBlueprintUserMessages: [Quest2Pawn_C_2147482531] X=-0.006 Y=0.011 Z=0.388
11-22 16:55:14.881 31580 31617 D UE4     : [2021.11.22-21.55.14:881][595]LogBlueprintUserMessages: [Quest2Pawn_C_2147482531] X=0.014 Y=0.021 Z=0.060
11-22 16:55:14.881 31580 31617 D UE4     : [2021.11.22-21.55.14:881][595]LogBlueprintUserMessages: [Quest2Pawn_C_2147482531] X=-0.002 Y=-0.001 Z=-0.000
11-22 16:55:14.881 31580 31617 D UE4     : [2021.11.22-21.55.14:881][595]LogBlueprintUserMessages: [Quest2Pawn_C_2147482531] X=-0.000 Y=0.000 Z=0.002
11-22 16:55:14.881 31580 31617 D UE4     : [2021.11.22-21.55.14:881][595]LogBlueprintUserMessages: [Quest2Pawn_C_2147482531] 387315.03125
11-22 16:55:14.881 31580 31617 D UE4     : [2021.11.22-21.55.14:881][595]LogBlueprintUserMessages: [Quest2Pawn_C_2147482531] P=3.671466 Y=-34.194725 R=-2.514041
11-22 16:55:14.882 31580 31617 D UE4     : [2021.11.22-21.55.14:882][595]LogBlueprintUserMessages: [Quest2Pawn_C_2147482531] X=-3.849 Y=-7.309 Z=0.143
11-22 16:55:15.883 31580 31617 D UE4     : [2021.11.22-21.55.15:883][667]LogBlueprintUserMessages: [Quest2Pawn_C_2147482531] Printing Raw Sensor HMD values 
11-22 16:55:15.883 31580 31617 D UE4     : [2021.11.22-21.55.15:883][667]LogBlueprintUserMessages: [Quest2Pawn_C_2147482531] X=0.030 Y=-0.017 Z=0.008
11-22 16:55:15.883 31580 31617 D UE4     : [2021.11.22-21.55.15:883][667]LogBlueprintUserMessages: [Quest2Pawn_C_2147482531] X=0.000 Y=-0.023 Z=0.043
11-22 16:55:15.883 31580 31617 D UE4     : [2021.11.22-21.55.15:883][667]LogBlueprintUserMessages: [Quest2Pawn_C_2147482531] X=0.001 Y=0.000 Z=-0.000
11-22 16:55:15.883 31580 31617 D UE4     : [2021.11.22-21.55.15:883][667]LogBlueprintUserMessages: [Quest2Pawn_C_2147482531] X=0.000 Y=-0.000 Z=0.002
11-22 16:55:15.884 31580 31617 D UE4     : [2021.11.22-21.55.15:884][667]LogBlueprintUserMessages: [Quest2Pawn_C_2147482531] 387316.03125
11-22 16:55:15.884 31580 31617 D UE4     : [2021.11.22-21.55.15:884][667]LogBlueprintUserMessages: [Quest2Pawn_C_2147482531] P=3.686512 Y=-34.195328 R=-2.505873
11-22 16:55:15.884 31580 31617 D UE4     : [2021.11.22-21.55.15:884][667]LogBlueprintUserMessages: [Quest2Pawn_C_2147482531] X=-3.849 Y=-7.310 Z=0.147
11-22 16:55:16.887 31580 31617 D UE4     : [2021.11.22-21.55.16:887][739]LogBlueprintUserMessages: [Quest2Pawn_C_2147482531] Printing Raw Sensor HMD values 
11-22 16:55:16.887 31580 31617 D UE4     : [2021.11.22-21.55.16:887][739]LogBlueprintUserMessages: [Quest2Pawn_C_2147482531] X=-0.478 Y=0.201 Z=0.520
11-22 16:55:16.887 31580 31617 D UE4     : [2021.11.22-21.55.16:887][739]LogBlueprintUserMessages: [Quest2Pawn_C_2147482531] X=0.006 Y=0.059 Z=0.013
11-22 16:55:16.887 31580 31617 D UE4     : [2021.11.22-21.55.16:887][739]LogBlueprintUserMessages: [Quest2Pawn_C_2147482531] X=-0.000 Y=0.000 Z=-0.000
11-22 16:55:16.887 31580 31617 D UE4     : [2021.11.22-21.55.16:887][739]LogBlueprintUserMessages: [Quest2Pawn_C_2147482531] X=-0.000 Y=0.000 Z=0.002
11-22 16:55:16.887 31580 31617 D UE4     : [2021.11.22-21.55.16:887][739]LogBlueprintUserMessages: [Quest2Pawn_C_2147482531] 387317.03125
11-22 16:55:16.888 31580 31617 D UE4     : [2021.11.22-21.55.16:888][739]LogBlueprintUserMessages: [Quest2Pawn_C_2147482531] P=3.685843 Y=-34.196869 R=-2.511107
11-22 16:55:16.888 31580 31617 D UE4     : [2021.11.22-21.55.16:888][739]LogBlueprintUserMessages: [Quest2Pawn_C_2147482531] X=-3.855 Y=-7.306 Z=0.132
11-22 16:55:17.889 31580 31617 D UE4     : [2021.11.22-21.55.17:889][811]LogBlueprintUserMessages: [Quest2Pawn_C_2147482531] Printing Raw Sensor HMD values 
11-22 16:55:17.889 31580 31617 D UE4     : [2021.11.22-21.55.17:889][811]LogBlueprintUserMessages: [Quest2Pawn_C_2147482531] X=0.362 Y=0.233 Z=-0.555
11-22 16:55:17.889 31580 31617 D UE4     : [2021.11.22-21.55.17:889][811]LogBlueprintUserMessages: [Quest2Pawn_C_2147482531] X=0.017 Y=-0.058 Z=0.021
11-22 16:55:17.890 31580 31617 D UE4     : [2021.11.22-21.55.17:890][811]LogBlueprintUserMessages: [Quest2Pawn_C_2147482531] X=0.001 Y=-0.001 Z=0.001
11-22 16:55:17.890 31580 31617 D UE4     : [2021.11.22-21.55.17:890][811]LogBlueprintUserMessages: [Quest2Pawn_C_2147482531] X=-0.000 Y=0.000 Z=0.002
11-22 16:55:17.890 31580 31617 D UE4     : [2021.11.22-21.55.17:890][811]LogBlueprintUserMessages: [Quest2Pawn_C_2147482531] 387318.03125
11-22 16:55:17.890 31580 31617 D UE4     : [2021.11.22-21.55.17:890][811]LogBlueprintUserMessages: [Quest2Pawn_C_2147482531] P=3.687537 Y=-34.202068 R=-2.510284
11-22 16:55:17.890 31580 31617 D UE4     : [2021.11.22-21.55.17:890][811]LogBlueprintUserMessages: [Quest2Pawn_C_2147482531] X=-3.852 Y=-7.306 Z=0.132
11-22 16:55:18.892 31580 31617 D UE4     : [2021.11.22-21.55.18:892][883]LogBlueprintUserMessages: [Quest2Pawn_C_2147482531] Printing Raw Sensor HMD values 
11-22 16:55:18.892 31580 31617 D UE4     : [2021.11.22-21.55.18:892][883]LogBlueprintUserMessages: [Quest2Pawn_C_2147482531] X=-0.396 Y=-0.425 Z=0.144
11-22 16:55:18.892 31580 31617 D UE4     : [2021.11.22-21.55.18:892][883]LogBlueprintUserMessages: [Quest2Pawn_C_2147482531] X=-0.002 Y=0.024 Z=0.099
11-22 16:55:18.892 31580 31617 D UE4     : [2021.11.22-21.55.18:892][883]LogBlueprintUserMessages: [Quest2Pawn_C_2147482531] X=-0.001 Y=0.001 Z=0.001
11-22 16:55:18.892 31580 31617 D UE4     : [2021.11.22-21.55.18:892][883]LogBlueprintUserMessages: [Quest2Pawn_C_2147482531] X=-0.000 Y=-0.000 Z=0.002
11-22 16:55:18.893 31580 31617 D UE4     : [2021.11.22-21.55.18:893][883]LogBlueprintUserMessages: [Quest2Pawn_C_2147482531] 387319.03125
11-22 16:55:18.893 31580 31617 D UE4     : [2021.11.22-21.55.18:893][883]LogBlueprintUserMessages: [Quest2Pawn_C_2147482531] P=3.690085 Y=-34.202835 R=-2.520753
11-22 16:55:18.893 31580 31617 D UE4     : [2021.11.22-21.55.18:893][883]LogBlueprintUserMessages: [Quest2Pawn_C_2147482531] X=-3.854 Y=-7.309 Z=0.125
11-22 16:55:19.880 31580 31620 D UE4     : [GameActivity] Used memory: 453248 (VmRSS:	  198528 kB)
11-22 16:55:19.894 31580 31617 D UE4     : [2021.11.22-21.55.19:894][955]LogBlueprintUserMessages: [Quest2Pawn_C_2147482531] Printing Raw Sensor HMD values 
11-22 16:55:19.894 31580 31617 D UE4     : [2021.11.22-21.55.19:894][955]LogBlueprintUserMessages: [Quest2Pawn_C_2147482531] X=0.107 Y=-0.131 Z=0.011
11-22 16:55:19.894 31580 31617 D UE4     : [2021.11.22-21.55.19:894][955]LogBlueprintUserMessages: [Quest2Pawn_C_2147482531] X=-0.013 Y=-0.010 Z=0.030
11-22 16:55:19.894 31580 31617 D UE4     : [2021.11.22-21.55.19:894][955]LogBlueprintUserMessages: [Quest2Pawn_C_2147482531] X=-0.001 Y=0.001 Z=-0.000
11-22 16:55:19.895 31580 31617 D UE4     : [2021.11.22-21.55.19:895][955]LogBlueprintUserMessages: [Quest2Pawn_C_2147482531] X=-0.000 Y=-0.000 Z=0.001
11-22 16:55:19.895 31580 31617 D UE4     : [2021.11.22-21.55.19:895][955]LogBlueprintUserMessages: [Quest2Pawn_C_2147482531] 387320.03125
11-22 16:55:19.895 31580 31617 D UE4     : [2021.11.22-21.55.19:895][955]LogBlueprintUserMessages: [Quest2Pawn_C_2147482531] P=3.685467 Y=-34.194157 R=-2.520407
11-22 16:55:19.895 31580 31617 D UE4     : [2021.11.22-21.55.19:895][955]LogBlueprintUserMessages: [Quest2Pawn_C_2147482531] X=-3.857 Y=-7.308 Z=0.126
11-22 16:55:20.883 31580 31617 D UE4     : [2021.11.22-21.55.20:883][ 26]LogBlueprintUserMessages: [Quest2Pawn_C_2147482531] Printing Raw Sensor HMD values 
11-22 16:55:20.883 31580 31617 D UE4     : [2021.11.22-21.55.20:883][ 26]LogBlueprintUserMessages: [Quest2Pawn_C_2147482531] X=-0.141 Y=0.191 Z=0.303
11-22 16:55:20.883 31580 31617 D UE4     : [2021.11.22-21.55.20:883][ 26]LogBlueprintUserMessages: [Quest2Pawn_C_2147482531] X=0.008 Y=0.020 Z=-0.004
11-22 16:55:20.883 31580 31617 D UE4     : [2021.11.22-21.55.20:883][ 26]LogBlueprintUserMessages: [Quest2Pawn_C_2147482531] X=-0.000 Y=0.000 Z=0.001
11-22 16:55:20.883 31580 31617 D UE4     : [2021.11.22-21.55.20:883][ 26]LogBlueprintUserMessages: [Quest2Pawn_C_2147482531] X=-0.001 Y=-0.000 Z=0.002
11-22 16:55:20.883 31580 31617 D UE4     : [2021.11.22-21.55.20:883][ 26]LogBlueprintUserMessages: [Quest2Pawn_C_2147482531] 387321.03125
11-22 16:55:20.884 31580 31617 D UE4     : [2021.11.22-21.55.20:883][ 26]LogBlueprintUserMessages: [Quest2Pawn_C_2147482531] P=3.686547 Y=-34.201069 R=-2.515032
11-22 16:55:20.884 31580 31617 D UE4     : [2021.11.22-21.55.20:884][ 26]LogBlueprintUserMessages: [Quest2Pawn_C_2147482531] X=-3.860 Y=-7.310 Z=0.128
11-22 16:55:21.884 31580 31617 D UE4     : [2021.11.22-21.55.21:884][ 98]LogBlueprintUserMessages: [Quest2Pawn_C_2147482531] Printing Raw Sensor HMD values 
11-22 16:55:21.884 31580 31617 D UE4     : [2021.11.22-21.55.21:884][ 98]LogBlueprintUserMessages: [Quest2Pawn_C_2147482531] X=-0.093 Y=0.345 Z=0.047
11-22 16:55:21.884 31580 31617 D UE4     : [2021.11.22-21.55.21:884][ 98]LogBlueprintUserMessages: [Quest2Pawn_C_2147482531] X=0.029 Y=0.008 Z=-0.011
11-22 16:55:21.884 31580 31617 D UE4     : [2021.11.22-21.55.21:884][ 98]LogBlueprintUserMessages: [Quest2Pawn_C_2147482531] X=-0.001 Y=-0.001 Z=0.001
11-22 16:55:21.884 31580 31617 D UE4     : [2021.11.22-21.55.21:884][ 98]LogBlueprintUserMessages: [Quest2Pawn_C_2147482531] X=0.000 Y=-0.000 Z=0.002
11-22 16:55:21.885 31580 31617 D UE4     : [2021.11.22-21.55.21:885][ 98]LogBlueprintUserMessages: [Quest2Pawn_C_2147482531] 387322.03125
11-22 16:55:21.885 31580 31617 D UE4     : [2021.11.22-21.55.21:885][ 98]LogBlueprintUserMessages: [Quest2Pawn_C_2147482531] P=3.681397 Y=-34.201077 R=-2.510841
11-22 16:55:21.885 31580 31617 D UE4     : [2021.11.22-21.55.21:885][ 98]LogBlueprintUserMessages: [Quest2Pawn_C_2147482531] X=-3.854 Y=-7.306 Z=0.131
11-22 16:55:22.887 31580 31617 D UE4     : [2021.11.22-21.55.22:886][170]LogBlueprintUserMessages: [Quest2Pawn_C_2147482531] Printing Raw Sensor HMD values 
11-22 16:55:22.887 31580 31617 D UE4     : [2021.11.22-21.55.22:887][170]LogBlueprintUserMessages: [Quest2Pawn_C_2147482531] X=0.248 Y=0.156 Z=-0.338
11-22 16:55:22.887 31580 31617 D UE4     : [2021.11.22-21.55.22:887][170]LogBlueprintUserMessages: [Quest2Pawn_C_2147482531] X=-0.003 Y=-0.034 Z=0.038
11-22 16:55:22.887 31580 31617 D UE4     : [2021.11.22-21.55.22:887][170]LogBlueprintUserMessages: [Quest2Pawn_C_2147482531] X=-0.002 Y=-0.000 Z=-0.000
11-22 16:55:22.887 31580 31617 D UE4     : [2021.11.22-21.55.22:887][170]LogBlueprintUserMessages: [Quest2Pawn_C_2147482531] X=-0.000 Y=-0.000 Z=0.002
11-22 16:55:22.887 31580 31617 D UE4     : [2021.11.22-21.55.22:887][170]LogBlueprintUserMessages: [Quest2Pawn_C_2147482531] 387323.03125
11-22 16:55:22.887 31580 31617 D UE4     : [2021.11.22-21.55.22:887][170]LogBlueprintUserMessages: [Quest2Pawn_C_2147482531] P=3.679443 Y=-34.194981 R=-2.516594
11-22 16:55:22.887 31580 31617 D UE4     : [2021.11.22-21.55.22:887][170]LogBlueprintUserMessages: [Quest2Pawn_C_2147482531] X=-3.857 Y=-7.306 Z=0.132
11-22 16:55:23.889 31580 31617 D UE4     : [2021.11.22-21.55.23:889][242]LogBlueprintUserMessages: [Quest2Pawn_C_2147482531] Printing Raw Sensor HMD values 
11-22 16:55:23.890 31580 31617 D UE4     : [2021.11.22-21.55.23:890][242]LogBlueprintUserMessages: [Quest2Pawn_C_2147482531] X=0.018 Y=-0.195 Z=-0.119
11-22 16:55:23.890 31580 31617 D UE4     : [2021.11.22-21.55.23:890][242]LogBlueprintUserMessages: [Quest2Pawn_C_2147482531] X=-0.011 Y=-0.018 Z=0.052
11-22 16:55:23.890 31580 31617 D UE4     : [2021.11.22-21.55.23:890][242]LogBlueprintUserMessages: [Quest2Pawn_C_2147482531] X=-0.000 Y=0.002 Z=0.001
11-22 16:55:23.890 31580 31617 D UE4     : [2021.11.22-21.55.23:890][242]LogBlueprintUserMessages: [Quest2Pawn_C_2147482531] X=-0.000 Y=-0.000 Z=0.001
11-22 16:55:23.890 31580 31617 D UE4     : [2021.11.22-21.55.23:890][242]LogBlueprintUserMessages: [Quest2Pawn_C_2147482531] 387324.03125
11-22 16:55:23.890 31580 31617 D UE4     : [2021.11.22-21.55.23:890][242]LogBlueprintUserMessages: [Quest2Pawn_C_2147482531] P=3.691860 Y=-34.199726 R=-2.519578
11-22 16:55:23.890 31580 31617 D UE4     : [2021.11.22-21.55.23:890][242]LogBlueprintUserMessages: [Quest2Pawn_C_2147482531] X=-3.861 Y=-7.305 Z=0.124
11-22 16:55:24.893 31580 31617 D UE4     : [2021.11.22-21.55.24:893][314]LogBlueprintUserMessages: [Quest2Pawn_C_2147482531] Printing Raw Sensor HMD values 
11-22 16:55:24.893 31580 31617 D UE4     : [2021.11.22-21.55.24:893][314]LogBlueprintUserMessages: [Quest2Pawn_C_2147482531] X=0.235 Y=0.098 Z=-0.266
11-22 16:55:24.894 31580 31617 D UE4     : [2021.11.22-21.55.24:893][314]LogBlueprintUserMessages: [Quest2Pawn_C_2147482531] X=-0.002 Y=-0.030 Z=0.029
